Archive member included to satisfy reference by file (symbol)

c:/program files (x86)/atmel/studio/7.0/toolchain/arm/arm-gnu-toolchain/bin/../lib/gcc/arm-none-eabi/5.3.1/../../../../arm-none-eabi/lib/armv7e-m\libc.a(lib_a-exit.o)
                              c:/program files (x86)/atmel/studio/7.0/toolchain/arm/arm-gnu-toolchain/bin/../lib/gcc/arm-none-eabi/5.3.1/../../../../arm-none-eabi/lib/armv7e-m/crt0.o (exit)
c:/program files (x86)/atmel/studio/7.0/toolchain/arm/arm-gnu-toolchain/bin/../lib/gcc/arm-none-eabi/5.3.1/../../../../arm-none-eabi/lib/armv7e-m\libc.a(lib_a-impure.o)
                              c:/program files (x86)/atmel/studio/7.0/toolchain/arm/arm-gnu-toolchain/bin/../lib/gcc/arm-none-eabi/5.3.1/../../../../arm-none-eabi/lib/armv7e-m\libc.a(lib_a-exit.o) (_global_impure_ptr)
c:/program files (x86)/atmel/studio/7.0/toolchain/arm/arm-gnu-toolchain/bin/../lib/gcc/arm-none-eabi/5.3.1/../../../../arm-none-eabi/lib/armv7e-m\libc.a(lib_a-init.o)
                              c:/program files (x86)/atmel/studio/7.0/toolchain/arm/arm-gnu-toolchain/bin/../lib/gcc/arm-none-eabi/5.3.1/../../../../arm-none-eabi/lib/armv7e-m/crt0.o (__libc_init_array)
c:/program files (x86)/atmel/studio/7.0/toolchain/arm/arm-gnu-toolchain/bin/../lib/gcc/arm-none-eabi/5.3.1/../../../../arm-none-eabi/lib/armv7e-m\libc.a(lib_a-memcpy.o)
                              src/ASF/common/drivers/nvm/sam/sam_nvm.o (memcpy)
c:/program files (x86)/atmel/studio/7.0/toolchain/arm/arm-gnu-toolchain/bin/../lib/gcc/arm-none-eabi/5.3.1/../../../../arm-none-eabi/lib/armv7e-m\libc.a(lib_a-memset.o)
                              c:/program files (x86)/atmel/studio/7.0/toolchain/arm/arm-gnu-toolchain/bin/../lib/gcc/arm-none-eabi/5.3.1/../../../../arm-none-eabi/lib/armv7e-m/crt0.o (memset)
c:/program files (x86)/atmel/studio/7.0/toolchain/arm/arm-gnu-toolchain/bin/../lib/gcc/arm-none-eabi/5.3.1/../../../../arm-none-eabi/lib/armv7e-m\libc.a(lib_a-__call_atexit.o)
                              c:/program files (x86)/atmel/studio/7.0/toolchain/arm/arm-gnu-toolchain/bin/../lib/gcc/arm-none-eabi/5.3.1/../../../../arm-none-eabi/lib/armv7e-m\libc.a(lib_a-exit.o) (__call_exitprocs)
c:/program files (x86)/atmel/studio/7.0/toolchain/arm/arm-gnu-toolchain/bin/../lib/gcc/arm-none-eabi/5.3.1/../../../../arm-none-eabi/lib/armv7e-m\libc.a(lib_a-atexit.o)
                              c:/program files (x86)/atmel/studio/7.0/toolchain/arm/arm-gnu-toolchain/bin/../lib/gcc/arm-none-eabi/5.3.1/../../../../arm-none-eabi/lib/armv7e-m\libc.a(lib_a-__call_atexit.o) (atexit)
c:/program files (x86)/atmel/studio/7.0/toolchain/arm/arm-gnu-toolchain/bin/../lib/gcc/arm-none-eabi/5.3.1/../../../../arm-none-eabi/lib/armv7e-m\libc.a(lib_a-fini.o)
                              c:/program files (x86)/atmel/studio/7.0/toolchain/arm/arm-gnu-toolchain/bin/../lib/gcc/arm-none-eabi/5.3.1/../../../../arm-none-eabi/lib/armv7e-m\libc.a(lib_a-__call_atexit.o) (__libc_fini_array)
c:/program files (x86)/atmel/studio/7.0/toolchain/arm/arm-gnu-toolchain/bin/../lib/gcc/arm-none-eabi/5.3.1/../../../../arm-none-eabi/lib/armv7e-m\libc.a(lib_a-__atexit.o)
                              c:/program files (x86)/atmel/studio/7.0/toolchain/arm/arm-gnu-toolchain/bin/../lib/gcc/arm-none-eabi/5.3.1/../../../../arm-none-eabi/lib/armv7e-m\libc.a(lib_a-atexit.o) (__register_exitproc)

Allocating common symbols
Common symbol       size              file

rs485PdcBase        0x4               src/rs485pdc.o
rs485RxBuffer       0x7d0             src/main.o
rs485PdcPkt         0x8               src/rs485pdc.o
pio_capture_enable_flag
                    0x4               src/ASF/sam/drivers/pio/pio.o
rs485TxBuffer       0x7d0             src/main.o

Discarded input sections

 .text          0x00000000        0x0 c:/program files (x86)/atmel/studio/7.0/toolchain/arm/arm-gnu-toolchain/bin/../lib/gcc/arm-none-eabi/5.3.1/armv7e-m/crti.o
 .data          0x00000000        0x0 c:/program files (x86)/atmel/studio/7.0/toolchain/arm/arm-gnu-toolchain/bin/../lib/gcc/arm-none-eabi/5.3.1/armv7e-m/crti.o
 .bss           0x00000000        0x0 c:/program files (x86)/atmel/studio/7.0/toolchain/arm/arm-gnu-toolchain/bin/../lib/gcc/arm-none-eabi/5.3.1/armv7e-m/crti.o
 .data          0x00000000        0x4 c:/program files (x86)/atmel/studio/7.0/toolchain/arm/arm-gnu-toolchain/bin/../lib/gcc/arm-none-eabi/5.3.1/armv7e-m/crtbegin.o
 .text          0x00000000       0x74 c:/program files (x86)/atmel/studio/7.0/toolchain/arm/arm-gnu-toolchain/bin/../lib/gcc/arm-none-eabi/5.3.1/../../../../arm-none-eabi/lib/armv7e-m/crt0.o
 .data          0x00000000        0x0 c:/program files (x86)/atmel/studio/7.0/toolchain/arm/arm-gnu-toolchain/bin/../lib/gcc/arm-none-eabi/5.3.1/../../../../arm-none-eabi/lib/armv7e-m/crt0.o
 .bss           0x00000000        0x0 c:/program files (x86)/atmel/studio/7.0/toolchain/arm/arm-gnu-toolchain/bin/../lib/gcc/arm-none-eabi/5.3.1/../../../../arm-none-eabi/lib/armv7e-m/crt0.o
[...]
Memory Configuration

Name             Origin             Length             Attributes
rom              0x00400000         0x00200000         xr
ram              0x20000000         0x00028000         xrw
*default*        0x00000000         0xffffffff

Linker script and memory map

LOAD c:/program files (x86)/atmel/studio/7.0/toolchain/arm/arm-gnu-toolchain/bin/../lib/gcc/arm-none-eabi/5.3.1/armv7e-m/crti.o
LOAD c:/program files (x86)/atmel/studio/7.0/toolchain/arm/arm-gnu-toolchain/bin/../lib/gcc/arm-none-eabi/5.3.1/armv7e-m/crtbegin.o
LOAD c:/program files (x86)/atmel/studio/7.0/toolchain/arm/arm-gnu-toolchain/bin/../lib/gcc/arm-none-eabi/5.3.1/../../../../arm-none-eabi/lib/armv7e-m/crt0.o
LOAD src/ASF/sam/drivers/usart/usart.o
LOAD src/rs485pdc.o
LOAD src/ASF/sam/drivers/pio/pio_handler.o
LOAD src/ASF/common/services/delay/sam/cycle_counter.o
LOAD src/ASF/common/services/clock/sam4s/sysclk.o
LOAD src/ASF/common/drivers/nvm/sam/sam_nvm.o
LOAD src/ASF/sam/drivers/efc/efc.o
LOAD src/ASF/sam/drivers/pdc/pdc.o
LOAD src/ASF/sam/drivers/pio/pio.o
LOAD src/ASF/sam/drivers/pmc/pmc.o
LOAD src/ASF/sam/services/flash_efc/flash_efc.o
LOAD src/ASF/sam/drivers/pmc/sleep.o
LOAD src/ASF/common/boards/user_board/init.o
LOAD src/ASF/common/utils/interrupt/interrupt_sam_nvic.o
LOAD src/ASF/sam/utils/cmsis/sam4s/source/templates/gcc/startup_sam4s.o
LOAD src/ASF/sam/utils/cmsis/sam4s/source/templates/system_sam4s.o
LOAD src/ASF/sam/utils/syscalls/gcc/syscalls.o
LOAD src/main.o
START GROUP
LOAD ../src/ASF/thirdparty/CMSIS/Lib/GCC\libarm_cortexM4l_math.a
LOAD c:/program files (x86)/atmel/studio/7.0/toolchain/arm/arm-gnu-toolchain/bin/../lib/gcc/arm-none-eabi/5.3.1/../../../../arm-none-eabi/lib/armv7e-m\libm.a
END GROUP
START GROUP
LOAD c:/program files (x86)/atmel/studio/7.0/toolchain/arm/arm-gnu-toolchain/bin/../lib/gcc/arm-none-eabi/5.3.1/armv7e-m\libgcc.a
LOAD c:/program files (x86)/atmel/studio/7.0/toolchain/arm/arm-gnu-toolchain/bin/../lib/gcc/arm-none-eabi/5.3.1/../../../../arm-none-eabi/lib/armv7e-m\libc.a
END GROUP
LOAD c:/program files (x86)/atmel/studio/7.0/toolchain/arm/arm-gnu-toolchain/bin/../lib/gcc/arm-none-eabi/5.3.1/armv7e-m/crtend.o
LOAD c:/program files (x86)/atmel/studio/7.0/toolchain/arm/arm-gnu-toolchain/bin/../lib/gcc/arm-none-eabi/5.3.1/armv7e-m/crtn.o
                0x00003000                __stack_size__ = DEFINED (__stack_size__)?__stack_size__:0x3000
                0x20027ffc                __ram_end__ = ((ORIGIN (ram) + LENGTH (ram)) - 0x4)

.text           0x00400000      0xb70
                0x00400000                . = ALIGN (0x4)
                0x00400000                _sfixed = .
 *(.vectors .vectors.*)
 .vectors       0x00400000       0xcc src/ASF/sam/utils/cmsis/sam4s/source/templates/gcc/startup_sam4s.o
                0x00400000                exception_table
 *(.text .text.* .gnu.linkonce.t.*)
 .text          0x004000cc       0x5c c:/program files (x86)/atmel/studio/7.0/toolchain/arm/arm-gnu-toolchain/bin/../lib/gcc/arm-none-eabi/5.3.1/armv7e-m/crtbegin.o
 .text.usart_set_async_baudrate
                0x00400128       0x60 src/ASF/sam/drivers/usart/usart.o
                0x00400128                usart_set_async_baudrate
 .text.usart_reset
                0x00400188       0x30 src/ASF/sam/drivers/usart/usart.o
                0x00400188                usart_reset
 .text.usart_init_rs232
                0x004001b8       0x54 src/ASF/sam/drivers/usart/usart.o
                0x004001b8                usart_init_rs232
 .text.usart_init_rs485
                0x0040020c       0x24 src/ASF/sam/drivers/usart/usart.o
                0x0040020c                usart_init_rs485
 .text.usart_enable_tx
                0x00400230        0x8 src/ASF/sam/drivers/usart/usart.o
                0x00400230                usart_enable_tx
 .text.usart_enable_rx
                0x00400238        0x8 src/ASF/sam/drivers/usart/usart.o
                0x00400238                usart_enable_rx
 .text.usart_enable_interrupt
                0x00400240        0x4 src/ASF/sam/drivers/usart/usart.o
                0x00400240                usart_enable_interrupt
 .text.usart_disable_interrupt
                0x00400244        0x4 src/ASF/sam/drivers/usart/usart.o
                0x00400244                usart_disable_interrupt
 .text.usart_get_status
                0x00400248        0x4 src/ASF/sam/drivers/usart/usart.o
                0x00400248                usart_get_status
 .text.usart_get_pdc_base
                0x0040024c       0x28 src/ASF/sam/drivers/usart/usart.o
                0x0040024c                usart_get_pdc_base
 .text.InitRs485Pdc
                0x00400274       0x9c src/rs485pdc.o
                0x00400274                InitRs485Pdc
 .text.USART0_Handler
                0x00400310       0x34 src/rs485pdc.o
                0x00400310                USART0_Handler
 .text.pio_handler_process
                0x00400344       0x68 src/ASF/sam/drivers/pio/pio_handler.o
                0x00400344                pio_handler_process
 .text.PIOA_Handler
                0x004003ac       0x14 src/ASF/sam/drivers/pio/pio_handler.o
                0x004003ac                PIOA_Handler
 .text.PIOB_Handler
                0x004003c0       0x14 src/ASF/sam/drivers/pio/pio_handler.o
                0x004003c0                PIOB_Handler
 .text.PIOC_Handler
                0x004003d4       0x14 src/ASF/sam/drivers/pio/pio_handler.o
                0x004003d4                PIOC_Handler
 .text.sysclk_init
                0x004003e8       0x64 src/ASF/common/services/clock/sam4s/sysclk.o
                0x004003e8                sysclk_init
 .text.pdc_enable_transfer
                0x0040044c        0xc src/ASF/sam/drivers/pdc/pdc.o
                0x0040044c                pdc_enable_transfer
 .text.pio_set_peripheral
                0x00400458       0x90 src/ASF/sam/drivers/pio/pio.o
                0x00400458                pio_set_peripheral
 .text.pio_set_input
                0x004004e8       0x34 src/ASF/sam/drivers/pio/pio.o
                0x004004e8                pio_set_input
 .text.pio_set_output
                0x0040051c       0x28 src/ASF/sam/drivers/pio/pio.o
                0x0040051c                pio_set_output
 .text.pio_get_interrupt_status
                0x00400544        0x4 src/ASF/sam/drivers/pio/pio.o
                0x00400544                pio_get_interrupt_status
 .text.pio_get_interrupt_mask
                0x00400548        0x4 src/ASF/sam/drivers/pio/pio.o
                0x00400548                pio_get_interrupt_mask
 .text.pio_configure_pin_group
                0x0040054c       0xdc src/ASF/sam/drivers/pio/pio.o
                0x0040054c                pio_configure_pin_group
 .text.pmc_switch_mck_to_pllack
                0x00400628       0x68 src/ASF/sam/drivers/pmc/pmc.o
                0x00400628                pmc_switch_mck_to_pllack
 .text.pmc_switch_mainck_to_fastrc
                0x00400690       0x4c src/ASF/sam/drivers/pmc/pmc.o
                0x00400690                pmc_switch_mainck_to_fastrc
 .text.pmc_osc_is_ready_mainck
                0x004006dc       0x10 src/ASF/sam/drivers/pmc/pmc.o
                0x004006dc                pmc_osc_is_ready_mainck
 .text.pmc_disable_pllack
                0x004006ec       0x10 src/ASF/sam/drivers/pmc/pmc.o
                0x004006ec                pmc_disable_pllack
 .text.pmc_is_locked_pllack
                0x004006fc       0x10 src/ASF/sam/drivers/pmc/pmc.o
                0x004006fc                pmc_is_locked_pllack
 .text.pmc_enable_periph_clk
                0x0040070c       0x54 src/ASF/sam/drivers/pmc/pmc.o
                0x0040070c                pmc_enable_periph_clk
 .text.board_init
                0x00400760       0x18 src/ASF/common/boards/user_board/init.o
                0x00400760                board_init
 .text.Dummy_Handler
                0x00400778        0x4 src/ASF/sam/utils/cmsis/sam4s/source/templates/gcc/startup_sam4s.o
                0x00400778                DACC_Handler
                0x00400778                DebugMon_Handler
                0x00400778                HardFault_Handler
                0x00400778                TC2_Handler
                0x00400778                SPI_Handler
                0x00400778                SysTick_Handler
                0x00400778                TWI1_Handler
                0x00400778                PendSV_Handler
                0x00400778                NMI_Handler
                0x00400778                ADC_Handler
                0x00400778                CRCCU_Handler
                0x00400778                RTT_Handler
                0x00400778                EFC1_Handler
                0x00400778                RTC_Handler
                0x00400778                UsageFault_Handler
                0x00400778                WDT_Handler
                0x00400778                TC4_Handler
                0x00400778                TC1_Handler
                0x00400778                HSMCI_Handler
                0x00400778                UART1_Handler
                0x00400778                TC3_Handler
                0x00400778                Dummy_Handler
                0x00400778                TWI0_Handler
                0x00400778                USART1_Handler
                0x00400778                SSC_Handler
                0x00400778                EFC0_Handler
                0x00400778                ACC_Handler
                0x00400778                PMC_Handler
                0x00400778                PWM_Handler
                0x00400778                MemManage_Handler
                0x00400778                SUPC_Handler
                0x00400778                SVC_Handler
                0x00400778                UART0_Handler
                0x00400778                UDP_Handler
                0x00400778                BusFault_Handler
                0x00400778                RSTC_Handler
                0x00400778                TC0_Handler
                0x00400778                TC5_Handler
 .text.Reset_Handler
                0x0040077c       0xb0 src/ASF/sam/utils/cmsis/sam4s/source/templates/gcc/startup_sam4s.o
                0x0040077c                Reset_Handler
 .text.SystemCoreClockUpdate
                0x0040082c      0x114 src/ASF/sam/utils/cmsis/sam4s/source/templates/system_sam4s.o
                0x0040082c                SystemCoreClockUpdate
 .text.system_init_flash
                0x00400940       0x94 src/ASF/sam/utils/cmsis/sam4s/source/templates/system_sam4s.o
                0x00400940                system_init_flash
 .text.main     0x004009d4       0x1c src/main.o
                0x004009d4                main
 .text.__libc_init_array
                0x004009f0       0x50 c:/program files (x86)/atmel/studio/7.0/toolchain/arm/arm-gnu-toolchain/bin/../lib/gcc/arm-none-eabi/5.3.1/../../../../arm-none-eabi/lib/armv7e-m\libc.a(lib_a-init.o)
                0x004009f0                __libc_init_array
 .text.startup.register_fini
                0x00400a40       0x14 c:/program files (x86)/atmel/studio/7.0/toolchain/arm/arm-gnu-toolchain/bin/../lib/gcc/arm-none-eabi/5.3.1/../../../../arm-none-eabi/lib/armv7e-m\libc.a(lib_a-__call_atexit.o)
 .text.atexit   0x00400a54        0xc c:/program files (x86)/atmel/studio/7.0/toolchain/arm/arm-gnu-toolchain/bin/../lib/gcc/arm-none-eabi/5.3.1/../../../../arm-none-eabi/lib/armv7e-m\libc.a(lib_a-atexit.o)
                0x00400a54                atexit
 .text.__libc_fini_array
                0x00400a60       0x28 c:/program files (x86)/atmel/studio/7.0/toolchain/arm/arm-gnu-toolchain/bin/../lib/gcc/arm-none-eabi/5.3.1/../../../../arm-none-eabi/lib/armv7e-m\libc.a(lib_a-fini.o)
                0x00400a60                __libc_fini_array
 .text.__register_exitproc
                0x00400a88       0xa4 c:/program files (x86)/atmel/studio/7.0/toolchain/arm/arm-gnu-toolchain/bin/../lib/gcc/arm-none-eabi/5.3.1/../../../../arm-none-eabi/lib/armv7e-m\libc.a(lib_a-__atexit.o)
                0x00400a88                __register_exitproc
 *(.glue_7t)
 .glue_7t       0x00400b2c        0x0 linker stubs
 *(.glue_7)
 .glue_7        0x00400b2c        0x0 linker stubs
 *(.rodata .rodata* .gnu.linkonce.r.*)
 .rodata        0x00400b2c       0x18 src/rs485pdc.o
 .rodata.str1.4
                0x00400b44        0x4 c:/program files (x86)/atmel/studio/7.0/toolchain/arm/arm-gnu-toolchain/bin/../lib/gcc/arm-none-eabi/5.3.1/../../../../arm-none-eabi/lib/armv7e-m\libc.a(lib_a-impure.o)
                                  0x2 (size before relaxing)
 .rodata._global_impure_ptr
                0x00400b48        0x4 c:/program files (x86)/atmel/studio/7.0/toolchain/arm/arm-gnu-toolchain/bin/../lib/gcc/arm-none-eabi/5.3.1/../../../../arm-none-eabi/lib/armv7e-m\libc.a(lib_a-impure.o)
                0x00400b48                _global_impure_ptr
 *(.ARM.extab* .gnu.linkonce.armextab.*)
                0x00400b4c                . = ALIGN (0x4)
 *(.init)
 .init          0x00400b4c        0x4 c:/program files (x86)/atmel/studio/7.0/toolchain/arm/arm-gnu-toolchain/bin/../lib/gcc/arm-none-eabi/5.3.1/armv7e-m/crti.o
                0x00400b4c                _init
 .init          0x00400b50        0x8 c:/program files (x86)/atmel/studio/7.0/toolchain/arm/arm-gnu-toolchain/bin/../lib/gcc/arm-none-eabi/5.3.1/armv7e-m/crtn.o
                0x00400b58                . = ALIGN (0x4)
                0x00400b58                __preinit_array_start = .
 *(.preinit_array)
                0x00400b58                __preinit_array_end = .
                0x00400b58                . = ALIGN (0x4)
                0x00400b58                __init_array_start = .
 *(SORT(.init_array.*))
 .init_array.00000
                0x00400b58        0x4 c:/program files (x86)/atmel/studio/7.0/toolchain/arm/arm-gnu-toolchain/bin/../lib/gcc/arm-none-eabi/5.3.1/../../../../arm-none-eabi/lib/armv7e-m\libc.a(lib_a-__call_atexit.o)
 *(.init_array)
 .init_array    0x00400b5c        0x4 c:/program files (x86)/atmel/studio/7.0/toolchain/arm/arm-gnu-toolchain/bin/../lib/gcc/arm-none-eabi/5.3.1/armv7e-m/crtbegin.o
                0x00400b60                __init_array_end = .
                0x00400b60                . = ALIGN (0x4)
 *crtbegin.o(.ctors)
 *(EXCLUDE_FILE(*crtend.o) .ctors)
 *(SORT(.ctors.*))
 *crtend.o(.ctors)
                0x00400b60                . = ALIGN (0x4)
 *(.fini)
 .fini          0x00400b60        0x4 c:/program files (x86)/atmel/studio/7.0/toolchain/arm/arm-gnu-toolchain/bin/../lib/gcc/arm-none-eabi/5.3.1/armv7e-m/crti.o
                0x00400b60                _fini
 .fini          0x00400b64        0x8 c:/program files (x86)/atmel/studio/7.0/toolchain/arm/arm-gnu-toolchain/bin/../lib/gcc/arm-none-eabi/5.3.1/armv7e-m/crtn.o
                0x00400b6c                . = ALIGN (0x4)
                0x00400b6c                __fini_array_start = .
 *(.fini_array)
 .fini_array    0x00400b6c        0x4 c:/program files (x86)/atmel/studio/7.0/toolchain/arm/arm-gnu-toolchain/bin/../lib/gcc/arm-none-eabi/5.3.1/armv7e-m/crtbegin.o
 *(SORT(.fini_array.*))
                0x00400b70                __fini_array_end = .
 *crtbegin.o(.dtors)
 *(EXCLUDE_FILE(*crtend.o) .dtors)
 *(SORT(.dtors.*))
 *crtend.o(.dtors)
                0x00400b70                . = ALIGN (0x4)
                0x00400b70                _efixed = .
                [!provide]                PROVIDE (__exidx_start, .)

.vfp11_veneer   0x00400b70        0x0
 .vfp11_veneer  0x00400b70        0x0 linker stubs

.v4_bx          0x00400b70        0x0
 .v4_bx         0x00400b70        0x0 linker stubs

.iplt           0x00400b70        0x0
 .iplt          0x00400b70        0x0 c:/program files (x86)/atmel/studio/7.0/toolchain/arm/arm-gnu-toolchain/bin/../lib/gcc/arm-none-eabi/5.3.1/armv7e-m/crtbegin.o

.eh_frame       0x00400b70        0x0
 .eh_frame      0x00400b70        0x0 c:/program files (x86)/atmel/studio/7.0/toolchain/arm/arm-gnu-toolchain/bin/../lib/gcc/arm-none-eabi/5.3.1/armv7e-m/crtbegin.o

.rel.dyn        0x00400b70        0x0
 .rel.iplt      0x00400b70        0x0 c:/program files (x86)/atmel/studio/7.0/toolchain/arm/arm-gnu-toolchain/bin/../lib/gcc/arm-none-eabi/5.3.1/armv7e-m/crtbegin.o

.jcr            0x00400b70        0x0
 .jcr           0x00400b70        0x0 c:/program files (x86)/atmel/studio/7.0/toolchain/arm/arm-gnu-toolchain/bin/../lib/gcc/arm-none-eabi/5.3.1/armv7e-m/crtbegin.o

.igot.plt       0x00400b70        0x0
 .igot.plt      0x00400b70        0x0 c:/program files (x86)/atmel/studio/7.0/toolchain/arm/arm-gnu-toolchain/bin/../lib/gcc/arm-none-eabi/5.3.1/armv7e-m/crtbegin.o

.ARM.exidx
 *(.ARM.exidx* .gnu.linkonce.armexidx.*)
                [!provide]                PROVIDE (__exidx_end, .)
                0x00400b70                . = ALIGN (0x4)
                0x00400b70                _etext = .

.relocate       0x20000000      0x430 load address 0x00400b70
                0x20000000                . = ALIGN (0x4)
                0x20000000                _srelocate = .
 *(.ramfunc .ramfunc.*)
 *(.data .data.*)
 .data.txDone   0x20000000        0x1 src/rs485pdc.o
                0x20000000                txDone
 .data.rxDone   0x20000001        0x1 src/rs485pdc.o
                0x20000001                rxDone
 *fill*         0x20000002        0x2 
 .data.SystemCoreClock
                0x20000004        0x4 src/ASF/sam/utils/cmsis/sam4s/source/templates/system_sam4s.o
                0x20000004                SystemCoreClock
 .data.impure_data
                0x20000008      0x428 c:/program files (x86)/atmel/studio/7.0/toolchain/arm/arm-gnu-toolchain/bin/../lib/gcc/arm-none-eabi/5.3.1/../../../../arm-none-eabi/lib/armv7e-m\libc.a(lib_a-impure.o)
                0x20000430                . = ALIGN (0x4)
                0x20000430                _erelocate = .

.bss            0x20000430       0xa4 load address 0x00400fa0
                0x20000430                . = ALIGN (0x4)
                0x20000430                _sbss = .
                0x20000430                _szero = .
 *(.bss .bss.*)
 .bss           0x20000430       0x1c c:/program files (x86)/atmel/studio/7.0/toolchain/arm/arm-gnu-toolchain/bin/../lib/gcc/arm-none-eabi/5.3.1/armv7e-m/crtbegin.o
 .bss.ul_reg_val.7500
                0x2000044c        0x4 src/ASF/sam/drivers/usart/usart.o
 .bss.pio_capture_handler
                0x20000450        0x4 src/ASF/sam/drivers/pio/pio_handler.o
 .bss.gs_interrupt_sources
                0x20000454       0x70 src/ASF/sam/drivers/pio/pio_handler.o
 *(COMMON)
 COMMON         0x200004c4        0xc src/rs485pdc.o
                0x200004c4                rs485PdcBase
                0x200004c8                rs485PdcPkt
 COMMON         0x200004d0        0x4 src/ASF/sam/drivers/pio/pio.o
                0x200004d0                pio_capture_enable_flag
                0x200004d4                . = ALIGN (0x4)
                0x200004d4                _ebss = .
                0x200004d4                _ezero = .

.stack          0x200004d4     0x3004 load address 0x00401044
                0x200004d8                . = ALIGN (0x8)
 *fill*         0x200004d4        0x4 
                0x200004d8                _sstack = .
                0x200034d8                . = (. + __stack_size__)
 *fill*         0x200004d8     0x3000 
                0x200034d8                . = ALIGN (0x8)
                0x200034d8                _estack = .
                0x200034d8                . = ALIGN (0x4)
                0x200034d8                _end = .
OUTPUT(SAMSEPIOMOD.elf elf32-littlearm)

.ARM.attributes
                0x00000000       0x2a
 .ARM.attributes
                0x00000000       0x1e c:/program files (x86)/atmel/studio/7.0/toolchain/arm/arm-gnu-toolchain/bin/../lib/gcc/arm-none-eabi/5.3.1/armv7e-m/crti.o
 .ARM.attributes
                0x0000001e       0x2e c:/program files (x86)/atmel/studio/7.0/toolchain/arm/arm-gnu-toolchain/bin/../lib/gcc/arm-none-eabi/5.3.1/armv7e-m/crtbegin.o
 .ARM.attributes
                0x0000004c       0x33 src/ASF/sam/drivers/usart/usart.o
 .ARM.attributes
                0x0000007f       0x33 src/rs485pdc.o
 .ARM.attributes
                0x000000b2       0x33 src/ASF/sam/drivers/pio/pio_handler.o
 .ARM.attributes
                0x000000e5       0x33 src/ASF/common/services/clock/sam4s/sysclk.o
 .ARM.attributes
                0x00000118       0x33 src/ASF/sam/drivers/pdc/pdc.o
 .ARM.attributes
                0x0000014b       0x33 src/ASF/sam/drivers/pio/pio.o
 .ARM.attributes
                0x0000017e       0x33 src/ASF/sam/drivers/pmc/pmc.o
 .ARM.attributes
                0x000001b1       0x33 src/ASF/common/boards/user_board/init.o
 .ARM.attributes
                0x000001e4       0x33 src/ASF/sam/utils/cmsis/sam4s/source/templates/gcc/startup_sam4s.o
 .ARM.attributes
                0x00000217       0x33 src/ASF/sam/utils/cmsis/sam4s/source/templates/system_sam4s.o
 .ARM.attributes
                0x0000024a       0x33 src/main.o
 .ARM.attributes
                0x0000027d       0x2e c:/program files (x86)/atmel/studio/7.0/toolchain/arm/arm-gnu-toolchain/bin/../lib/gcc/arm-none-eabi/5.3.1/../../../../arm-none-eabi/lib/armv7e-m\libc.a(lib_a-impure.o)
 .ARM.attributes
                0x000002ab       0x2e c:/program files (x86)/atmel/studio/7.0/toolchain/arm/arm-gnu-toolchain/bin/../lib/gcc/arm-none-eabi/5.3.1/../../../../arm-none-eabi/lib/armv7e-m\libc.a(lib_a-init.o)
 .ARM.attributes
                0x000002d9       0x2e c:/program files (x86)/atmel/studio/7.0/toolchain/arm/arm-gnu-toolchain/bin/../lib/gcc/arm-none-eabi/5.3.1/../../../../arm-none-eabi/lib/armv7e-m\libc.a(lib_a-__call_atexit.o)
 .ARM.attributes
                0x00000307       0x2e c:/program files (x86)/atmel/studio/7.0/toolchain/arm/arm-gnu-toolchain/bin/../lib/gcc/arm-none-eabi/5.3.1/../../../../arm-none-eabi/lib/armv7e-m\libc.a(lib_a-atexit.o)
 .ARM.attributes
                0x00000335       0x2e c:/program files (x86)/atmel/studio/7.0/toolchain/arm/arm-gnu-toolchain/bin/../lib/gcc/arm-none-eabi/5.3.1/../../../../arm-none-eabi/lib/armv7e-m\libc.a(lib_a-fini.o)
 .ARM.attributes
                0x00000363       0x2e c:/program files (x86)/atmel/studio/7.0/toolchain/arm/arm-gnu-toolchain/bin/../lib/gcc/arm-none-eabi/5.3.1/../../../../arm-none-eabi/lib/armv7e-m\libc.a(lib_a-__atexit.o)
 .ARM.attributes
                0x00000391       0x1e c:/program files (x86)/atmel/studio/7.0/toolchain/arm/arm-gnu-toolchain/bin/../lib/gcc/arm-none-eabi/5.3.1/armv7e-m/crtn.o

.comment        0x00000000       0x59
 .comment       0x00000000       0x59 src/ASF/sam/drivers/usart/usart.o
                                 0x5a (size before relaxing)
 .comment       0x00000059       0x5a src/rs485pdc.o
 .comment       0x00000059       0x5a src/ASF/sam/drivers/pio/pio_handler.o
 .comment       0x00000059       0x5a src/ASF/common/services/clock/sam4s/sysclk.o
 .comment       0x00000059       0x5a src/ASF/sam/drivers/pdc/pdc.o
 .comment       0x00000059       0x5a src/ASF/sam/drivers/pio/pio.o
 .comment       0x00000059       0x5a src/ASF/sam/drivers/pmc/pmc.o
 .comment       0x00000059       0x5a src/ASF/common/boards/user_board/init.o
 .comment       0x00000059       0x5a src/ASF/sam/utils/cmsis/sam4s/source/templates/gcc/startup_sam4s.o
 .comment       0x00000059       0x5a src/ASF/sam/utils/cmsis/sam4s/source/templates/system_sam4s.o
 .comment       0x00000059       0x5a src/main.o

.debug_info     0x00000000     0x7b5e
 .debug_info    0x00000000     0x1781 src/ASF/sam/drivers/usart/usart.o
 .debug_info    0x00001781      0xa5a src/rs485pdc.o
 .debug_info    0x000021db      0xfa7 src/ASF/sam/drivers/pio/pio_handler.o
 .debug_info    0x00003182      0x741 src/ASF/common/services/clock/sam4s/sysclk.o
 .debug_info    0x000038c3      0x4ab src/ASF/sam/drivers/pdc/pdc.o
 .debug_info    0x00003d6e     0x1958 src/ASF/sam/drivers/pio/pio.o
 .debug_info    0x000056c6     0x1129 src/ASF/sam/drivers/pmc/pmc.o
 .debug_info    0x000067ef      0x6d9 src/ASF/common/boards/user_board/init.o
 .debug_info    0x00006ec8      0x6a4 src/ASF/sam/utils/cmsis/sam4s/source/templates/gcc/startup_sam4s.o
 .debug_info    0x0000756c      0x469 src/ASF/sam/utils/cmsis/sam4s/source/templates/system_sam4s.o
 .debug_info    0x000079d5      0x189 src/main.o

.debug_abbrev   0x00000000     0x1515
 .debug_abbrev  0x00000000      0x318 src/ASF/sam/drivers/usart/usart.o
 .debug_abbrev  0x00000318      0x236 src/rs485pdc.o
 .debug_abbrev  0x0000054e      0x29a src/ASF/sam/drivers/pio/pio_handler.o
 .debug_abbrev  0x000007e8      0x23b src/ASF/common/services/clock/sam4s/sysclk.o
 .debug_abbrev  0x00000a23      0x13b src/ASF/sam/drivers/pdc/pdc.o
 .debug_abbrev  0x00000b5e      0x316 src/ASF/sam/drivers/pio/pio.o
 .debug_abbrev  0x00000e74      0x277 src/ASF/sam/drivers/pmc/pmc.o
 .debug_abbrev  0x000010eb      0x108 src/ASF/common/boards/user_board/init.o
 .debug_abbrev  0x000011f3      0x16e src/ASF/sam/utils/cmsis/sam4s/source/templates/gcc/startup_sam4s.o
 .debug_abbrev  0x00001361       0xf5 src/ASF/sam/utils/cmsis/sam4s/source/templates/system_sam4s.o
 .debug_abbrev  0x00001456       0xbf src/main.o

.debug_loc      0x00000000     0x3640
 .debug_loc     0x00000000      0xf09 src/ASF/sam/drivers/usart/usart.o
 .debug_loc     0x00000f09      0x162 src/rs485pdc.o
 .debug_loc     0x0000106b      0x522 src/ASF/sam/drivers/pio/pio_handler.o
 .debug_loc     0x0000158d      0x143 src/ASF/common/services/clock/sam4s/sysclk.o
 .debug_loc     0x000016d0      0x1c3 src/ASF/sam/drivers/pdc/pdc.o
 .debug_loc     0x00001893      0xe94 src/ASF/sam/drivers/pio/pio.o
 .debug_loc     0x00002727      0xe13 src/ASF/sam/drivers/pmc/pmc.o
 .debug_loc     0x0000353a       0x20 src/ASF/common/boards/user_board/init.o
 .debug_loc     0x0000355a       0xc6 src/ASF/sam/utils/cmsis/sam4s/source/templates/gcc/startup_sam4s.o
 .debug_loc     0x00003620       0x20 src/main.o

.debug_aranges  0x00000000      0x7b8
 .debug_aranges
                0x00000000      0x210 src/ASF/sam/drivers/usart/usart.o
 .debug_aranges
                0x00000210       0x50 src/rs485pdc.o
 .debug_aranges
                0x00000260       0x58 src/ASF/sam/drivers/pio/pio_handler.o
 .debug_aranges
                0x000002b8       0x30 src/ASF/common/services/clock/sam4s/sysclk.o
 .debug_aranges
                0x000002e8       0x88 src/ASF/sam/drivers/pdc/pdc.o
 .debug_aranges
                0x00000370      0x1a8 src/ASF/sam/drivers/pio/pio.o
 .debug_aranges
                0x00000518      0x208 src/ASF/sam/drivers/pmc/pmc.o
 .debug_aranges
                0x00000720       0x20 src/ASF/common/boards/user_board/init.o
 .debug_aranges
                0x00000740       0x28 src/ASF/sam/utils/cmsis/sam4s/source/templates/gcc/startup_sam4s.o
 .debug_aranges
                0x00000768       0x30 src/ASF/sam/utils/cmsis/sam4s/source/templates/system_sam4s.o
 .debug_aranges
                0x00000798       0x20 src/main.o

.debug_ranges   0x00000000      0x708
 .debug_ranges  0x00000000      0x200 src/ASF/sam/drivers/usart/usart.o
 .debug_ranges  0x00000200       0x40 src/rs485pdc.o
 .debug_ranges  0x00000240       0x48 src/ASF/sam/drivers/pio/pio_handler.o
 .debug_ranges  0x00000288       0x20 src/ASF/common/services/clock/sam4s/sysclk.o
 .debug_ranges  0x000002a8       0x78 src/ASF/sam/drivers/pdc/pdc.o
 .debug_ranges  0x00000320      0x198 src/ASF/sam/drivers/pio/pio.o
 .debug_ranges  0x000004b8      0x1f8 src/ASF/sam/drivers/pmc/pmc.o
 .debug_ranges  0x000006b0       0x10 src/ASF/common/boards/user_board/init.o
 .debug_ranges  0x000006c0       0x18 src/ASF/sam/utils/cmsis/sam4s/source/templates/gcc/startup_sam4s.o
 .debug_ranges  0x000006d8       0x20 src/ASF/sam/utils/cmsis/sam4s/source/templates/system_sam4s.o
 .debug_ranges  0x000006f8       0x10 src/main.o

.debug_macro    0x00000000    0x1200e
 .debug_macro   0x00000000      0x53e src/ASF/sam/drivers/usart/usart.o
 .debug_macro   0x0000053e      0x898 src/ASF/sam/drivers/usart/usart.o
 .debug_macro   0x00000dd6      0x16d src/ASF/sam/drivers/usart/usart.o
 .debug_macro   0x00000f43      0x64b src/ASF/sam/drivers/usart/usart.o
 .debug_macro   0x0000158e       0x76 src/ASF/sam/drivers/usart/usart.o
 .debug_macro   0x00001604       0x16 src/ASF/sam/drivers/usart/usart.o
 .debug_macro   0x0000161a      0x6e4 src/ASF/sam/drivers/usart/usart.o
 .debug_macro   0x00001cfe       0x22 src/ASF/sam/drivers/usart/usart.o
 .debug_macro   0x00001d20       0x87 src/ASF/sam/drivers/usart/usart.o
 .debug_macro   0x00001da7       0x44 src/ASF/sam/drivers/usart/usart.o
 .debug_macro   0x00001deb       0xfd src/ASF/sam/drivers/usart/usart.o
 .debug_macro   0x00001ee8       0x22 src/ASF/sam/drivers/usart/usart.o
 .debug_macro   0x00001f0a      0x1df src/ASF/sam/drivers/usart/usart.o
 .debug_macro   0x000020e9       0x27 src/ASF/sam/drivers/usart/usart.o
 .debug_macro   0x00002110       0x3b src/ASF/sam/drivers/usart/usart.o
 .debug_macro   0x0000214b       0x2d src/ASF/sam/drivers/usart/usart.o
 .debug_macro   0x00002178       0x26 src/ASF/sam/drivers/usart/usart.o
 .debug_macro   0x0000219e      0xbbf src/ASF/sam/drivers/usart/usart.o
 .debug_macro   0x00002d5d      0x159 src/ASF/sam/drivers/usart/usart.o
 .debug_macro   0x00002eb6      0xaaf src/ASF/sam/drivers/usart/usart.o
 .debug_macro   0x00003965      0x1b9 src/ASF/sam/drivers/usart/usart.o
 .debug_macro   0x00003b1e      0x11e src/ASF/sam/drivers/usart/usart.o
 .debug_macro   0x00003c3c       0xac src/ASF/sam/drivers/usart/usart.o
 .debug_macro   0x00003ce8      0x401 src/ASF/sam/drivers/usart/usart.o
 .debug_macro   0x000040e9      0x106 src/ASF/sam/drivers/usart/usart.o
 .debug_macro   0x000041ef       0x1c src/ASF/sam/drivers/usart/usart.o
 .debug_macro   0x0000420b      0x738 src/ASF/sam/drivers/usart/usart.o
 .debug_macro   0x00004943      0x2d2 src/ASF/sam/drivers/usart/usart.o
 .debug_macro   0x00004c15       0xbe src/ASF/sam/drivers/usart/usart.o
 .debug_macro   0x00004cd3     0x280b src/ASF/sam/drivers/usart/usart.o
 .debug_macro   0x000074de      0x777 src/ASF/sam/drivers/usart/usart.o
 .debug_macro   0x00007c55      0xa8e src/ASF/sam/drivers/usart/usart.o
 .debug_macro   0x000086e3       0x9a src/ASF/sam/drivers/usart/usart.o
 .debug_macro   0x0000877d      0x3d8 src/ASF/sam/drivers/usart/usart.o
 .debug_macro   0x00008b55       0x64 src/ASF/sam/drivers/usart/usart.o
 .debug_macro   0x00008bb9      0x1ae src/ASF/sam/drivers/usart/usart.o
 .debug_macro   0x00008d67      0x386 src/ASF/sam/drivers/usart/usart.o
 .debug_macro   0x000090ed      0x624 src/ASF/sam/drivers/usart/usart.o
 .debug_macro   0x00009711      0x690 src/ASF/sam/drivers/usart/usart.o
 .debug_macro   0x00009da1      0x59f src/ASF/sam/drivers/usart/usart.o
 .debug_macro   0x0000a340      0x34d src/ASF/sam/drivers/usart/usart.o
 .debug_macro   0x0000a68d      0x28c src/ASF/sam/drivers/usart/usart.o
 .debug_macro   0x0000a919      0x2d6 src/ASF/sam/drivers/usart/usart.o
 .debug_macro   0x0000abef      0x6d9 src/ASF/sam/drivers/usart/usart.o
 .debug_macro   0x0000b2c8       0x76 src/ASF/sam/drivers/usart/usart.o
 .debug_macro   0x0000b33e       0xb8 src/ASF/sam/drivers/usart/usart.o
 .debug_macro   0x0000b3f6       0xb2 src/ASF/sam/drivers/usart/usart.o
 .debug_macro   0x0000b4a8       0x88 src/ASF/sam/drivers/usart/usart.o
 .debug_macro   0x0000b530      0x105 src/ASF/sam/drivers/usart/usart.o
 .debug_macro   0x0000b635      0x105 src/ASF/sam/drivers/usart/usart.o
 .debug_macro   0x0000b73a       0x88 src/ASF/sam/drivers/usart/usart.o
 .debug_macro   0x0000b7c2       0x88 src/ASF/sam/drivers/usart/usart.o
 .debug_macro   0x0000b84a      0x2cd src/ASF/sam/drivers/usart/usart.o
 .debug_macro   0x0000bb17       0xb2 src/ASF/sam/drivers/usart/usart.o
 .debug_macro   0x0000bbc9       0xb2 src/ASF/sam/drivers/usart/usart.o
 .debug_macro   0x0000bc7b       0x52 src/ASF/sam/drivers/usart/usart.o
 .debug_macro   0x0000bccd       0xac src/ASF/sam/drivers/usart/usart.o
 .debug_macro   0x0000bd79       0x7c src/ASF/sam/drivers/usart/usart.o
 .debug_macro   0x0000bdf5       0x40 src/ASF/sam/drivers/usart/usart.o
 .debug_macro   0x0000be35       0x64 src/ASF/sam/drivers/usart/usart.o
 .debug_macro   0x0000be99       0x46 src/ASF/sam/drivers/usart/usart.o
 .debug_macro   0x0000bedf       0x88 src/ASF/sam/drivers/usart/usart.o
 .debug_macro   0x0000bf67       0x4c src/ASF/sam/drivers/usart/usart.o
 .debug_macro   0x0000bfb3       0xa6 src/ASF/sam/drivers/usart/usart.o
 .debug_macro   0x0000c059       0x7c src/ASF/sam/drivers/usart/usart.o
 .debug_macro   0x0000c0d5       0x16 src/ASF/sam/drivers/usart/usart.o
 .debug_macro   0x0000c0eb       0x7c src/ASF/sam/drivers/usart/usart.o
 .debug_macro   0x0000c167       0x22 src/ASF/sam/drivers/usart/usart.o
 .debug_macro   0x0000c189       0x22 src/ASF/sam/drivers/usart/usart.o
 .debug_macro   0x0000c1ab      0x195 src/ASF/sam/drivers/usart/usart.o
 .debug_macro   0x0000c340      0x165 src/ASF/sam/drivers/usart/usart.o
 .debug_macro   0x0000c4a5      0x165 src/ASF/sam/drivers/usart/usart.o
 .debug_macro   0x0000c60a       0x1c src/ASF/sam/drivers/usart/usart.o
 .debug_macro   0x0000c626       0x2e src/ASF/sam/drivers/usart/usart.o
 .debug_macro   0x0000c654       0x22 src/ASF/sam/drivers/usart/usart.o
 .debug_macro   0x0000c676       0x1c src/ASF/sam/drivers/usart/usart.o
 .debug_macro   0x0000c692       0x52 src/ASF/sam/drivers/usart/usart.o
 .debug_macro   0x0000c6e4       0x10 src/ASF/sam/drivers/usart/usart.o
 .debug_macro   0x0000c6f4      0x234 src/ASF/sam/drivers/usart/usart.o
 .debug_macro   0x0000c928      0x938 src/ASF/sam/drivers/usart/usart.o
 .debug_macro   0x0000d260      0x12a src/ASF/sam/drivers/usart/usart.o
 .debug_macro   0x0000d38a       0x52 src/ASF/sam/drivers/usart/usart.o
 .debug_macro   0x0000d3dc       0x35 src/ASF/sam/drivers/usart/usart.o
 .debug_macro   0x0000d411       0x9c src/ASF/sam/drivers/usart/usart.o
 .debug_macro   0x0000d4ad       0x16 src/ASF/sam/drivers/usart/usart.o
 .debug_macro   0x0000d4c3       0x35 src/ASF/sam/drivers/usart/usart.o
 .debug_macro   0x0000d4f8      0x330 src/ASF/sam/drivers/usart/usart.o
 .debug_macro   0x0000d828       0x10 src/ASF/sam/drivers/usart/usart.o
 .debug_macro   0x0000d838       0x52 src/ASF/sam/drivers/usart/usart.o
 .debug_macro   0x0000d88a       0x16 src/ASF/sam/drivers/usart/usart.o
 .debug_macro   0x0000d8a0       0x43 src/ASF/sam/drivers/usart/usart.o
 .debug_macro   0x0000d8e3      0x187 src/ASF/sam/drivers/usart/usart.o
 .debug_macro   0x0000da6a       0x22 src/ASF/sam/drivers/usart/usart.o
 .debug_macro   0x0000da8c       0x3a src/ASF/sam/drivers/usart/usart.o
 .debug_macro   0x0000dac6       0x10 src/ASF/sam/drivers/usart/usart.o
 .debug_macro   0x0000dad6       0x40 src/ASF/sam/drivers/usart/usart.o
 .debug_macro   0x0000db16       0x6c src/ASF/sam/drivers/usart/usart.o
 .debug_macro   0x0000db82       0x16 src/ASF/sam/drivers/usart/usart.o
 .debug_macro   0x0000db98      0x182 src/ASF/sam/drivers/usart/usart.o
 .debug_macro   0x0000dd1a       0x22 src/ASF/sam/drivers/usart/usart.o
 .debug_macro   0x0000dd3c       0x16 src/ASF/sam/drivers/usart/usart.o
 .debug_macro   0x0000dd52       0x16 src/ASF/sam/drivers/usart/usart.o
 .debug_macro   0x0000dd68       0x29 src/ASF/sam/drivers/usart/usart.o
 .debug_macro   0x0000dd91       0x75 src/ASF/sam/drivers/usart/usart.o
 .debug_macro   0x0000de06       0x3f src/ASF/sam/drivers/usart/usart.o
 .debug_macro   0x0000de45      0x3ca src/ASF/sam/drivers/usart/usart.o
 .debug_macro   0x0000e20f       0x28 src/ASF/sam/drivers/usart/usart.o
 .debug_macro   0x0000e237      0x628 src/rs485pdc.o
 .debug_macro   0x0000e85f       0x2e src/rs485pdc.o
 .debug_macro   0x0000e88d       0x28 src/rs485pdc.o
 .debug_macro   0x0000e8b5       0x28 src/rs485pdc.o
 .debug_macro   0x0000e8dd      0x2c6 src/rs485pdc.o
 .debug_macro   0x0000eba3       0x58 src/rs485pdc.o
 .debug_macro   0x0000ebfb       0x82 src/rs485pdc.o
 .debug_macro   0x0000ec7d       0x46 src/rs485pdc.o
 .debug_macro   0x0000ecc3       0x90 src/rs485pdc.o
 .debug_macro   0x0000ed53       0x28 src/rs485pdc.o
 .debug_macro   0x0000ed7b       0x23 src/rs485pdc.o
 .debug_macro   0x0000ed9e       0x9a src/rs485pdc.o
 .debug_macro   0x0000ee38       0x16 src/rs485pdc.o
 .debug_macro   0x0000ee4e       0x94 src/rs485pdc.o
 .debug_macro   0x0000eee2       0x40 src/rs485pdc.o
 .debug_macro   0x0000ef22       0x88 src/rs485pdc.o
 .debug_macro   0x0000efaa       0x16 src/rs485pdc.o
 .debug_macro   0x0000efc0       0x34 src/rs485pdc.o
 .debug_macro   0x0000eff4       0x2e src/rs485pdc.o
 .debug_macro   0x0000f022      0x518 src/ASF/sam/drivers/pio/pio_handler.o
 .debug_macro   0x0000f53a       0x8e src/ASF/sam/drivers/pio/pio_handler.o
 .debug_macro   0x0000f5c8      0x578 src/ASF/common/services/clock/sam4s/sysclk.o
 .debug_macro   0x0000fb40      0x2c0 src/ASF/common/services/clock/sam4s/sysclk.o
 .debug_macro   0x0000fe00      0x503 src/ASF/sam/drivers/pdc/pdc.o
 .debug_macro   0x00010303      0x50e src/ASF/sam/drivers/pio/pio.o
 .debug_macro   0x00010811      0x50e src/ASF/sam/drivers/pmc/pmc.o
 .debug_macro   0x00010d1f       0x52 src/ASF/sam/drivers/pmc/pmc.o
 .debug_macro   0x00010d71      0x61d src/ASF/common/boards/user_board/init.o
 .debug_macro   0x0001138e      0x325 src/ASF/sam/utils/cmsis/sam4s/source/templates/gcc/startup_sam4s.o
 .debug_macro   0x000116b3      0x32d src/ASF/sam/utils/cmsis/sam4s/source/templates/system_sam4s.o
 .debug_macro   0x000119e0      0x62e src/main.o

.debug_line     0x00000000     0x8d00
 .debug_line    0x00000000      0xfef src/ASF/sam/drivers/usart/usart.o
 .debug_line    0x00000fef      0xe73 src/rs485pdc.o
 .debug_line    0x00001e62      0xb47 src/ASF/sam/drivers/pio/pio_handler.o
 .debug_line    0x000029a9      0xbcc src/ASF/common/services/clock/sam4s/sysclk.o
 .debug_line    0x00003575      0xb60 src/ASF/sam/drivers/pdc/pdc.o
 .debug_line    0x000040d5      0xf0e src/ASF/sam/drivers/pio/pio.o
 .debug_line    0x00004fe3     0x103a src/ASF/sam/drivers/pmc/pmc.o
 .debug_line    0x0000601d      0xdd3 src/ASF/common/boards/user_board/init.o
 .debug_line    0x00006df0      0x889 src/ASF/sam/utils/cmsis/sam4s/source/templates/gcc/startup_sam4s.o
 .debug_line    0x00007679      0x8a6 src/ASF/sam/utils/cmsis/sam4s/source/templates/system_sam4s.o
 .debug_line    0x00007f1f      0xde1 src/main.o

.debug_str      0x00000000    0x4e64c
 .debug_str     0x00000000    0x4a646 src/ASF/sam/drivers/usart/usart.o
                              0x4a9b1 (size before relaxing)
 .debug_str     0x0004a646     0x261f src/rs485pdc.o
                              0x4c877 (size before relaxing)
 .debug_str     0x0004cc65      0x478 src/ASF/sam/drivers/pio/pio_handler.o
                              0x4aa47 (size before relaxing)
 .debug_str     0x0004d0dd      0x228 src/ASF/common/services/clock/sam4s/sysclk.o
                              0x4b649 (size before relaxing)
 .debug_str     0x0004d305      0x150 src/ASF/sam/drivers/pdc/pdc.o
                              0x4a169 (size before relaxing)
 .debug_str     0x0004d455      0x599 src/ASF/sam/drivers/pio/pio.o
                              0x4abcc (size before relaxing)
 .debug_str     0x0004d9ee      0x6e3 src/ASF/sam/drivers/pmc/pmc.o
                              0x4aa2a (size before relaxing)
 .debug_str     0x0004e0d1       0x36 src/ASF/common/boards/user_board/init.o
                              0x4c5b1 (size before relaxing)
 .debug_str     0x0004e107      0x40e src/ASF/sam/utils/cmsis/sam4s/source/templates/gcc/startup_sam4s.o
                              0x3b25c (size before relaxing)
 .debug_str     0x0004e515       0xf1 src/ASF/sam/utils/cmsis/sam4s/source/templates/system_sam4s.o
                              0x3b025 (size before relaxing)
 .debug_str     0x0004e606       0x46 src/main.o
                              0x4c2b4 (size before relaxing)

.debug_frame    0x00000000     0x1134
 .debug_frame   0x00000000      0x48c src/ASF/sam/drivers/usart/usart.o
 .debug_frame   0x0000048c       0xa8 src/rs485pdc.o
 .debug_frame   0x00000534       0xf4 src/ASF/sam/drivers/pio/pio_handler.o
 .debug_frame   0x00000628       0x58 src/ASF/common/services/clock/sam4s/sysclk.o
 .debug_frame   0x00000680       0xf0 src/ASF/sam/drivers/pdc/pdc.o
 .debug_frame   0x00000770      0x38c src/ASF/sam/drivers/pio/pio.o
 .debug_frame   0x00000afc      0x46c src/ASF/sam/drivers/pmc/pmc.o
 .debug_frame   0x00000f68       0x28 src/ASF/common/boards/user_board/init.o
 .debug_frame   0x00000f90       0x38 src/ASF/sam/utils/cmsis/sam4s/source/templates/gcc/startup_sam4s.o
 .debug_frame   0x00000fc8       0x40 src/ASF/sam/utils/cmsis/sam4s/source/templates/system_sam4s.o
 .debug_frame   0x00001008       0x28 src/main.o
 .debug_frame   0x00001030       0x2c c:/program files (x86)/atmel/studio/7.0/toolchain/arm/arm-gnu-toolchain/bin/../lib/gcc/arm-none-eabi/5.3.1/../../../../arm-none-eabi/lib/armv7e-m\libc.a(lib_a-init.o)
 .debug_frame   0x0000105c       0x50 c:/program files (x86)/atmel/studio/7.0/toolchain/arm/arm-gnu-toolchain/bin/../lib/gcc/arm-none-eabi/5.3.1/../../../../arm-none-eabi/lib/armv7e-m\libc.a(lib_a-__call_atexit.o)
 .debug_frame   0x000010ac       0x20 c:/program files (x86)/atmel/studio/7.0/toolchain/arm/arm-gnu-toolchain/bin/../lib/gcc/arm-none-eabi/5.3.1/../../../../arm-none-eabi/lib/armv7e-m\libc.a(lib_a-atexit.o)
 .debug_frame   0x000010cc       0x34 c:/program files (x86)/atmel/studio/7.0/toolchain/arm/arm-gnu-toolchain/bin/../lib/gcc/arm-none-eabi/5.3.1/../../../../arm-none-eabi/lib/armv7e-m\libc.a(lib_a-fini.o)
 .debug_frame   0x00001100       0x34 c:/program files (x86)/atmel/studio/7.0/toolchain/arm/arm-gnu-toolchain/bin/../lib/gcc/arm-none-eabi/5.3.1/../../../../arm-none-eabi/lib/armv7e-m\libc.a(lib_a-__atexit.o)

Cross Reference Table

Symbol                                            File
ACC_Handler                                       src/ASF/sam/utils/cmsis/sam4s/source/templates/gcc/startup_sam4s.o
ADC_Handler                                       src/ASF/sam/utils/cmsis/sam4s/source/templates/gcc/startup_sam4s.o
BusFault_Handler                                  src/ASF/sam/utils/cmsis/sam4s/source/templates/gcc/startup_sam4s.o
CRCCU_Handler                                     src/ASF/sam/utils/cmsis/sam4s/source/templates/gcc/startup_sam4s.o
DACC_Handler                                      src/ASF/sam/utils/cmsis/sam4s/source/templates/gcc/startup_sam4s.o
DebugMon_Handler                                  src/ASF/sam/utils/cmsis/sam4s/source/templates/gcc/startup_sam4s.o
Dummy_Handler                                     src/ASF/sam/utils/cmsis/sam4s/source/templates/gcc/startup_sam4s.o
EFC0_Handler                                      src/ASF/sam/utils/cmsis/sam4s/source/templates/gcc/startup_sam4s.o
EFC1_Handler                                      src/ASF/sam/utils/cmsis/sam4s/source/templates/gcc/startup_sam4s.o
HSMCI_Handler                                     src/ASF/sam/utils/cmsis/sam4s/source/templates/gcc/startup_sam4s.o
HardFault_Handler                                 src/ASF/sam/utils/cmsis/sam4s/source/templates/gcc/startup_sam4s.o
InitRs485Pdc                                      src/rs485pdc.o
                                                  src/main.o
MemManage_Handler                                 src/ASF/sam/utils/cmsis/sam4s/source/templates/gcc/startup_sam4s.o
NMI_Handler                                       src/ASF/sam/utils/cmsis/sam4s/source/templates/gcc/startup_sam4s.o
PIOA_Handler                                      src/ASF/sam/drivers/pio/pio_handler.o
PIOB_Handler                                      src/ASF/sam/drivers/pio/pio_handler.o
PIOC_Handler                                      src/ASF/sam/drivers/pio/pio_handler.o
PMC_Handler                                       src/ASF/sam/utils/cmsis/sam4s/source/templates/gcc/startup_sam4s.o
PWM_Handler                                       src/ASF/sam/utils/cmsis/sam4s/source/templates/gcc/startup_sam4s.o
PendSV_Handler                                    src/ASF/sam/utils/cmsis/sam4s/source/templates/gcc/startup_sam4s.o
RSTC_Handler                                      src/ASF/sam/utils/cmsis/sam4s/source/templates/gcc/startup_sam4s.o
RTC_Handler                                       src/ASF/sam/utils/cmsis/sam4s/source/templates/gcc/startup_sam4s.o
RTT_Handler                                       src/ASF/sam/utils/cmsis/sam4s/source/templates/gcc/startup_sam4s.o
Reset_Handler                                     src/ASF/sam/utils/cmsis/sam4s/source/templates/gcc/startup_sam4s.o
Rs485GetRxBytes                                   src/rs485pdc.o
Rs485PdcGetRxStatus                               src/rs485pdc.o
Rs485PdcGetTxStatus                               src/rs485pdc.o
Rs485PdcStartRx                                   src/rs485pdc.o
Rs485PdcStartTx                                   src/rs485pdc.o
SPI_Handler                                       src/ASF/sam/utils/cmsis/sam4s/source/templates/gcc/startup_sam4s.o
SSC_Handler                                       src/ASF/sam/utils/cmsis/sam4s/source/templates/gcc/startup_sam4s.o
SUPC_Handler                                      src/ASF/sam/utils/cmsis/sam4s/source/templates/gcc/startup_sam4s.o
SVC_Handler                                       src/ASF/sam/utils/cmsis/sam4s/source/templates/gcc/startup_sam4s.o
SysTick_Handler                                   src/ASF/sam/utils/cmsis/sam4s/source/templates/gcc/startup_sam4s.o
SystemCoreClock                                   src/ASF/sam/utils/cmsis/sam4s/source/templates/system_sam4s.o
SystemCoreClockUpdate                             src/ASF/sam/utils/cmsis/sam4s/source/templates/system_sam4s.o
                                                  src/ASF/common/services/clock/sam4s/sysclk.o
SystemInit                                        src/ASF/sam/utils/cmsis/sam4s/source/templates/system_sam4s.o
TC0_Handler                                       src/ASF/sam/utils/cmsis/sam4s/source/templates/gcc/startup_sam4s.o
TC1_Handler                                       src/ASF/sam/utils/cmsis/sam4s/source/templates/gcc/startup_sam4s.o
TC2_Handler                                       src/ASF/sam/utils/cmsis/sam4s/source/templates/gcc/startup_sam4s.o
TC3_Handler                                       src/ASF/sam/utils/cmsis/sam4s/source/templates/gcc/startup_sam4s.o
TC4_Handler                                       src/ASF/sam/utils/cmsis/sam4s/source/templates/gcc/startup_sam4s.o
TC5_Handler                                       src/ASF/sam/utils/cmsis/sam4s/source/templates/gcc/startup_sam4s.o
TWI0_Handler                                      src/ASF/sam/utils/cmsis/sam4s/source/templates/gcc/startup_sam4s.o
TWI1_Handler                                      src/ASF/sam/utils/cmsis/sam4s/source/templates/gcc/startup_sam4s.o
UART0_Handler                                     src/ASF/sam/utils/cmsis/sam4s/source/templates/gcc/startup_sam4s.o
UART1_Handler                                     src/ASF/sam/utils/cmsis/sam4s/source/templates/gcc/startup_sam4s.o
UDP_Handler                                       src/ASF/sam/utils/cmsis/sam4s/source/templates/gcc/startup_sam4s.o
USART0_Handler                                    src/rs485pdc.o
USART1_Handler                                    src/ASF/sam/utils/cmsis/sam4s/source/templates/gcc/startup_sam4s.o
UsageFault_Handler                                src/ASF/sam/utils/cmsis/sam4s/source/templates/gcc/startup_sam4s.o
WDT_Handler                                       src/ASF/sam/utils/cmsis/sam4s/source/templates/gcc/startup_sam4s.o
_Jv_RegisterClasses                               c:/program files (x86)/atmel/studio/7.0/toolchain/arm/arm-gnu-toolchain/bin/../lib/gcc/arm-none-eabi/5.3.1/armv7e-m/crtbegin.o
__bss_end__                                       c:/program files (x86)/atmel/studio/7.0/toolchain/arm/arm-gnu-toolchain/bin/../lib/gcc/arm-none-eabi/5.3.1/../../../../arm-none-eabi/lib/armv7e-m/crt0.o
__bss_start__                                     c:/program files (x86)/atmel/studio/7.0/toolchain/arm/arm-gnu-toolchain/bin/../lib/gcc/arm-none-eabi/5.3.1/../../../../arm-none-eabi/lib/armv7e-m/crt0.o
__call_exitprocs                                  c:/program files (x86)/atmel/studio/7.0/toolchain/arm/arm-gnu-toolchain/bin/../lib/gcc/arm-none-eabi/5.3.1/../../../../arm-none-eabi/lib/armv7e-m\libc.a(lib_a-__call_atexit.o)
                                                  c:/program files (x86)/atmel/studio/7.0/toolchain/arm/arm-gnu-toolchain/bin/../lib/gcc/arm-none-eabi/5.3.1/../../../../arm-none-eabi/lib/armv7e-m\libc.a(lib_a-exit.o)
__deregister_frame_info                           c:/program files (x86)/atmel/studio/7.0/toolchain/arm/arm-gnu-toolchain/bin/../lib/gcc/arm-none-eabi/5.3.1/armv7e-m/crtbegin.o
__dso_handle                                      c:/program files (x86)/atmel/studio/7.0/toolchain/arm/arm-gnu-toolchain/bin/../lib/gcc/arm-none-eabi/5.3.1/armv7e-m/crtbegin.o
__fini_array_end                                  c:/program files (x86)/atmel/studio/7.0/toolchain/arm/arm-gnu-toolchain/bin/../lib/gcc/arm-none-eabi/5.3.1/../../../../arm-none-eabi/lib/armv7e-m\libc.a(lib_a-fini.o)
__fini_array_start                                c:/program files (x86)/atmel/studio/7.0/toolchain/arm/arm-gnu-toolchain/bin/../lib/gcc/arm-none-eabi/5.3.1/../../../../arm-none-eabi/lib/armv7e-m\libc.a(lib_a-fini.o)
__init_array_end                                  c:/program files (x86)/atmel/studio/7.0/toolchain/arm/arm-gnu-toolchain/bin/../lib/gcc/arm-none-eabi/5.3.1/../../../../arm-none-eabi/lib/armv7e-m\libc.a(lib_a-init.o)
__init_array_start                                c:/program files (x86)/atmel/studio/7.0/toolchain/arm/arm-gnu-toolchain/bin/../lib/gcc/arm-none-eabi/5.3.1/../../../../arm-none-eabi/lib/armv7e-m\libc.a(lib_a-init.o)
__libc_fini                                       c:/program files (x86)/atmel/studio/7.0/toolchain/arm/arm-gnu-toolchain/bin/../lib/gcc/arm-none-eabi/5.3.1/../../../../arm-none-eabi/lib/armv7e-m\libc.a(lib_a-__call_atexit.o)
__libc_fini_array                                 c:/program files (x86)/atmel/studio/7.0/toolchain/arm/arm-gnu-toolchain/bin/../lib/gcc/arm-none-eabi/5.3.1/../../../../arm-none-eabi/lib/armv7e-m\libc.a(lib_a-fini.o)
                                                  c:/program files (x86)/atmel/studio/7.0/toolchain/arm/arm-gnu-toolchain/bin/../lib/gcc/arm-none-eabi/5.3.1/../../../../arm-none-eabi/lib/armv7e-m\libc.a(lib_a-__call_atexit.o)
                                                  c:/program files (x86)/atmel/studio/7.0/toolchain/arm/arm-gnu-toolchain/bin/../lib/gcc/arm-none-eabi/5.3.1/../../../../arm-none-eabi/lib/armv7e-m/crt0.o
__libc_init_array                                 c:/program files (x86)/atmel/studio/7.0/toolchain/arm/arm-gnu-toolchain/bin/../lib/gcc/arm-none-eabi/5.3.1/../../../../arm-none-eabi/lib/armv7e-m\libc.a(lib_a-init.o)
                                                  src/ASF/sam/utils/cmsis/sam4s/source/templates/gcc/startup_sam4s.o
                                                  c:/program files (x86)/atmel/studio/7.0/toolchain/arm/arm-gnu-toolchain/bin/../lib/gcc/arm-none-eabi/5.3.1/../../../../arm-none-eabi/lib/armv7e-m/crt0.o
__preinit_array_end                               c:/program files (x86)/atmel/studio/7.0/toolchain/arm/arm-gnu-toolchain/bin/../lib/gcc/arm-none-eabi/5.3.1/../../../../arm-none-eabi/lib/armv7e-m\libc.a(lib_a-init.o)
__preinit_array_start                             c:/program files (x86)/atmel/studio/7.0/toolchain/arm/arm-gnu-toolchain/bin/../lib/gcc/arm-none-eabi/5.3.1/../../../../arm-none-eabi/lib/armv7e-m\libc.a(lib_a-init.o)
__ram_end__                                       src/ASF/sam/utils/syscalls/gcc/syscalls.o
__register_exitproc                               c:/program files (x86)/atmel/studio/7.0/toolchain/arm/arm-gnu-toolchain/bin/../lib/gcc/arm-none-eabi/5.3.1/../../../../arm-none-eabi/lib/armv7e-m\libc.a(lib_a-__atexit.o)
                                                  c:/program files (x86)/atmel/studio/7.0/toolchain/arm/arm-gnu-toolchain/bin/../lib/gcc/arm-none-eabi/5.3.1/../../../../arm-none-eabi/lib/armv7e-m\libc.a(lib_a-atexit.o)
__register_frame_info                             c:/program files (x86)/atmel/studio/7.0/toolchain/arm/arm-gnu-toolchain/bin/../lib/gcc/arm-none-eabi/5.3.1/armv7e-m/crtbegin.o
__stack                                           c:/program files (x86)/atmel/studio/7.0/toolchain/arm/arm-gnu-toolchain/bin/../lib/gcc/arm-none-eabi/5.3.1/../../../../arm-none-eabi/lib/armv7e-m/crt0.o
_close                                            src/ASF/sam/utils/syscalls/gcc/syscalls.o
_end                                              src/ASF/sam/utils/syscalls/gcc/syscalls.o
_erelocate                                        src/ASF/sam/utils/cmsis/sam4s/source/templates/gcc/startup_sam4s.o
_estack                                           src/ASF/sam/utils/cmsis/sam4s/source/templates/gcc/startup_sam4s.o
_etext                                            src/ASF/sam/utils/cmsis/sam4s/source/templates/gcc/startup_sam4s.o
_exit                                             src/ASF/sam/utils/syscalls/gcc/syscalls.o
                                                  c:/program files (x86)/atmel/studio/7.0/toolchain/arm/arm-gnu-toolchain/bin/../lib/gcc/arm-none-eabi/5.3.1/../../../../arm-none-eabi/lib/armv7e-m\libc.a(lib_a-exit.o)
_ezero                                            src/ASF/sam/utils/cmsis/sam4s/source/templates/gcc/startup_sam4s.o
_fini                                             c:/program files (x86)/atmel/studio/7.0/toolchain/arm/arm-gnu-toolchain/bin/../lib/gcc/arm-none-eabi/5.3.1/armv7e-m/crti.o
                                                  c:/program files (x86)/atmel/studio/7.0/toolchain/arm/arm-gnu-toolchain/bin/../lib/gcc/arm-none-eabi/5.3.1/../../../../arm-none-eabi/lib/armv7e-m\libc.a(lib_a-fini.o)
_fstat                                            src/ASF/sam/utils/syscalls/gcc/syscalls.o
_getpid                                           src/ASF/sam/utils/syscalls/gcc/syscalls.o
_global_impure_ptr                                c:/program files (x86)/atmel/studio/7.0/toolchain/arm/arm-gnu-toolchain/bin/../lib/gcc/arm-none-eabi/5.3.1/../../../../arm-none-eabi/lib/armv7e-m\libc.a(lib_a-impure.o)
                                                  c:/program files (x86)/atmel/studio/7.0/toolchain/arm/arm-gnu-toolchain/bin/../lib/gcc/arm-none-eabi/5.3.1/../../../../arm-none-eabi/lib/armv7e-m\libc.a(lib_a-__atexit.o)
                                                  c:/program files (x86)/atmel/studio/7.0/toolchain/arm/arm-gnu-toolchain/bin/../lib/gcc/arm-none-eabi/5.3.1/../../../../arm-none-eabi/lib/armv7e-m\libc.a(lib_a-__call_atexit.o)
                                                  c:/program files (x86)/atmel/studio/7.0/toolchain/arm/arm-gnu-toolchain/bin/../lib/gcc/arm-none-eabi/5.3.1/../../../../arm-none-eabi/lib/armv7e-m\libc.a(lib_a-exit.o)
_impure_ptr                                       c:/program files (x86)/atmel/studio/7.0/toolchain/arm/arm-gnu-toolchain/bin/../lib/gcc/arm-none-eabi/5.3.1/../../../../arm-none-eabi/lib/armv7e-m\libc.a(lib_a-impure.o)
_init                                             c:/program files (x86)/atmel/studio/7.0/toolchain/arm/arm-gnu-toolchain/bin/../lib/gcc/arm-none-eabi/5.3.1/armv7e-m/crti.o
                                                  c:/program files (x86)/atmel/studio/7.0/toolchain/arm/arm-gnu-toolchain/bin/../lib/gcc/arm-none-eabi/5.3.1/../../../../arm-none-eabi/lib/armv7e-m\libc.a(lib_a-init.o)
_isatty                                           src/ASF/sam/utils/syscalls/gcc/syscalls.o
_kill                                             src/ASF/sam/utils/syscalls/gcc/syscalls.o
_lseek                                            src/ASF/sam/utils/syscalls/gcc/syscalls.o
_mainCRTStartup                                   c:/program files (x86)/atmel/studio/7.0/toolchain/arm/arm-gnu-toolchain/bin/../lib/gcc/arm-none-eabi/5.3.1/../../../../arm-none-eabi/lib/armv7e-m/crt0.o
_sbrk                                             src/ASF/sam/utils/syscalls/gcc/syscalls.o
_sfixed                                           src/ASF/sam/utils/cmsis/sam4s/source/templates/gcc/startup_sam4s.o
_srelocate                                        src/ASF/sam/utils/cmsis/sam4s/source/templates/gcc/startup_sam4s.o
_start                                            c:/program files (x86)/atmel/studio/7.0/toolchain/arm/arm-gnu-toolchain/bin/../lib/gcc/arm-none-eabi/5.3.1/../../../../arm-none-eabi/lib/armv7e-m/crt0.o
_szero                                            src/ASF/sam/utils/cmsis/sam4s/source/templates/gcc/startup_sam4s.o
atexit                                            c:/program files (x86)/atmel/studio/7.0/toolchain/arm/arm-gnu-toolchain/bin/../lib/gcc/arm-none-eabi/5.3.1/../../../../arm-none-eabi/lib/armv7e-m\libc.a(lib_a-atexit.o)
                                                  c:/program files (x86)/atmel/studio/7.0/toolchain/arm/arm-gnu-toolchain/bin/../lib/gcc/arm-none-eabi/5.3.1/../../../../arm-none-eabi/lib/armv7e-m\libc.a(lib_a-__call_atexit.o)
                                                  c:/program files (x86)/atmel/studio/7.0/toolchain/arm/arm-gnu-toolchain/bin/../lib/gcc/arm-none-eabi/5.3.1/../../../../arm-none-eabi/lib/armv7e-m/crt0.o
board_init                                        src/ASF/common/boards/user_board/init.o
                                                  src/main.o
cpu_irq_enter_critical                            src/ASF/common/utils/interrupt/interrupt_sam_nvic.o
cpu_irq_leave_critical                            src/ASF/common/utils/interrupt/interrupt_sam_nvic.o
efc_disable_cloe                                  src/ASF/sam/drivers/efc/efc.o
efc_disable_frdy_interrupt                        src/ASF/sam/drivers/efc/efc.o
efc_enable_cloe                                   src/ASF/sam/drivers/efc/efc.o
efc_enable_frdy_interrupt                         src/ASF/sam/drivers/efc/efc.o
efc_get_flash_access_mode                         src/ASF/sam/drivers/efc/efc.o
efc_get_result                                    src/ASF/sam/drivers/efc/efc.o
                                                  src/ASF/sam/services/flash_efc/flash_efc.o
efc_get_status                                    src/ASF/sam/drivers/efc/efc.o
efc_get_wait_state                                src/ASF/sam/drivers/efc/efc.o
                                                  src/ASF/sam/services/flash_efc/flash_efc.o
efc_init                                          src/ASF/sam/drivers/efc/efc.o
                                                  src/ASF/sam/services/flash_efc/flash_efc.o
efc_perform_command                               src/ASF/sam/drivers/efc/efc.o
                                                  src/ASF/sam/services/flash_efc/flash_efc.o
efc_perform_fcr                                   src/ASF/sam/drivers/efc/efc.o
efc_perform_read_sequence                         src/ASF/sam/drivers/efc/efc.o
                                                  src/ASF/sam/services/flash_efc/flash_efc.o
efc_set_flash_access_mode                         src/ASF/sam/drivers/efc/efc.o
efc_set_wait_state                                src/ASF/sam/drivers/efc/efc.o
                                                  src/ASF/sam/services/flash_efc/flash_efc.o
efc_write_fmr                                     src/ASF/sam/drivers/efc/efc.o
exception_table                                   src/ASF/sam/utils/cmsis/sam4s/source/templates/gcc/startup_sam4s.o
exit                                              c:/program files (x86)/atmel/studio/7.0/toolchain/arm/arm-gnu-toolchain/bin/../lib/gcc/arm-none-eabi/5.3.1/../../../../arm-none-eabi/lib/armv7e-m\libc.a(lib_a-exit.o)
                                                  c:/program files (x86)/atmel/studio/7.0/toolchain/arm/arm-gnu-toolchain/bin/../lib/gcc/arm-none-eabi/5.3.1/../../../../arm-none-eabi/lib/armv7e-m/crt0.o
flash_clear_gpnvm                                 src/ASF/sam/services/flash_efc/flash_efc.o
flash_enable_security_bit                         src/ASF/sam/services/flash_efc/flash_efc.o
                                                  src/ASF/common/drivers/nvm/sam/sam_nvm.o
flash_erase_all                                   src/ASF/sam/services/flash_efc/flash_efc.o
flash_erase_page                                  src/ASF/sam/services/flash_efc/flash_efc.o
                                                  src/ASF/common/drivers/nvm/sam/sam_nvm.o
flash_erase_sector                                src/ASF/sam/services/flash_efc/flash_efc.o
flash_erase_user_signature                        src/ASF/sam/services/flash_efc/flash_efc.o
                                                  src/ASF/common/drivers/nvm/sam/sam_nvm.o
flash_get_descriptor                              src/ASF/sam/services/flash_efc/flash_efc.o
flash_get_page_count                              src/ASF/sam/services/flash_efc/flash_efc.o
flash_get_page_count_per_region                   src/ASF/sam/services/flash_efc/flash_efc.o
flash_get_region_count                            src/ASF/sam/services/flash_efc/flash_efc.o
flash_get_wait_state                              src/ASF/sam/services/flash_efc/flash_efc.o
flash_init                                        src/ASF/sam/services/flash_efc/flash_efc.o
flash_is_gpnvm_set                                src/ASF/sam/services/flash_efc/flash_efc.o
flash_is_locked                                   src/ASF/sam/services/flash_efc/flash_efc.o
flash_is_security_bit_enabled                     src/ASF/sam/services/flash_efc/flash_efc.o
flash_lock                                        src/ASF/sam/services/flash_efc/flash_efc.o
flash_read_unique_id                              src/ASF/sam/services/flash_efc/flash_efc.o
flash_read_user_signature                         src/ASF/sam/services/flash_efc/flash_efc.o
                                                  src/ASF/common/drivers/nvm/sam/sam_nvm.o
flash_set_gpnvm                                   src/ASF/sam/services/flash_efc/flash_efc.o
flash_set_wait_state                              src/ASF/sam/services/flash_efc/flash_efc.o
flash_set_wait_state_adaptively                   src/ASF/sam/services/flash_efc/flash_efc.o
flash_unlock                                      src/ASF/sam/services/flash_efc/flash_efc.o
flash_write                                       src/ASF/sam/services/flash_efc/flash_efc.o
                                                  src/ASF/common/drivers/nvm/sam/sam_nvm.o
flash_write_user_signature                        src/ASF/sam/services/flash_efc/flash_efc.o
                                                  src/ASF/common/drivers/nvm/sam/sam_nvm.o
free                                              c:/program files (x86)/atmel/studio/7.0/toolchain/arm/arm-gnu-toolchain/bin/../lib/gcc/arm-none-eabi/5.3.1/../../../../arm-none-eabi/lib/armv7e-m\libc.a(lib_a-__call_atexit.o)
g_interrupt_enabled                               src/ASF/common/utils/interrupt/interrupt_sam_nvic.o
                                                  src/ASF/sam/drivers/pmc/sleep.o
                                                  src/ASF/sam/drivers/efc/efc.o
hardware_init_hook                                c:/program files (x86)/atmel/studio/7.0/toolchain/arm/arm-gnu-toolchain/bin/../lib/gcc/arm-none-eabi/5.3.1/../../../../arm-none-eabi/lib/armv7e-m/crt0.o
link                                              src/ASF/sam/utils/syscalls/gcc/syscalls.o
main                                              src/main.o
                                                  src/ASF/sam/utils/cmsis/sam4s/source/templates/gcc/startup_sam4s.o
                                                  c:/program files (x86)/atmel/studio/7.0/toolchain/arm/arm-gnu-toolchain/bin/../lib/gcc/arm-none-eabi/5.3.1/../../../../arm-none-eabi/lib/armv7e-m/crt0.o
malloc                                            c:/program files (x86)/atmel/studio/7.0/toolchain/arm/arm-gnu-toolchain/bin/../lib/gcc/arm-none-eabi/5.3.1/../../../../arm-none-eabi/lib/armv7e-m\libc.a(lib_a-__atexit.o)
memcpy                                            c:/program files (x86)/atmel/studio/7.0/toolchain/arm/arm-gnu-toolchain/bin/../lib/gcc/arm-none-eabi/5.3.1/../../../../arm-none-eabi/lib/armv7e-m\libc.a(lib_a-memcpy.o)
                                                  src/ASF/sam/services/flash_efc/flash_efc.o
                                                  src/ASF/common/drivers/nvm/sam/sam_nvm.o
memset                                            c:/program files (x86)/atmel/studio/7.0/toolchain/arm/arm-gnu-toolchain/bin/../lib/gcc/arm-none-eabi/5.3.1/../../../../arm-none-eabi/lib/armv7e-m\libc.a(lib_a-memset.o)
                                                  c:/program files (x86)/atmel/studio/7.0/toolchain/arm/arm-gnu-toolchain/bin/../lib/gcc/arm-none-eabi/5.3.1/../../../../arm-none-eabi/lib/armv7e-m/crt0.o
nvm_get_page_size                                 src/ASF/common/drivers/nvm/sam/sam_nvm.o
nvm_get_pagenumber                                src/ASF/common/drivers/nvm/sam/sam_nvm.o
nvm_get_size                                      src/ASF/common/drivers/nvm/sam/sam_nvm.o
nvm_init                                          src/ASF/common/drivers/nvm/sam/sam_nvm.o
nvm_page_erase                                    src/ASF/common/drivers/nvm/sam/sam_nvm.o
nvm_read                                          src/ASF/common/drivers/nvm/sam/sam_nvm.o
nvm_read_char                                     src/ASF/common/drivers/nvm/sam/sam_nvm.o
nvm_set_security_bit                              src/ASF/common/drivers/nvm/sam/sam_nvm.o
nvm_write                                         src/ASF/common/drivers/nvm/sam/sam_nvm.o
nvm_write_char                                    src/ASF/common/drivers/nvm/sam/sam_nvm.o
pdc_disable_transfer                              src/ASF/sam/drivers/pdc/pdc.o
pdc_enable_transfer                               src/ASF/sam/drivers/pdc/pdc.o
                                                  src/rs485pdc.o
pdc_read_rx_counter                               src/ASF/sam/drivers/pdc/pdc.o
pdc_read_rx_next_counter                          src/ASF/sam/drivers/pdc/pdc.o
pdc_read_rx_next_ptr                              src/ASF/sam/drivers/pdc/pdc.o
pdc_read_rx_ptr                                   src/ASF/sam/drivers/pdc/pdc.o
pdc_read_status                                   src/ASF/sam/drivers/pdc/pdc.o
pdc_read_tx_counter                               src/ASF/sam/drivers/pdc/pdc.o
pdc_read_tx_next_counter                          src/ASF/sam/drivers/pdc/pdc.o
pdc_read_tx_next_ptr                              src/ASF/sam/drivers/pdc/pdc.o
pdc_read_tx_ptr                                   src/ASF/sam/drivers/pdc/pdc.o
pdc_rx_clear_cnt                                  src/ASF/sam/drivers/pdc/pdc.o
pdc_rx_init                                       src/ASF/sam/drivers/pdc/pdc.o
                                                  src/rs485pdc.o
pdc_tx_init                                       src/ASF/sam/drivers/pdc/pdc.o
                                                  src/rs485pdc.o
pio_capture_disable                               src/ASF/sam/drivers/pio/pio.o
pio_capture_disable_interrupt                     src/ASF/sam/drivers/pio/pio.o
pio_capture_enable                                src/ASF/sam/drivers/pio/pio.o
pio_capture_enable_flag                           src/ASF/sam/drivers/pio/pio.o
                                                  src/ASF/sam/drivers/pio/pio_handler.o
pio_capture_enable_interrupt                      src/ASF/sam/drivers/pio/pio.o
pio_capture_get_interrupt_mask                    src/ASF/sam/drivers/pio/pio.o
pio_capture_get_interrupt_status                  src/ASF/sam/drivers/pio/pio.o
pio_capture_get_pdc_base                          src/ASF/sam/drivers/pio/pio.o
pio_capture_handler_set                           src/ASF/sam/drivers/pio/pio_handler.o
pio_capture_read                                  src/ASF/sam/drivers/pio/pio.o
pio_capture_set_mode                              src/ASF/sam/drivers/pio/pio.o
pio_clear                                         src/ASF/sam/drivers/pio/pio.o
pio_configure                                     src/ASF/sam/drivers/pio/pio.o
pio_configure_interrupt                           src/ASF/sam/drivers/pio/pio.o
                                                  src/ASF/sam/drivers/pio/pio_handler.o
pio_configure_pin                                 src/ASF/sam/drivers/pio/pio.o
pio_configure_pin_group                           src/ASF/sam/drivers/pio/pio.o
                                                  src/ASF/common/boards/user_board/init.o
pio_disable_interrupt                             src/ASF/sam/drivers/pio/pio.o
                                                  src/ASF/sam/drivers/pio/pio_handler.o
pio_disable_output_write                          src/ASF/sam/drivers/pio/pio.o
pio_disable_pin_interrupt                         src/ASF/sam/drivers/pio/pio.o
pio_enable_interrupt                              src/ASF/sam/drivers/pio/pio.o
                                                  src/ASF/sam/drivers/pio/pio_handler.o
pio_enable_output_write                           src/ASF/sam/drivers/pio/pio.o
pio_enable_pin_interrupt                          src/ASF/sam/drivers/pio/pio.o
pio_get                                           src/ASF/sam/drivers/pio/pio.o
pio_get_interrupt_mask                            src/ASF/sam/drivers/pio/pio.o
                                                  src/ASF/sam/drivers/pio/pio_handler.o
pio_get_interrupt_status                          src/ASF/sam/drivers/pio/pio.o
                                                  src/ASF/sam/drivers/pio/pio_handler.o
pio_get_multi_driver_status                       src/ASF/sam/drivers/pio/pio.o
pio_get_output_data_status                        src/ASF/sam/drivers/pio/pio.o
pio_get_output_write_status                       src/ASF/sam/drivers/pio/pio.o
pio_get_pin_group                                 src/ASF/sam/drivers/pio/pio.o
                                                  src/ASF/sam/drivers/pio/pio_handler.o
pio_get_pin_group_id                              src/ASF/sam/drivers/pio/pio.o
                                                  src/ASF/sam/drivers/pio/pio_handler.o
pio_get_pin_group_mask                            src/ASF/sam/drivers/pio/pio.o
                                                  src/ASF/sam/drivers/pio/pio_handler.o
pio_get_pin_value                                 src/ASF/sam/drivers/pio/pio.o
pio_get_schmitt_trigger                           src/ASF/sam/drivers/pio/pio.o
pio_get_writeprotect_status                       src/ASF/sam/drivers/pio/pio.o
pio_handler_process                               src/ASF/sam/drivers/pio/pio_handler.o
pio_handler_set                                   src/ASF/sam/drivers/pio/pio_handler.o
pio_handler_set_pin                               src/ASF/sam/drivers/pio/pio_handler.o
pio_handler_set_priority                          src/ASF/sam/drivers/pio/pio_handler.o
pio_pull_down                                     src/ASF/sam/drivers/pio/pio.o
pio_pull_up                                       src/ASF/sam/drivers/pio/pio.o
pio_set                                           src/ASF/sam/drivers/pio/pio.o
pio_set_additional_interrupt_mode                 src/ASF/sam/drivers/pio/pio.o
pio_set_debounce_filter                           src/ASF/sam/drivers/pio/pio.o
pio_set_input                                     src/ASF/sam/drivers/pio/pio.o
pio_set_multi_driver                              src/ASF/sam/drivers/pio/pio.o
pio_set_output                                    src/ASF/sam/drivers/pio/pio.o
pio_set_peripheral                                src/ASF/sam/drivers/pio/pio.o
pio_set_pin_group_high                            src/ASF/sam/drivers/pio/pio.o
pio_set_pin_group_low                             src/ASF/sam/drivers/pio/pio.o
pio_set_pin_high                                  src/ASF/sam/drivers/pio/pio.o
pio_set_pin_low                                   src/ASF/sam/drivers/pio/pio.o
pio_set_schmitt_trigger                           src/ASF/sam/drivers/pio/pio.o
pio_set_writeprotect                              src/ASF/sam/drivers/pio/pio.o
pio_sync_output_write                             src/ASF/sam/drivers/pio/pio.o
pio_toggle_pin                                    src/ASF/sam/drivers/pio/pio.o
pio_toggle_pin_group                              src/ASF/sam/drivers/pio/pio.o
pmc_clr_fast_startup_input                        src/ASF/sam/drivers/pmc/pmc.o
pmc_disable_all_pck                               src/ASF/sam/drivers/pmc/pmc.o
pmc_disable_all_periph_clk                        src/ASF/sam/drivers/pmc/pmc.o
pmc_disable_clock_failure_detector                src/ASF/sam/drivers/pmc/pmc.o
pmc_disable_interrupt                             src/ASF/sam/drivers/pmc/pmc.o
pmc_disable_pck                                   src/ASF/sam/drivers/pmc/pmc.o
pmc_disable_periph_clk                            src/ASF/sam/drivers/pmc/pmc.o
pmc_disable_pllack                                src/ASF/sam/drivers/pmc/pmc.o
                                                  src/ASF/sam/drivers/pmc/sleep.o
                                                  src/ASF/common/services/clock/sam4s/sysclk.o
pmc_disable_pllbck                                src/ASF/sam/drivers/pmc/pmc.o
                                                  src/ASF/sam/drivers/pmc/sleep.o
pmc_disable_udpck                                 src/ASF/sam/drivers/pmc/pmc.o
pmc_enable_all_pck                                src/ASF/sam/drivers/pmc/pmc.o
pmc_enable_all_periph_clk                         src/ASF/sam/drivers/pmc/pmc.o
pmc_enable_backupmode                             src/ASF/sam/drivers/pmc/pmc.o
pmc_enable_clock_failure_detector                 src/ASF/sam/drivers/pmc/pmc.o
pmc_enable_interrupt                              src/ASF/sam/drivers/pmc/pmc.o
pmc_enable_pck                                    src/ASF/sam/drivers/pmc/pmc.o
pmc_enable_periph_clk                             src/ASF/sam/drivers/pmc/pmc.o
                                                  src/rs485pdc.o
pmc_enable_pllack                                 src/ASF/sam/drivers/pmc/pmc.o
pmc_enable_pllbck                                 src/ASF/sam/drivers/pmc/pmc.o
pmc_enable_sleepmode                              src/ASF/sam/drivers/pmc/pmc.o
pmc_enable_udpck                                  src/ASF/sam/drivers/pmc/pmc.o
pmc_enable_waitmode                               src/ASF/sam/drivers/pmc/pmc.o
                                                  src/ASF/sam/drivers/pmc/sleep.o
pmc_get_interrupt_mask                            src/ASF/sam/drivers/pmc/pmc.o
pmc_get_status                                    src/ASF/sam/drivers/pmc/pmc.o
pmc_get_writeprotect_status                       src/ASF/sam/drivers/pmc/pmc.o
pmc_is_locked_pllack                              src/ASF/sam/drivers/pmc/pmc.o
                                                  src/ASF/common/services/clock/sam4s/sysclk.o
pmc_is_locked_pllbck                              src/ASF/sam/drivers/pmc/pmc.o
pmc_is_pck_enabled                                src/ASF/sam/drivers/pmc/pmc.o
pmc_is_periph_clk_enabled                         src/ASF/sam/drivers/pmc/pmc.o
pmc_is_wakeup_clocks_restored                     src/ASF/sam/drivers/pmc/sleep.o
pmc_mainck_osc_select                             src/ASF/sam/drivers/pmc/pmc.o
pmc_mck_set_prescaler                             src/ASF/sam/drivers/pmc/pmc.o
                                                  src/ASF/common/services/clock/sam4s/sysclk.o
pmc_mck_set_source                                src/ASF/sam/drivers/pmc/pmc.o
                                                  src/ASF/common/services/clock/sam4s/sysclk.o
pmc_osc_bypass_main_xtal                          src/ASF/sam/drivers/pmc/pmc.o
pmc_osc_disable_fastrc                            src/ASF/sam/drivers/pmc/pmc.o
pmc_osc_disable_main_xtal                         src/ASF/sam/drivers/pmc/pmc.o
pmc_osc_disable_xtal                              src/ASF/sam/drivers/pmc/pmc.o
pmc_osc_enable_fastrc                             src/ASF/sam/drivers/pmc/pmc.o
pmc_osc_enable_main_xtal                          src/ASF/sam/drivers/pmc/pmc.o
pmc_osc_is_bypassed_main_xtal                     src/ASF/sam/drivers/pmc/pmc.o
pmc_osc_is_ready_32kxtal                          src/ASF/sam/drivers/pmc/pmc.o
pmc_osc_is_ready_fastrc                           src/ASF/sam/drivers/pmc/pmc.o
pmc_osc_is_ready_main_xtal                        src/ASF/sam/drivers/pmc/pmc.o
pmc_osc_is_ready_mainck                           src/ASF/sam/drivers/pmc/pmc.o
                                                  src/ASF/common/services/clock/sam4s/sysclk.o
pmc_pck_set_prescaler                             src/ASF/sam/drivers/pmc/pmc.o
pmc_pck_set_source                                src/ASF/sam/drivers/pmc/pmc.o
pmc_set_fast_startup_input                        src/ASF/sam/drivers/pmc/pmc.o
pmc_set_flash_in_wait_mode                        src/ASF/sam/drivers/pmc/pmc.o
                                                  src/ASF/sam/drivers/pmc/sleep.o
pmc_set_writeprotect                              src/ASF/sam/drivers/pmc/pmc.o
pmc_sleep                                         src/ASF/sam/drivers/pmc/sleep.o
pmc_switch_mainck_to_fastrc                       src/ASF/sam/drivers/pmc/pmc.o
                                                  src/ASF/common/services/clock/sam4s/sysclk.o
pmc_switch_mainck_to_xtal                         src/ASF/sam/drivers/pmc/pmc.o
pmc_switch_mck_to_mainck                          src/ASF/sam/drivers/pmc/pmc.o
pmc_switch_mck_to_pllack                          src/ASF/sam/drivers/pmc/pmc.o
                                                  src/ASF/common/services/clock/sam4s/sysclk.o
pmc_switch_mck_to_pllbck                          src/ASF/sam/drivers/pmc/pmc.o
pmc_switch_mck_to_sclk                            src/ASF/sam/drivers/pmc/pmc.o
pmc_switch_pck_to_mainck                          src/ASF/sam/drivers/pmc/pmc.o
pmc_switch_pck_to_mck                             src/ASF/sam/drivers/pmc/pmc.o
pmc_switch_pck_to_pllack                          src/ASF/sam/drivers/pmc/pmc.o
pmc_switch_pck_to_pllbck                          src/ASF/sam/drivers/pmc/pmc.o
pmc_switch_pck_to_sclk                            src/ASF/sam/drivers/pmc/pmc.o
pmc_switch_sclk_to_32kxtal                        src/ASF/sam/drivers/pmc/pmc.o
pmc_switch_udpck_to_pllack                        src/ASF/sam/drivers/pmc/pmc.o
pmc_switch_udpck_to_pllbck                        src/ASF/sam/drivers/pmc/pmc.o
pmc_wait_wakeup_clocks_restore                    src/ASF/sam/drivers/pmc/sleep.o
portable_delay_cycles                             src/ASF/common/services/delay/sam/cycle_counter.o
rs485PdcBase                                      src/rs485pdc.o
rs485PdcPkt                                       src/rs485pdc.o
rs485RxBuffer                                     src/main.o
rs485TxBuffer                                     src/main.o
rxDone                                            src/rs485pdc.o
software_init_hook                                c:/program files (x86)/atmel/studio/7.0/toolchain/arm/arm-gnu-toolchain/bin/../lib/gcc/arm-none-eabi/5.3.1/../../../../arm-none-eabi/lib/armv7e-m/crt0.o
sysclk_init                                       src/ASF/common/services/clock/sam4s/sysclk.o
                                                  src/main.o
sysclk_set_prescalers                             src/ASF/common/services/clock/sam4s/sysclk.o
sysclk_set_source                                 src/ASF/common/services/clock/sam4s/sysclk.o
system_init_flash                                 src/ASF/sam/utils/cmsis/sam4s/source/templates/system_sam4s.o
                                                  src/ASF/common/services/clock/sam4s/sysclk.o
txDone                                            src/rs485pdc.o
usart_disable_interrupt                           src/ASF/sam/drivers/usart/usart.o
                                                  src/rs485pdc.o
usart_disable_rx                                  src/ASF/sam/drivers/usart/usart.o
usart_disable_tx                                  src/ASF/sam/drivers/usart/usart.o
usart_disable_writeprotect                        src/ASF/sam/drivers/usart/usart.o
usart_drive_DTR_pin_high                          src/ASF/sam/drivers/usart/usart.o
usart_drive_DTR_pin_low                           src/ASF/sam/drivers/usart/usart.o
usart_drive_RTS_pin_high                          src/ASF/sam/drivers/usart/usart.o
usart_drive_RTS_pin_low                           src/ASF/sam/drivers/usart/usart.o
usart_enable_interrupt                            src/ASF/sam/drivers/usart/usart.o
                                                  src/rs485pdc.o
usart_enable_rx                                   src/ASF/sam/drivers/usart/usart.o
                                                  src/rs485pdc.o
usart_enable_tx                                   src/ASF/sam/drivers/usart/usart.o
                                                  src/rs485pdc.o
usart_enable_writeprotect                         src/ASF/sam/drivers/usart/usart.o
usart_get_error_number                            src/ASF/sam/drivers/usart/usart.o
usart_get_interrupt_mask                          src/ASF/sam/drivers/usart/usart.o
usart_get_pdc_base                                src/ASF/sam/drivers/usart/usart.o
                                                  src/rs485pdc.o
usart_get_status                                  src/ASF/sam/drivers/usart/usart.o
                                                  src/rs485pdc.o
usart_get_writeprotect_status                     src/ASF/sam/drivers/usart/usart.o
usart_getchar                                     src/ASF/sam/drivers/usart/usart.o
usart_init_hw_handshaking                         src/ASF/sam/drivers/usart/usart.o
usart_init_irda                                   src/ASF/sam/drivers/usart/usart.o
usart_init_iso7816                                src/ASF/sam/drivers/usart/usart.o
usart_init_modem                                  src/ASF/sam/drivers/usart/usart.o
usart_init_rs232                                  src/ASF/sam/drivers/usart/usart.o
usart_init_rs485                                  src/ASF/sam/drivers/usart/usart.o
                                                  src/rs485pdc.o
usart_init_spi_master                             src/ASF/sam/drivers/usart/usart.o
usart_init_spi_slave                              src/ASF/sam/drivers/usart/usart.o
usart_init_sync_master                            src/ASF/sam/drivers/usart/usart.o
usart_init_sync_slave                             src/ASF/sam/drivers/usart/usart.o
usart_is_rx_buf_end                               src/ASF/sam/drivers/usart/usart.o
usart_is_rx_buf_full                              src/ASF/sam/drivers/usart/usart.o
usart_is_rx_ready                                 src/ASF/sam/drivers/usart/usart.o
usart_is_tx_buf_empty                             src/ASF/sam/drivers/usart/usart.o
usart_is_tx_buf_end                               src/ASF/sam/drivers/usart/usart.o
usart_is_tx_empty                                 src/ASF/sam/drivers/usart/usart.o
usart_is_tx_ready                                 src/ASF/sam/drivers/usart/usart.o
usart_man_disable_drift_compensation              src/ASF/sam/drivers/usart/usart.o
usart_man_enable_drift_compensation               src/ASF/sam/drivers/usart/usart.o
usart_man_set_rx_polarity                         src/ASF/sam/drivers/usart/usart.o
usart_man_set_rx_pre_len                          src/ASF/sam/drivers/usart/usart.o
usart_man_set_rx_pre_pattern                      src/ASF/sam/drivers/usart/usart.o
usart_man_set_tx_polarity                         src/ASF/sam/drivers/usart/usart.o
usart_man_set_tx_pre_len                          src/ASF/sam/drivers/usart/usart.o
usart_man_set_tx_pre_pattern                      src/ASF/sam/drivers/usart/usart.o
usart_putchar                                     src/ASF/sam/drivers/usart/usart.o
usart_read                                        src/ASF/sam/drivers/usart/usart.o
usart_reset                                       src/ASF/sam/drivers/usart/usart.o
usart_reset_iterations                            src/ASF/sam/drivers/usart/usart.o
usart_reset_nack                                  src/ASF/sam/drivers/usart/usart.o
usart_reset_rx                                    src/ASF/sam/drivers/usart/usart.o
usart_reset_status                                src/ASF/sam/drivers/usart/usart.o
usart_reset_tx                                    src/ASF/sam/drivers/usart/usart.o
usart_restart_rx_timeout                          src/ASF/sam/drivers/usart/usart.o
usart_send_address                                src/ASF/sam/drivers/usart/usart.o
usart_set_async_baudrate                          src/ASF/sam/drivers/usart/usart.o
usart_set_rx_timeout                              src/ASF/sam/drivers/usart/usart.o
usart_set_tx_timeguard                            src/ASF/sam/drivers/usart/usart.o
usart_spi_force_chip_select                       src/ASF/sam/drivers/usart/usart.o
usart_spi_release_chip_select                     src/ASF/sam/drivers/usart/usart.o
usart_start_rx_timeout                            src/ASF/sam/drivers/usart/usart.o
usart_start_tx_break                              src/ASF/sam/drivers/usart/usart.o
usart_stop_tx_break                               src/ASF/sam/drivers/usart/usart.o
usart_write                                       src/ASF/sam/drivers/usart/usart.o
usart_write_line                                  src/ASF/sam/drivers/usart/usart.o
