Archive member included to satisfy reference by file (symbol)

c:/program files (x86)/atmel/studio/7.0/toolchain/arm/arm-gnu-toolchain/bin/../lib/gcc/arm-none-eabi/5.3.1/armv7e-m\libgcc.a(_aeabi_uldivmod.o)
                              src/main.o (__aeabi_uldivmod)
c:/program files (x86)/atmel/studio/7.0/toolchain/arm/arm-gnu-toolchain/bin/../lib/gcc/arm-none-eabi/5.3.1/armv7e-m\libgcc.a(_udivmoddi4.o)
                              c:/program files (x86)/atmel/studio/7.0/toolchain/arm/arm-gnu-toolchain/bin/../lib/gcc/arm-none-eabi/5.3.1/armv7e-m\libgcc.a(_aeabi_uldivmod.o) (__udivmoddi4)
c:/program files (x86)/atmel/studio/7.0/toolchain/arm/arm-gnu-toolchain/bin/../lib/gcc/arm-none-eabi/5.3.1/armv7e-m\libgcc.a(_dvmd_tls.o)
                              c:/program files (x86)/atmel/studio/7.0/toolchain/arm/arm-gnu-toolchain/bin/../lib/gcc/arm-none-eabi/5.3.1/armv7e-m\libgcc.a(_aeabi_uldivmod.o) (__aeabi_ldiv0)
c:/program files (x86)/atmel/studio/7.0/toolchain/arm/arm-gnu-toolchain/bin/../lib/gcc/arm-none-eabi/5.3.1/../../../../arm-none-eabi/lib/armv7e-m\libc.a(lib_a-exit.o)
                              c:/program files (x86)/atmel/studio/7.0/toolchain/arm/arm-gnu-toolchain/bin/../lib/gcc/arm-none-eabi/5.3.1/../../../../arm-none-eabi/lib/armv7e-m/crt0.o (exit)
c:/program files (x86)/atmel/studio/7.0/toolchain/arm/arm-gnu-toolchain/bin/../lib/gcc/arm-none-eabi/5.3.1/../../../../arm-none-eabi/lib/armv7e-m\libc.a(lib_a-impure.o)
                              c:/program files (x86)/atmel/studio/7.0/toolchain/arm/arm-gnu-toolchain/bin/../lib/gcc/arm-none-eabi/5.3.1/../../../../arm-none-eabi/lib/armv7e-m\libc.a(lib_a-exit.o) (_global_impure_ptr)
c:/program files (x86)/atmel/studio/7.0/toolchain/arm/arm-gnu-toolchain/bin/../lib/gcc/arm-none-eabi/5.3.1/../../../../arm-none-eabi/lib/armv7e-m\libc.a(lib_a-init.o)
                              c:/program files (x86)/atmel/studio/7.0/toolchain/arm/arm-gnu-toolchain/bin/../lib/gcc/arm-none-eabi/5.3.1/../../../../arm-none-eabi/lib/armv7e-m/crt0.o (__libc_init_array)
c:/program files (x86)/atmel/studio/7.0/toolchain/arm/arm-gnu-toolchain/bin/../lib/gcc/arm-none-eabi/5.3.1/../../../../arm-none-eabi/lib/armv7e-m\libc.a(lib_a-memcpy.o)
                              src/ASF/common/drivers/nvm/sam/sam_nvm.o (memcpy)
c:/program files (x86)/atmel/studio/7.0/toolchain/arm/arm-gnu-toolchain/bin/../lib/gcc/arm-none-eabi/5.3.1/../../../../arm-none-eabi/lib/armv7e-m\libc.a(lib_a-memset.o)
                              c:/program files (x86)/atmel/studio/7.0/toolchain/arm/arm-gnu-toolchain/bin/../lib/gcc/arm-none-eabi/5.3.1/../../../../arm-none-eabi/lib/armv7e-m/crt0.o (memset)
c:/program files (x86)/atmel/studio/7.0/toolchain/arm/arm-gnu-toolchain/bin/../lib/gcc/arm-none-eabi/5.3.1/../../../../arm-none-eabi/lib/armv7e-m\libc.a(lib_a-__call_atexit.o)
                              c:/program files (x86)/atmel/studio/7.0/toolchain/arm/arm-gnu-toolchain/bin/../lib/gcc/arm-none-eabi/5.3.1/../../../../arm-none-eabi/lib/armv7e-m\libc.a(lib_a-exit.o) (__call_exitprocs)
c:/program files (x86)/atmel/studio/7.0/toolchain/arm/arm-gnu-toolchain/bin/../lib/gcc/arm-none-eabi/5.3.1/../../../../arm-none-eabi/lib/armv7e-m\libc.a(lib_a-atexit.o)
                              c:/program files (x86)/atmel/studio/7.0/toolchain/arm/arm-gnu-toolchain/bin/../lib/gcc/arm-none-eabi/5.3.1/../../../../arm-none-eabi/lib/armv7e-m\libc.a(lib_a-__call_atexit.o) (atexit)
c:/program files (x86)/atmel/studio/7.0/toolchain/arm/arm-gnu-toolchain/bin/../lib/gcc/arm-none-eabi/5.3.1/../../../../arm-none-eabi/lib/armv7e-m\libc.a(lib_a-fini.o)
                              c:/program files (x86)/atmel/studio/7.0/toolchain/arm/arm-gnu-toolchain/bin/../lib/gcc/arm-none-eabi/5.3.1/../../../../arm-none-eabi/lib/armv7e-m\libc.a(lib_a-__call_atexit.o) (__libc_fini_array)
c:/program files (x86)/atmel/studio/7.0/toolchain/arm/arm-gnu-toolchain/bin/../lib/gcc/arm-none-eabi/5.3.1/../../../../arm-none-eabi/lib/armv7e-m\libc.a(lib_a-__atexit.o)
                              c:/program files (x86)/atmel/studio/7.0/toolchain/arm/arm-gnu-toolchain/bin/../lib/gcc/arm-none-eabi/5.3.1/../../../../arm-none-eabi/lib/armv7e-m\libc.a(lib_a-atexit.o) (__register_exitproc)

Allocating common symbols
Common symbol       size              file

rs485PdcBase        0x4               src/rs485pdc.o
rs485RxBuffer       0x1f40            src/main.o
rs485PdcPkt         0x8               src/rs485pdc.o
pio_capture_enable_flag
                    0x4               src/ASF/sam/drivers/pio/pio.o
rs485TxBuffer       0x1f40            src/main.o

Discarded input sections

 .text          0x00000000        0x0 c:/program files (x86)/atmel/studio/7.0/toolchain/arm/arm-gnu-toolchain/bin/../lib/gcc/arm-none-eabi/5.3.1/armv7e-m/crti.o
 .data          0x00000000        0x0 c:/program files (x86)/atmel/studio/7.0/toolchain/arm/arm-gnu-toolchain/bin/../lib/gcc/arm-none-eabi/5.3.1/armv7e-m/crti.o
[...]
Memory Configuration

Name             Origin             Length             Attributes
rom              0x00400000         0x00200000         xr
ram              0x20000000         0x00028000         xrw
*default*        0x00000000         0xffffffff

Linker script and memory map

LOAD c:/program files (x86)/atmel/studio/7.0/toolchain/arm/arm-gnu-toolchain/bin/../lib/gcc/arm-none-eabi/5.3.1/armv7e-m/crti.o
LOAD c:/program files (x86)/atmel/studio/7.0/toolchain/arm/arm-gnu-toolchain/bin/../lib/gcc/arm-none-eabi/5.3.1/armv7e-m/crtbegin.o
LOAD c:/program files (x86)/atmel/studio/7.0/toolchain/arm/arm-gnu-toolchain/bin/../lib/gcc/arm-none-eabi/5.3.1/../../../../arm-none-eabi/lib/armv7e-m/crt0.o
LOAD src/ASF/sam/drivers/usart/usart.o
LOAD src/rs485pdc.o
LOAD src/ASF/sam/drivers/pio/pio_handler.o
LOAD src/ASF/common/services/delay/sam/cycle_counter.o
LOAD src/ASF/common/services/clock/sam4s/sysclk.o
LOAD src/ASF/common/drivers/nvm/sam/sam_nvm.o
LOAD src/ASF/sam/drivers/efc/efc.o
LOAD src/ASF/sam/drivers/pdc/pdc.o
LOAD src/ASF/sam/drivers/pio/pio.o
LOAD src/ASF/sam/drivers/pmc/pmc.o
LOAD src/ASF/sam/services/flash_efc/flash_efc.o
LOAD src/ASF/sam/drivers/pmc/sleep.o
LOAD src/ASF/common/boards/user_board/init.o
LOAD src/ASF/common/utils/interrupt/interrupt_sam_nvic.o
LOAD src/ASF/sam/utils/cmsis/sam4s/source/templates/gcc/startup_sam4s.o
LOAD src/ASF/sam/utils/cmsis/sam4s/source/templates/system_sam4s.o
LOAD src/ASF/sam/utils/syscalls/gcc/syscalls.o
LOAD src/main.o
START GROUP
LOAD ../src/ASF/thirdparty/CMSIS/Lib/GCC\libarm_cortexM4l_math.a
LOAD c:/program files (x86)/atmel/studio/7.0/toolchain/arm/arm-gnu-toolchain/bin/../lib/gcc/arm-none-eabi/5.3.1/../../../../arm-none-eabi/lib/armv7e-m\libm.a
END GROUP
START GROUP
LOAD c:/program files (x86)/atmel/studio/7.0/toolchain/arm/arm-gnu-toolchain/bin/../lib/gcc/arm-none-eabi/5.3.1/armv7e-m\libgcc.a
LOAD c:/program files (x86)/atmel/studio/7.0/toolchain/arm/arm-gnu-toolchain/bin/../lib/gcc/arm-none-eabi/5.3.1/../../../../arm-none-eabi/lib/armv7e-m\libc.a
END GROUP
LOAD c:/program files (x86)/atmel/studio/7.0/toolchain/arm/arm-gnu-toolchain/bin/../lib/gcc/arm-none-eabi/5.3.1/armv7e-m/crtend.o
LOAD c:/program files (x86)/atmel/studio/7.0/toolchain/arm/arm-gnu-toolchain/bin/../lib/gcc/arm-none-eabi/5.3.1/armv7e-m/crtn.o
                0x00003000                __stack_size__ = DEFINED (__stack_size__)?__stack_size__:0x3000
                0x20027ffc                __ram_end__ = ((ORIGIN (ram) + LENGTH (ram)) - 0x4)

.text           0x00400000     0x1dbc
                0x00400000                . = ALIGN (0x4)
                0x00400000                _sfixed = .
 *(.vectors .vectors.*)
 .vectors       0x00400000       0xcc src/ASF/sam/utils/cmsis/sam4s/source/templates/gcc/startup_sam4s.o
                0x00400000                exception_table
 *(.text .text.* .gnu.linkonce.t.*)
 .text          0x004000cc       0x5c c:/program files (x86)/atmel/studio/7.0/toolchain/arm/arm-gnu-toolchain/bin/../lib/gcc/arm-none-eabi/5.3.1/armv7e-m/crtbegin.o
 .text.usart_set_async_baudrate
                0x00400128       0x88 src/ASF/sam/drivers/usart/usart.o
                0x00400128                usart_set_async_baudrate
 .text.usart_reset
                0x004001b0       0x60 src/ASF/sam/drivers/usart/usart.o
                0x004001b0                usart_reset
 .text.usart_init_rs232
                0x00400210       0x84 src/ASF/sam/drivers/usart/usart.o
                0x00400210                usart_init_rs232
 .text.usart_init_rs485
                0x00400294       0x40 src/ASF/sam/drivers/usart/usart.o
                0x00400294                usart_init_rs485
 .text.usart_enable_tx
                0x004002d4       0x18 src/ASF/sam/drivers/usart/usart.o
                0x004002d4                usart_enable_tx
 .text.usart_reset_tx
                0x004002ec       0x18 src/ASF/sam/drivers/usart/usart.o
                0x004002ec                usart_reset_tx
 .text.usart_enable_rx
                0x00400304       0x18 src/ASF/sam/drivers/usart/usart.o
                0x00400304                usart_enable_rx
 .text.usart_reset_rx
                0x0040031c       0x18 src/ASF/sam/drivers/usart/usart.o
                0x0040031c                usart_reset_rx
 .text.usart_disable_interrupt
                0x00400334       0x1c src/ASF/sam/drivers/usart/usart.o
                0x00400334                usart_disable_interrupt
 .text.usart_get_status
                0x00400350       0x18 src/ASF/sam/drivers/usart/usart.o
                0x00400350                usart_get_status
 .text.usart_reset_status
                0x00400368       0x1c src/ASF/sam/drivers/usart/usart.o
                0x00400368                usart_reset_status
 .text.usart_drive_DTR_pin_high
                0x00400384       0x1c src/ASF/sam/drivers/usart/usart.o
                0x00400384                usart_drive_DTR_pin_high
 .text.usart_drive_RTS_pin_high
                0x004003a0       0x1c src/ASF/sam/drivers/usart/usart.o
                0x004003a0                usart_drive_RTS_pin_high
 .text.usart_get_pdc_base
                0x004003bc       0x48 src/ASF/sam/drivers/usart/usart.o
                0x004003bc                usart_get_pdc_base
 .text.usart_disable_writeprotect
                0x00400404       0x20 src/ASF/sam/drivers/usart/usart.o
                0x00400404                usart_disable_writeprotect
 .text.NVIC_ClearPendingIRQ
                0x00400424       0x34 src/rs485pdc.o
 .text.osc_get_rate
                0x00400458       0x74 src/rs485pdc.o
 .text.sysclk_get_main_hz
                0x004004cc       0x1c src/rs485pdc.o
 .text.sysclk_get_peripheral_hz
                0x004004e8       0x14 src/rs485pdc.o
 .text.sysclk_enable_peripheral_clock
                0x004004fc       0x1c src/rs485pdc.o
 .text.InitRs485Pdc
                0x00400518       0x94 src/rs485pdc.o
                0x00400518                InitRs485Pdc
 .text.USART1_Handler
                0x004005ac       0x64 src/rs485pdc.o
                0x004005ac                USART1_Handler
 .text.Rs485PdcStartTx
                0x00400610       0x44 src/rs485pdc.o
                0x00400610                Rs485PdcStartTx
 .text.Rs485PdcStartRx
                0x00400654       0x44 src/rs485pdc.o
                0x00400654                Rs485PdcStartRx
 .text.pio_handler_process
                0x00400698       0xd4 src/ASF/sam/drivers/pio/pio_handler.o
                0x00400698                pio_handler_process
 .text.PIOA_Handler
                0x0040076c       0x18 src/ASF/sam/drivers/pio/pio_handler.o
                0x0040076c                PIOA_Handler
 .text.PIOB_Handler
                0x00400784       0x18 src/ASF/sam/drivers/pio/pio_handler.o
                0x00400784                PIOB_Handler
 .text.PIOC_Handler
                0x0040079c       0x18 src/ASF/sam/drivers/pio/pio_handler.o
                0x0040079c                PIOC_Handler
 .text.osc_enable
                0x004007b4       0x88 src/ASF/common/services/clock/sam4s/sysclk.o
 .text.osc_is_ready
                0x0040083c       0x70 src/ASF/common/services/clock/sam4s/sysclk.o
 .text.osc_get_rate
                0x004008ac       0x74 src/ASF/common/services/clock/sam4s/sysclk.o
 .text.osc_wait_ready
                0x00400920       0x2c src/ASF/common/services/clock/sam4s/sysclk.o
 .text.pll_config_init
                0x0040094c       0x54 src/ASF/common/services/clock/sam4s/sysclk.o
 .text.pll_enable
                0x004009a0       0x44 src/ASF/common/services/clock/sam4s/sysclk.o
 .text.pll_is_locked
                0x004009e4       0x2c src/ASF/common/services/clock/sam4s/sysclk.o
 .text.pll_enable_source
                0x00400a10       0x38 src/ASF/common/services/clock/sam4s/sysclk.o
 .text.pll_wait_for_lock
                0x00400a48       0x24 src/ASF/common/services/clock/sam4s/sysclk.o
 .text.sysclk_get_main_hz
                0x00400a6c       0x1c src/ASF/common/services/clock/sam4s/sysclk.o
 .text.sysclk_get_cpu_hz
                0x00400a88       0x14 src/ASF/common/services/clock/sam4s/sysclk.o
 .text.sysclk_init
                0x00400a9c       0x70 src/ASF/common/services/clock/sam4s/sysclk.o
                0x00400a9c                sysclk_init
 .text.pdc_tx_init
                0x00400b0c       0x44 src/ASF/sam/drivers/pdc/pdc.o
                0x00400b0c                pdc_tx_init
 .text.pdc_rx_init
                0x00400b50       0x44 src/ASF/sam/drivers/pdc/pdc.o
                0x00400b50                pdc_rx_init
 .text.pdc_enable_transfer
                0x00400b94       0x20 src/ASF/sam/drivers/pdc/pdc.o
                0x00400b94                pdc_enable_transfer
 .text.pdc_read_status
                0x00400bb4       0x18 src/ASF/sam/drivers/pdc/pdc.o
                0x00400bb4                pdc_read_status
 .text.pio_pull_up
                0x00400bcc       0x2c src/ASF/sam/drivers/pio/pio.o
                0x00400bcc                pio_pull_up
 .text.pio_set_peripheral
                0x00400bf8      0x110 src/ASF/sam/drivers/pio/pio.o
                0x00400bf8                pio_set_peripheral
 .text.pio_set_input
                0x00400d08       0x80 src/ASF/sam/drivers/pio/pio.o
                0x00400d08                pio_set_input
 .text.pio_set_output
                0x00400d88       0x64 src/ASF/sam/drivers/pio/pio.o
                0x00400d88                pio_set_output
 .text.pio_disable_interrupt
                0x00400dec       0x1c src/ASF/sam/drivers/pio/pio.o
                0x00400dec                pio_disable_interrupt
 .text.pio_get_interrupt_status
                0x00400e08       0x18 src/ASF/sam/drivers/pio/pio.o
                0x00400e08                pio_get_interrupt_status
 .text.pio_get_interrupt_mask
                0x00400e20       0x18 src/ASF/sam/drivers/pio/pio.o
                0x00400e20                pio_get_interrupt_mask
 .text.pio_toggle_pin
                0x00400e38       0x58 src/ASF/sam/drivers/pio/pio.o
                0x00400e38                pio_toggle_pin
 .text.pio_configure_pin
                0x00400e90      0x1b0 src/ASF/sam/drivers/pio/pio.o
                0x00400e90                pio_configure_pin
 .text.pio_configure_pin_group
                0x00401040      0x12c src/ASF/sam/drivers/pio/pio.o
                0x00401040                pio_configure_pin_group
 .text.pio_get_pin_group
                0x0040116c       0x24 src/ASF/sam/drivers/pio/pio.o
                0x0040116c                pio_get_pin_group
 .text.pmc_switch_mck_to_pllack
                0x00401190       0x80 src/ASF/sam/drivers/pmc/pmc.o
                0x00401190                pmc_switch_mck_to_pllack
 .text.pmc_switch_sclk_to_32kxtal
                0x00401210       0x38 src/ASF/sam/drivers/pmc/pmc.o
                0x00401210                pmc_switch_sclk_to_32kxtal
 .text.pmc_osc_is_ready_32kxtal
                0x00401248       0x34 src/ASF/sam/drivers/pmc/pmc.o
                0x00401248                pmc_osc_is_ready_32kxtal
 .text.pmc_switch_mainck_to_fastrc
                0x0040127c       0x70 src/ASF/sam/drivers/pmc/pmc.o
                0x0040127c                pmc_switch_mainck_to_fastrc
 .text.pmc_switch_mainck_to_xtal
                0x004012ec       0x78 src/ASF/sam/drivers/pmc/pmc.o
                0x004012ec                pmc_switch_mainck_to_xtal
 .text.pmc_osc_is_ready_mainck
                0x00401364       0x18 src/ASF/sam/drivers/pmc/pmc.o
                0x00401364                pmc_osc_is_ready_mainck
 .text.pmc_disable_pllack
                0x0040137c       0x18 src/ASF/sam/drivers/pmc/pmc.o
                0x0040137c                pmc_disable_pllack
 .text.pmc_is_locked_pllack
                0x00401394       0x18 src/ASF/sam/drivers/pmc/pmc.o
                0x00401394                pmc_is_locked_pllack
 .text.pmc_disable_pllbck
                0x004013ac       0x18 src/ASF/sam/drivers/pmc/pmc.o
                0x004013ac                pmc_disable_pllbck
 .text.pmc_is_locked_pllbck
                0x004013c4       0x18 src/ASF/sam/drivers/pmc/pmc.o
                0x004013c4                pmc_is_locked_pllbck
 .text.pmc_enable_periph_clk
                0x004013dc       0x80 src/ASF/sam/drivers/pmc/pmc.o
                0x004013dc                pmc_enable_periph_clk
 .text.board_init
                0x0040145c       0x20 src/ASF/common/boards/user_board/init.o
                0x0040145c                board_init
 .text.Reset_Handler
                0x0040147c       0xc8 src/ASF/sam/utils/cmsis/sam4s/source/templates/gcc/startup_sam4s.o
                0x0040147c                Reset_Handler
 .text.Dummy_Handler
                0x00401544        0x8 src/ASF/sam/utils/cmsis/sam4s/source/templates/gcc/startup_sam4s.o
                0x00401544                DACC_Handler
                0x00401544                DebugMon_Handler
                0x00401544                HardFault_Handler
                0x00401544                TC2_Handler
                0x00401544                SPI_Handler
                0x00401544                SysTick_Handler
                0x00401544                TWI1_Handler
                0x00401544                PendSV_Handler
                0x00401544                NMI_Handler
                0x00401544                ADC_Handler
                0x00401544                CRCCU_Handler
                0x00401544                USART0_Handler
                0x00401544                RTT_Handler
                0x00401544                EFC1_Handler
                0x00401544                RTC_Handler
                0x00401544                UsageFault_Handler
                0x00401544                WDT_Handler
                0x00401544                TC4_Handler
                0x00401544                TC1_Handler
                0x00401544                HSMCI_Handler
                0x00401544                UART1_Handler
                0x00401544                TC3_Handler
                0x00401544                Dummy_Handler
                0x00401544                TWI0_Handler
                0x00401544                SSC_Handler
                0x00401544                EFC0_Handler
                0x00401544                ACC_Handler
                0x00401544                PMC_Handler
                0x00401544                PWM_Handler
                0x00401544                MemManage_Handler
                0x00401544                SUPC_Handler
                0x00401544                SVC_Handler
                0x00401544                UART0_Handler
                0x00401544                UDP_Handler
                0x00401544                BusFault_Handler
                0x00401544                RSTC_Handler
                0x00401544                TC0_Handler
                0x00401544                TC5_Handler
 .text.SystemCoreClockUpdate
                0x0040154c      0x19c src/ASF/sam/utils/cmsis/sam4s/source/templates/system_sam4s.o
                0x0040154c                SystemCoreClockUpdate
 .text.system_init_flash
                0x004016e8       0xc0 src/ASF/sam/utils/cmsis/sam4s/source/templates/system_sam4s.o
                0x004016e8                system_init_flash
 .text.osc_get_rate
                0x004017a8       0x74 src/main.o
 .text.sysclk_get_main_hz
                0x0040181c       0x1c src/main.o
 .text.sysclk_get_cpu_hz
                0x00401838       0x14 src/main.o
 .text.main     0x0040184c       0xd8 src/main.o
                0x0040184c                main
 .text          0x00401924       0x30 c:/program files (x86)/atmel/studio/7.0/toolchain/arm/arm-gnu-toolchain/bin/../lib/gcc/arm-none-eabi/5.3.1/armv7e-m\libgcc.a(_aeabi_uldivmod.o)
                0x00401924                __aeabi_uldivmod
 .text          0x00401954      0x2e4 c:/program files (x86)/atmel/studio/7.0/toolchain/arm/arm-gnu-toolchain/bin/../lib/gcc/arm-none-eabi/5.3.1/armv7e-m\libgcc.a(_udivmoddi4.o)
                0x00401954                __udivmoddi4
 .text          0x00401c38        0x4 c:/program files (x86)/atmel/studio/7.0/toolchain/arm/arm-gnu-toolchain/bin/../lib/gcc/arm-none-eabi/5.3.1/armv7e-m\libgcc.a(_dvmd_tls.o)
                0x00401c38                __aeabi_idiv0
                0x00401c38                __aeabi_ldiv0
 .text.__libc_init_array
                0x00401c3c       0x50 c:/program files (x86)/atmel/studio/7.0/toolchain/arm/arm-gnu-toolchain/bin/../lib/gcc/arm-none-eabi/5.3.1/../../../../arm-none-eabi/lib/armv7e-m\libc.a(lib_a-init.o)
                0x00401c3c                __libc_init_array
 .text.startup.register_fini
                0x00401c8c       0x14 c:/program files (x86)/atmel/studio/7.0/toolchain/arm/arm-gnu-toolchain/bin/../lib/gcc/arm-none-eabi/5.3.1/../../../../arm-none-eabi/lib/armv7e-m\libc.a(lib_a-__call_atexit.o)
 .text.atexit   0x00401ca0        0xc c:/program files (x86)/atmel/studio/7.0/toolchain/arm/arm-gnu-toolchain/bin/../lib/gcc/arm-none-eabi/5.3.1/../../../../arm-none-eabi/lib/armv7e-m\libc.a(lib_a-atexit.o)
                0x00401ca0                atexit
 .text.__libc_fini_array
                0x00401cac       0x28 c:/program files (x86)/atmel/studio/7.0/toolchain/arm/arm-gnu-toolchain/bin/../lib/gcc/arm-none-eabi/5.3.1/../../../../arm-none-eabi/lib/armv7e-m\libc.a(lib_a-fini.o)
                0x00401cac                __libc_fini_array
 .text.__register_exitproc
                0x00401cd4       0xa4 c:/program files (x86)/atmel/studio/7.0/toolchain/arm/arm-gnu-toolchain/bin/../lib/gcc/arm-none-eabi/5.3.1/../../../../arm-none-eabi/lib/armv7e-m\libc.a(lib_a-__atexit.o)
                0x00401cd4                __register_exitproc
 *(.glue_7t)
 .glue_7t       0x00401d78        0x0 linker stubs
 *(.glue_7)
 .glue_7        0x00401d78        0x0 linker stubs
 *(.rodata .rodata* .gnu.linkonce.r.*)
 .rodata        0x00401d78       0x18 src/rs485pdc.o
 .rodata.str1.4
                0x00401d90        0x4 c:/program files (x86)/atmel/studio/7.0/toolchain/arm/arm-gnu-toolchain/bin/../lib/gcc/arm-none-eabi/5.3.1/../../../../arm-none-eabi/lib/armv7e-m\libc.a(lib_a-impure.o)
                                  0x2 (size before relaxing)
 .rodata._global_impure_ptr
                0x00401d94        0x4 c:/program files (x86)/atmel/studio/7.0/toolchain/arm/arm-gnu-toolchain/bin/../lib/gcc/arm-none-eabi/5.3.1/../../../../arm-none-eabi/lib/armv7e-m\libc.a(lib_a-impure.o)
                0x00401d94                _global_impure_ptr
 *(.ARM.extab* .gnu.linkonce.armextab.*)
                0x00401d98                . = ALIGN (0x4)
 *(.init)
 .init          0x00401d98        0x4 c:/program files (x86)/atmel/studio/7.0/toolchain/arm/arm-gnu-toolchain/bin/../lib/gcc/arm-none-eabi/5.3.1/armv7e-m/crti.o
                0x00401d98                _init
 .init          0x00401d9c        0x8 c:/program files (x86)/atmel/studio/7.0/toolchain/arm/arm-gnu-toolchain/bin/../lib/gcc/arm-none-eabi/5.3.1/armv7e-m/crtn.o
                0x00401da4                . = ALIGN (0x4)
                0x00401da4                __preinit_array_start = .
 *(.preinit_array)
                0x00401da4                __preinit_array_end = .
                0x00401da4                . = ALIGN (0x4)
                0x00401da4                __init_array_start = .
 *(SORT(.init_array.*))
 .init_array.00000
                0x00401da4        0x4 c:/program files (x86)/atmel/studio/7.0/toolchain/arm/arm-gnu-toolchain/bin/../lib/gcc/arm-none-eabi/5.3.1/../../../../arm-none-eabi/lib/armv7e-m\libc.a(lib_a-__call_atexit.o)
 *(.init_array)
 .init_array    0x00401da8        0x4 c:/program files (x86)/atmel/studio/7.0/toolchain/arm/arm-gnu-toolchain/bin/../lib/gcc/arm-none-eabi/5.3.1/armv7e-m/crtbegin.o
                0x00401dac                __init_array_end = .
                0x00401dac                . = ALIGN (0x4)
 *crtbegin.o(.ctors)
 *(EXCLUDE_FILE(*crtend.o) .ctors)
 *(SORT(.ctors.*))
 *crtend.o(.ctors)
                0x00401dac                . = ALIGN (0x4)
 *(.fini)
 .fini          0x00401dac        0x4 c:/program files (x86)/atmel/studio/7.0/toolchain/arm/arm-gnu-toolchain/bin/../lib/gcc/arm-none-eabi/5.3.1/armv7e-m/crti.o
                0x00401dac                _fini
 .fini          0x00401db0        0x8 c:/program files (x86)/atmel/studio/7.0/toolchain/arm/arm-gnu-toolchain/bin/../lib/gcc/arm-none-eabi/5.3.1/armv7e-m/crtn.o
                0x00401db8                . = ALIGN (0x4)
                0x00401db8                __fini_array_start = .
 *(.fini_array)
 .fini_array    0x00401db8        0x4 c:/program files (x86)/atmel/studio/7.0/toolchain/arm/arm-gnu-toolchain/bin/../lib/gcc/arm-none-eabi/5.3.1/armv7e-m/crtbegin.o
 *(SORT(.fini_array.*))
                0x00401dbc                __fini_array_end = .
 *crtbegin.o(.dtors)
 *(EXCLUDE_FILE(*crtend.o) .dtors)
 *(SORT(.dtors.*))
 *crtend.o(.dtors)
                0x00401dbc                . = ALIGN (0x4)
                0x00401dbc                _efixed = .
                [!provide]                PROVIDE (__exidx_start, .)

.vfp11_veneer   0x00401dbc        0x0
 .vfp11_veneer  0x00401dbc        0x0 linker stubs

.v4_bx          0x00401dbc        0x0
 .v4_bx         0x00401dbc        0x0 linker stubs

.iplt           0x00401dbc        0x0
 .iplt          0x00401dbc        0x0 c:/program files (x86)/atmel/studio/7.0/toolchain/arm/arm-gnu-toolchain/bin/../lib/gcc/arm-none-eabi/5.3.1/armv7e-m/crtbegin.o

.ARM.exidx      0x00401dbc        0x8
 *(.ARM.exidx* .gnu.linkonce.armexidx.*)
 .ARM.exidx     0x00401dbc        0x8 c:/program files (x86)/atmel/studio/7.0/toolchain/arm/arm-gnu-toolchain/bin/../lib/gcc/arm-none-eabi/5.3.1/armv7e-m\libgcc.a(_udivmoddi4.o)
                [!provide]                PROVIDE (__exidx_end, .)

.eh_frame       0x00401dc4        0x0
 .eh_frame      0x00401dc4        0x0 c:/program files (x86)/atmel/studio/7.0/toolchain/arm/arm-gnu-toolchain/bin/../lib/gcc/arm-none-eabi/5.3.1/armv7e-m/crtbegin.o

.rel.dyn        0x00401dc4        0x0
 .rel.iplt      0x00401dc4        0x0 c:/program files (x86)/atmel/studio/7.0/toolchain/arm/arm-gnu-toolchain/bin/../lib/gcc/arm-none-eabi/5.3.1/armv7e-m/crtbegin.o

.jcr            0x00401dc4        0x0
 .jcr           0x00401dc4        0x0 c:/program files (x86)/atmel/studio/7.0/toolchain/arm/arm-gnu-toolchain/bin/../lib/gcc/arm-none-eabi/5.3.1/armv7e-m/crtbegin.o

.igot.plt       0x00401dc4        0x0
 .igot.plt      0x00401dc4        0x0 c:/program files (x86)/atmel/studio/7.0/toolchain/arm/arm-gnu-toolchain/bin/../lib/gcc/arm-none-eabi/5.3.1/armv7e-m/crtbegin.o
                0x00401dc4                . = ALIGN (0x4)
                0x00401dc4                _etext = .

.relocate       0x20000000      0x440 load address 0x00401dc4
                0x20000000                . = ALIGN (0x4)
                0x20000000                _srelocate = .
 *(.ramfunc .ramfunc.*)
 .ramfunc       0x20000000        0xc src/ASF/common/services/delay/sam/cycle_counter.o
                0x20000000                portable_delay_cycles
 *(.data .data.*)
 .data.txDone   0x2000000c        0x1 src/rs485pdc.o
                0x2000000c                txDone
 .data.rxDone   0x2000000d        0x1 src/rs485pdc.o
                0x2000000d                rxDone
 *fill*         0x2000000e        0x2 
 .data.SystemCoreClock
                0x20000010        0x4 src/ASF/sam/utils/cmsis/sam4s/source/templates/system_sam4s.o
                0x20000010                SystemCoreClock
 *fill*         0x20000014        0x4 
 .data.impure_data
                0x20000018      0x428 c:/program files (x86)/atmel/studio/7.0/toolchain/arm/arm-gnu-toolchain/bin/../lib/gcc/arm-none-eabi/5.3.1/../../../../arm-none-eabi/lib/armv7e-m\libc.a(lib_a-impure.o)
                0x20000440                . = ALIGN (0x4)
                0x20000440                _erelocate = .

.bss            0x20000440     0x3f24 load address 0x00402204
                0x20000440                . = ALIGN (0x4)
                0x20000440                _sbss = .
                0x20000440                _szero = .
 *(.bss .bss.*)
 .bss           0x20000440       0x1c c:/program files (x86)/atmel/studio/7.0/toolchain/arm/arm-gnu-toolchain/bin/../lib/gcc/arm-none-eabi/5.3.1/armv7e-m/crtbegin.o
 .bss.ul_reg_val.7500
                0x2000045c        0x4 src/ASF/sam/drivers/usart/usart.o
 .bss.gs_interrupt_sources
                0x20000460       0x70 src/ASF/sam/drivers/pio/pio_handler.o
 .bss.pio_capture_handler
                0x200004d0        0x4 src/ASF/sam/drivers/pio/pio_handler.o
 *(COMMON)
 COMMON         0x200004d4        0xc src/rs485pdc.o
                0x200004d4                rs485PdcBase
                0x200004d8                rs485PdcPkt
 COMMON         0x200004e0        0x4 src/ASF/sam/drivers/pio/pio.o
                0x200004e0                pio_capture_enable_flag
 COMMON         0x200004e4     0x3e80 src/main.o
                0x200004e4                rs485RxBuffer
                0x20002424                rs485TxBuffer
                0x20004364                . = ALIGN (0x4)
                0x20004364                _ebss = .
                0x20004364                _ezero = .

.stack          0x20004364     0x3004 load address 0x00406128
                0x20004368                . = ALIGN (0x8)
 *fill*         0x20004364        0x4 
                0x20004368                _sstack = .
                0x20007368                . = (. + __stack_size__)
 *fill*         0x20004368     0x3000 
                0x20007368                . = ALIGN (0x8)
                0x20007368                _estack = .
                0x20007368                . = ALIGN (0x4)
                0x20007368                _end = .
OUTPUT(SAMSEPIOMOD.elf elf32-littlearm)

.ARM.attributes
                0x00000000       0x2a
 .ARM.attributes
                0x00000000       0x1e c:/program files (x86)/atmel/studio/7.0/toolchain/arm/arm-gnu-toolchain/bin/../lib/gcc/arm-none-eabi/5.3.1/armv7e-m/crti.o
 .ARM.attributes
                0x0000001e       0x2e c:/program files (x86)/atmel/studio/7.0/toolchain/arm/arm-gnu-toolchain/bin/../lib/gcc/arm-none-eabi/5.3.1/armv7e-m/crtbegin.o
 .ARM.attributes
                0x0000004c       0x33 src/ASF/sam/drivers/usart/usart.o
 .ARM.attributes
                0x0000007f       0x33 src/rs485pdc.o
 .ARM.attributes
                0x000000b2       0x33 src/ASF/sam/drivers/pio/pio_handler.o
 .ARM.attributes
                0x000000e5       0x33 src/ASF/common/services/delay/sam/cycle_counter.o
 .ARM.attributes
                0x00000118       0x33 src/ASF/common/services/clock/sam4s/sysclk.o
 .ARM.attributes
                0x0000014b       0x33 src/ASF/sam/drivers/pdc/pdc.o
 .ARM.attributes
                0x0000017e       0x33 src/ASF/sam/drivers/pio/pio.o
 .ARM.attributes
                0x000001b1       0x33 src/ASF/sam/drivers/pmc/pmc.o
 .ARM.attributes
                0x000001e4       0x33 src/ASF/common/boards/user_board/init.o
 .ARM.attributes
                0x00000217       0x33 src/ASF/sam/utils/cmsis/sam4s/source/templates/gcc/startup_sam4s.o
 .ARM.attributes
                0x0000024a       0x33 src/ASF/sam/utils/cmsis/sam4s/source/templates/system_sam4s.o
 .ARM.attributes
                0x0000027d       0x33 src/main.o
 .ARM.attributes
                0x000002b0       0x1e c:/program files (x86)/atmel/studio/7.0/toolchain/arm/arm-gnu-toolchain/bin/../lib/gcc/arm-none-eabi/5.3.1/armv7e-m\libgcc.a(_aeabi_uldivmod.o)
 .ARM.attributes
                0x000002ce       0x2e c:/program files (x86)/atmel/studio/7.0/toolchain/arm/arm-gnu-toolchain/bin/../lib/gcc/arm-none-eabi/5.3.1/armv7e-m\libgcc.a(_udivmoddi4.o)
 .ARM.attributes
                0x000002fc       0x1e c:/program files (x86)/atmel/studio/7.0/toolchain/arm/arm-gnu-toolchain/bin/../lib/gcc/arm-none-eabi/5.3.1/armv7e-m\libgcc.a(_dvmd_tls.o)
 .ARM.attributes
                0x0000031a       0x2e c:/program files (x86)/atmel/studio/7.0/toolchain/arm/arm-gnu-toolchain/bin/../lib/gcc/arm-none-eabi/5.3.1/../../../../arm-none-eabi/lib/armv7e-m\libc.a(lib_a-impure.o)
 .ARM.attributes
                0x00000348       0x2e c:/program files (x86)/atmel/studio/7.0/toolchain/arm/arm-gnu-toolchain/bin/../lib/gcc/arm-none-eabi/5.3.1/../../../../arm-none-eabi/lib/armv7e-m\libc.a(lib_a-init.o)
 .ARM.attributes
                0x00000376       0x2e c:/program files (x86)/atmel/studio/7.0/toolchain/arm/arm-gnu-toolchain/bin/../lib/gcc/arm-none-eabi/5.3.1/../../../../arm-none-eabi/lib/armv7e-m\libc.a(lib_a-__call_atexit.o)
 .ARM.attributes
                0x000003a4       0x2e c:/program files (x86)/atmel/studio/7.0/toolchain/arm/arm-gnu-toolchain/bin/../lib/gcc/arm-none-eabi/5.3.1/../../../../arm-none-eabi/lib/armv7e-m\libc.a(lib_a-atexit.o)
 .ARM.attributes
                0x000003d2       0x2e c:/program files (x86)/atmel/studio/7.0/toolchain/arm/arm-gnu-toolchain/bin/../lib/gcc/arm-none-eabi/5.3.1/../../../../arm-none-eabi/lib/armv7e-m\libc.a(lib_a-fini.o)
 .ARM.attributes
                0x00000400       0x2e c:/program files (x86)/atmel/studio/7.0/toolchain/arm/arm-gnu-toolchain/bin/../lib/gcc/arm-none-eabi/5.3.1/../../../../arm-none-eabi/lib/armv7e-m\libc.a(lib_a-__atexit.o)
 .ARM.attributes
                0x0000042e       0x1e c:/program files (x86)/atmel/studio/7.0/toolchain/arm/arm-gnu-toolchain/bin/../lib/gcc/arm-none-eabi/5.3.1/armv7e-m/crtn.o

.comment        0x00000000       0x59
 .comment       0x00000000       0x59 src/ASF/sam/drivers/usart/usart.o
                                 0x5a (size before relaxing)
 .comment       0x00000059       0x5a src/rs485pdc.o
 .comment       0x00000059       0x5a src/ASF/sam/drivers/pio/pio_handler.o
 .comment       0x00000059       0x5a src/ASF/common/services/delay/sam/cycle_counter.o
 .comment       0x00000059       0x5a src/ASF/common/services/clock/sam4s/sysclk.o
 .comment       0x00000059       0x5a src/ASF/sam/drivers/pdc/pdc.o
 .comment       0x00000059       0x5a src/ASF/sam/drivers/pio/pio.o
 .comment       0x00000059       0x5a src/ASF/sam/drivers/pmc/pmc.o
 .comment       0x00000059       0x5a src/ASF/common/boards/user_board/init.o
 .comment       0x00000059       0x5a src/ASF/sam/utils/cmsis/sam4s/source/templates/gcc/startup_sam4s.o
 .comment       0x00000059       0x5a src/ASF/sam/utils/cmsis/sam4s/source/templates/system_sam4s.o
 .comment       0x00000059       0x5a src/main.o

.debug_info     0x00000000     0x7158
 .debug_info    0x00000000     0x14b2 src/ASF/sam/drivers/usart/usart.o
 .debug_info    0x000014b2      0x981 src/rs485pdc.o
 .debug_info    0x00001e33      0xe13 src/ASF/sam/drivers/pio/pio_handler.o
 .debug_info    0x00002c46      0x134 src/ASF/common/services/delay/sam/cycle_counter.o
 .debug_info    0x00002d7a      0x691 src/ASF/common/services/clock/sam4s/sysclk.o
 .debug_info    0x0000340b      0x4b3 src/ASF/sam/drivers/pdc/pdc.o
 .debug_info    0x000038be     0x1378 src/ASF/sam/drivers/pio/pio.o
 .debug_info    0x00004c36     0x1108 src/ASF/sam/drivers/pmc/pmc.o
 .debug_info    0x00005d3e      0x6b8 src/ASF/common/boards/user_board/init.o
 .debug_info    0x000063f6      0x696 src/ASF/sam/utils/cmsis/sam4s/source/templates/gcc/startup_sam4s.o
 .debug_info    0x00006a8c      0x46d src/ASF/sam/utils/cmsis/sam4s/source/templates/system_sam4s.o
 .debug_info    0x00006ef9      0x25f src/main.o

.debug_abbrev   0x00000000     0x1201
 .debug_abbrev  0x00000000      0x214 src/ASF/sam/drivers/usart/usart.o
 .debug_abbrev  0x00000214      0x204 src/rs485pdc.o
 .debug_abbrev  0x00000418      0x234 src/ASF/sam/drivers/pio/pio_handler.o
 .debug_abbrev  0x0000064c       0x9d src/ASF/common/services/delay/sam/cycle_counter.o
 .debug_abbrev  0x000006e9      0x1b6 src/ASF/common/services/clock/sam4s/sysclk.o
 .debug_abbrev  0x0000089f      0x12c src/ASF/sam/drivers/pdc/pdc.o
 .debug_abbrev  0x000009cb      0x1cf src/ASF/sam/drivers/pio/pio.o
 .debug_abbrev  0x00000b9a      0x20d src/ASF/sam/drivers/pmc/pmc.o
 .debug_abbrev  0x00000da7       0xf1 src/ASF/common/boards/user_board/init.o
 .debug_abbrev  0x00000e98      0x15f src/ASF/sam/utils/cmsis/sam4s/source/templates/gcc/startup_sam4s.o
 .debug_abbrev  0x00000ff7       0xf5 src/ASF/sam/utils/cmsis/sam4s/source/templates/system_sam4s.o
 .debug_abbrev  0x000010ec      0x115 src/main.o

.debug_loc      0x00000000     0x502c
 .debug_loc     0x00000000     0x17d4 src/ASF/sam/drivers/usart/usart.o
 .debug_loc     0x000017d4      0x36c src/rs485pdc.o
 .debug_loc     0x00001b40      0x390 src/ASF/sam/drivers/pio/pio_handler.o
 .debug_loc     0x00001ed0      0x424 src/ASF/common/services/clock/sam4s/sysclk.o
 .debug_loc     0x000022f4      0x508 src/ASF/sam/drivers/pdc/pdc.o
 .debug_loc     0x000027fc     0x1174 src/ASF/sam/drivers/pio/pio.o
 .debug_loc     0x00003970     0x1468 src/ASF/sam/drivers/pmc/pmc.o
 .debug_loc     0x00004dd8       0x2c src/ASF/common/boards/user_board/init.o
 .debug_loc     0x00004e04       0x64 src/ASF/sam/utils/cmsis/sam4s/source/templates/gcc/startup_sam4s.o
 .debug_loc     0x00004e68       0xe4 src/ASF/sam/utils/cmsis/sam4s/source/templates/system_sam4s.o
 .debug_loc     0x00004f4c       0xe0 src/main.o

.debug_aranges  0x00000000      0x8b8
 .debug_aranges
                0x00000000      0x238 src/ASF/sam/drivers/usart/usart.o
 .debug_aranges
                0x00000238       0x78 src/rs485pdc.o
 .debug_aranges
                0x000002b0       0x78 src/ASF/sam/drivers/pio/pio_handler.o
 .debug_aranges
                0x00000328       0x20 src/ASF/common/services/delay/sam/cycle_counter.o
 .debug_aranges
                0x00000348       0x88 src/ASF/common/services/clock/sam4s/sysclk.o
 .debug_aranges
                0x000003d0       0x88 src/ASF/sam/drivers/pdc/pdc.o
 .debug_aranges
                0x00000458      0x1a8 src/ASF/sam/drivers/pio/pio.o
 .debug_aranges
                0x00000600      0x208 src/ASF/sam/drivers/pmc/pmc.o
 .debug_aranges
                0x00000808       0x20 src/ASF/common/boards/user_board/init.o
 .debug_aranges
                0x00000828       0x28 src/ASF/sam/utils/cmsis/sam4s/source/templates/gcc/startup_sam4s.o
 .debug_aranges
                0x00000850       0x30 src/ASF/sam/utils/cmsis/sam4s/source/templates/system_sam4s.o
 .debug_aranges
                0x00000880       0x38 src/main.o

.debug_ranges   0x00000000      0x7f8
 .debug_ranges  0x00000000      0x228 src/ASF/sam/drivers/usart/usart.o
 .debug_ranges  0x00000228       0x68 src/rs485pdc.o
 .debug_ranges  0x00000290       0x68 src/ASF/sam/drivers/pio/pio_handler.o
 .debug_ranges  0x000002f8       0x10 src/ASF/common/services/delay/sam/cycle_counter.o
 .debug_ranges  0x00000308       0x78 src/ASF/common/services/clock/sam4s/sysclk.o
 .debug_ranges  0x00000380       0x78 src/ASF/sam/drivers/pdc/pdc.o
 .debug_ranges  0x000003f8      0x198 src/ASF/sam/drivers/pio/pio.o
 .debug_ranges  0x00000590      0x1f8 src/ASF/sam/drivers/pmc/pmc.o
 .debug_ranges  0x00000788       0x10 src/ASF/common/boards/user_board/init.o
 .debug_ranges  0x00000798       0x18 src/ASF/sam/utils/cmsis/sam4s/source/templates/gcc/startup_sam4s.o
 .debug_ranges  0x000007b0       0x20 src/ASF/sam/utils/cmsis/sam4s/source/templates/system_sam4s.o
 .debug_ranges  0x000007d0       0x28 src/main.o

.debug_macro    0x00000000    0x12538
 .debug_macro   0x00000000      0x53e src/ASF/sam/drivers/usart/usart.o
 .debug_macro   0x0000053e      0x898 src/ASF/sam/drivers/usart/usart.o
 .debug_macro   0x00000dd6      0x16d src/ASF/sam/drivers/usart/usart.o
 .debug_macro   0x00000f43      0x64b src/ASF/sam/drivers/usart/usart.o
 .debug_macro   0x0000158e       0x76 src/ASF/sam/drivers/usart/usart.o
 .debug_macro   0x00001604       0x16 src/ASF/sam/drivers/usart/usart.o
 .debug_macro   0x0000161a      0x6e4 src/ASF/sam/drivers/usart/usart.o
 .debug_macro   0x00001cfe       0x22 src/ASF/sam/drivers/usart/usart.o
 .debug_macro   0x00001d20       0x87 src/ASF/sam/drivers/usart/usart.o
 .debug_macro   0x00001da7       0x44 src/ASF/sam/drivers/usart/usart.o
 .debug_macro   0x00001deb       0xfd src/ASF/sam/drivers/usart/usart.o
 .debug_macro   0x00001ee8       0x22 src/ASF/sam/drivers/usart/usart.o
 .debug_macro   0x00001f0a      0x1df src/ASF/sam/drivers/usart/usart.o
 .debug_macro   0x000020e9       0x27 src/ASF/sam/drivers/usart/usart.o
 .debug_macro   0x00002110       0x3b src/ASF/sam/drivers/usart/usart.o
 .debug_macro   0x0000214b       0x2d src/ASF/sam/drivers/usart/usart.o
 .debug_macro   0x00002178       0x26 src/ASF/sam/drivers/usart/usart.o
 .debug_macro   0x0000219e      0xbbf src/ASF/sam/drivers/usart/usart.o
 .debug_macro   0x00002d5d      0x159 src/ASF/sam/drivers/usart/usart.o
 .debug_macro   0x00002eb6      0xaaf src/ASF/sam/drivers/usart/usart.o
 .debug_macro   0x00003965      0x1b9 src/ASF/sam/drivers/usart/usart.o
 .debug_macro   0x00003b1e      0x11e src/ASF/sam/drivers/usart/usart.o
 .debug_macro   0x00003c3c       0xac src/ASF/sam/drivers/usart/usart.o
 .debug_macro   0x00003ce8      0x401 src/ASF/sam/drivers/usart/usart.o
 .debug_macro   0x000040e9      0x106 src/ASF/sam/drivers/usart/usart.o
 .debug_macro   0x000041ef       0x1c src/ASF/sam/drivers/usart/usart.o
 .debug_macro   0x0000420b      0x738 src/ASF/sam/drivers/usart/usart.o
 .debug_macro   0x00004943      0x2d2 src/ASF/sam/drivers/usart/usart.o
 .debug_macro   0x00004c15       0xbe src/ASF/sam/drivers/usart/usart.o
 .debug_macro   0x00004cd3     0x280b src/ASF/sam/drivers/usart/usart.o
 .debug_macro   0x000074de      0x777 src/ASF/sam/drivers/usart/usart.o
 .debug_macro   0x00007c55      0xa8e src/ASF/sam/drivers/usart/usart.o
 .debug_macro   0x000086e3       0x9a src/ASF/sam/drivers/usart/usart.o
 .debug_macro   0x0000877d      0x3d8 src/ASF/sam/drivers/usart/usart.o
 .debug_macro   0x00008b55       0x64 src/ASF/sam/drivers/usart/usart.o
 .debug_macro   0x00008bb9      0x1ae src/ASF/sam/drivers/usart/usart.o
 .debug_macro   0x00008d67      0x386 src/ASF/sam/drivers/usart/usart.o
 .debug_macro   0x000090ed      0x624 src/ASF/sam/drivers/usart/usart.o
 .debug_macro   0x00009711      0x690 src/ASF/sam/drivers/usart/usart.o
 .debug_macro   0x00009da1      0x59f src/ASF/sam/drivers/usart/usart.o
 .debug_macro   0x0000a340      0x34d src/ASF/sam/drivers/usart/usart.o
 .debug_macro   0x0000a68d      0x28c src/ASF/sam/drivers/usart/usart.o
 .debug_macro   0x0000a919      0x2d6 src/ASF/sam/drivers/usart/usart.o
 .debug_macro   0x0000abef      0x6d9 src/ASF/sam/drivers/usart/usart.o
 .debug_macro   0x0000b2c8       0x76 src/ASF/sam/drivers/usart/usart.o
 .debug_macro   0x0000b33e       0xb8 src/ASF/sam/drivers/usart/usart.o
 .debug_macro   0x0000b3f6       0xb2 src/ASF/sam/drivers/usart/usart.o
 .debug_macro   0x0000b4a8       0x88 src/ASF/sam/drivers/usart/usart.o
 .debug_macro   0x0000b530      0x105 src/ASF/sam/drivers/usart/usart.o
 .debug_macro   0x0000b635      0x105 src/ASF/sam/drivers/usart/usart.o
 .debug_macro   0x0000b73a       0x88 src/ASF/sam/drivers/usart/usart.o
 .debug_macro   0x0000b7c2       0x88 src/ASF/sam/drivers/usart/usart.o
 .debug_macro   0x0000b84a      0x2cd src/ASF/sam/drivers/usart/usart.o
 .debug_macro   0x0000bb17       0xb2 src/ASF/sam/drivers/usart/usart.o
 .debug_macro   0x0000bbc9       0xb2 src/ASF/sam/drivers/usart/usart.o
 .debug_macro   0x0000bc7b       0x52 src/ASF/sam/drivers/usart/usart.o
 .debug_macro   0x0000bccd       0xac src/ASF/sam/drivers/usart/usart.o
 .debug_macro   0x0000bd79       0x7c src/ASF/sam/drivers/usart/usart.o
 .debug_macro   0x0000bdf5       0x40 src/ASF/sam/drivers/usart/usart.o
 .debug_macro   0x0000be35       0x64 src/ASF/sam/drivers/usart/usart.o
 .debug_macro   0x0000be99       0x46 src/ASF/sam/drivers/usart/usart.o
 .debug_macro   0x0000bedf       0x88 src/ASF/sam/drivers/usart/usart.o
 .debug_macro   0x0000bf67       0x4c src/ASF/sam/drivers/usart/usart.o
 .debug_macro   0x0000bfb3       0xa6 src/ASF/sam/drivers/usart/usart.o
 .debug_macro   0x0000c059       0x7c src/ASF/sam/drivers/usart/usart.o
 .debug_macro   0x0000c0d5       0x16 src/ASF/sam/drivers/usart/usart.o
 .debug_macro   0x0000c0eb       0x7c src/ASF/sam/drivers/usart/usart.o
 .debug_macro   0x0000c167       0x22 src/ASF/sam/drivers/usart/usart.o
 .debug_macro   0x0000c189       0x22 src/ASF/sam/drivers/usart/usart.o
 .debug_macro   0x0000c1ab      0x195 src/ASF/sam/drivers/usart/usart.o
 .debug_macro   0x0000c340      0x165 src/ASF/sam/drivers/usart/usart.o
 .debug_macro   0x0000c4a5      0x165 src/ASF/sam/drivers/usart/usart.o
 .debug_macro   0x0000c60a       0x1c src/ASF/sam/drivers/usart/usart.o
 .debug_macro   0x0000c626       0x2e src/ASF/sam/drivers/usart/usart.o
 .debug_macro   0x0000c654       0x22 src/ASF/sam/drivers/usart/usart.o
 .debug_macro   0x0000c676       0x1c src/ASF/sam/drivers/usart/usart.o
 .debug_macro   0x0000c692       0x52 src/ASF/sam/drivers/usart/usart.o
 .debug_macro   0x0000c6e4       0x10 src/ASF/sam/drivers/usart/usart.o
 .debug_macro   0x0000c6f4      0x234 src/ASF/sam/drivers/usart/usart.o
 .debug_macro   0x0000c928      0x938 src/ASF/sam/drivers/usart/usart.o
 .debug_macro   0x0000d260      0x12a src/ASF/sam/drivers/usart/usart.o
 .debug_macro   0x0000d38a       0x52 src/ASF/sam/drivers/usart/usart.o
 .debug_macro   0x0000d3dc       0x35 src/ASF/sam/drivers/usart/usart.o
 .debug_macro   0x0000d411       0x9c src/ASF/sam/drivers/usart/usart.o
 .debug_macro   0x0000d4ad       0x16 src/ASF/sam/drivers/usart/usart.o
 .debug_macro   0x0000d4c3       0x35 src/ASF/sam/drivers/usart/usart.o
 .debug_macro   0x0000d4f8      0x330 src/ASF/sam/drivers/usart/usart.o
 .debug_macro   0x0000d828       0x10 src/ASF/sam/drivers/usart/usart.o
 .debug_macro   0x0000d838       0x52 src/ASF/sam/drivers/usart/usart.o
 .debug_macro   0x0000d88a       0x16 src/ASF/sam/drivers/usart/usart.o
 .debug_macro   0x0000d8a0       0x43 src/ASF/sam/drivers/usart/usart.o
 .debug_macro   0x0000d8e3      0x187 src/ASF/sam/drivers/usart/usart.o
 .debug_macro   0x0000da6a       0x22 src/ASF/sam/drivers/usart/usart.o
 .debug_macro   0x0000da8c       0x3a src/ASF/sam/drivers/usart/usart.o
 .debug_macro   0x0000dac6       0x10 src/ASF/sam/drivers/usart/usart.o
 .debug_macro   0x0000dad6       0x40 src/ASF/sam/drivers/usart/usart.o
 .debug_macro   0x0000db16       0x6c src/ASF/sam/drivers/usart/usart.o
 .debug_macro   0x0000db82       0x16 src/ASF/sam/drivers/usart/usart.o
 .debug_macro   0x0000db98      0x182 src/ASF/sam/drivers/usart/usart.o
 .debug_macro   0x0000dd1a       0x22 src/ASF/sam/drivers/usart/usart.o
 .debug_macro   0x0000dd3c       0x16 src/ASF/sam/drivers/usart/usart.o
 .debug_macro   0x0000dd52       0x16 src/ASF/sam/drivers/usart/usart.o
 .debug_macro   0x0000dd68       0x29 src/ASF/sam/drivers/usart/usart.o
 .debug_macro   0x0000dd91       0x75 src/ASF/sam/drivers/usart/usart.o
 .debug_macro   0x0000de06       0x3f src/ASF/sam/drivers/usart/usart.o
 .debug_macro   0x0000de45      0x3ca src/ASF/sam/drivers/usart/usart.o
 .debug_macro   0x0000e20f       0x28 src/ASF/sam/drivers/usart/usart.o
 .debug_macro   0x0000e237      0x628 src/rs485pdc.o
 .debug_macro   0x0000e85f       0x2e src/rs485pdc.o
 .debug_macro   0x0000e88d       0x28 src/rs485pdc.o
 .debug_macro   0x0000e8b5       0x28 src/rs485pdc.o
 .debug_macro   0x0000e8dd      0x2c6 src/rs485pdc.o
 .debug_macro   0x0000eba3       0x58 src/rs485pdc.o
 .debug_macro   0x0000ebfb       0x82 src/rs485pdc.o
 .debug_macro   0x0000ec7d       0x46 src/rs485pdc.o
 .debug_macro   0x0000ecc3       0x90 src/rs485pdc.o
 .debug_macro   0x0000ed53       0x28 src/rs485pdc.o
 .debug_macro   0x0000ed7b       0x23 src/rs485pdc.o
 .debug_macro   0x0000ed9e       0x9a src/rs485pdc.o
 .debug_macro   0x0000ee38       0x16 src/rs485pdc.o
 .debug_macro   0x0000ee4e       0x94 src/rs485pdc.o
 .debug_macro   0x0000eee2       0x40 src/rs485pdc.o
 .debug_macro   0x0000ef22       0x88 src/rs485pdc.o
 .debug_macro   0x0000efaa       0x16 src/rs485pdc.o
 .debug_macro   0x0000efc0       0x34 src/rs485pdc.o
 .debug_macro   0x0000eff4       0x2e src/rs485pdc.o
 .debug_macro   0x0000f022      0x518 src/ASF/sam/drivers/pio/pio_handler.o
 .debug_macro   0x0000f53a       0x8e src/ASF/sam/drivers/pio/pio_handler.o
 .debug_macro   0x0000f5c8      0x508 src/ASF/common/services/delay/sam/cycle_counter.o
 .debug_macro   0x0000fad0       0x22 src/ASF/common/services/delay/sam/cycle_counter.o
 .debug_macro   0x0000faf2      0x578 src/ASF/common/services/clock/sam4s/sysclk.o
 .debug_macro   0x0001006a      0x2c0 src/ASF/common/services/clock/sam4s/sysclk.o
 .debug_macro   0x0001032a      0x503 src/ASF/sam/drivers/pdc/pdc.o
 .debug_macro   0x0001082d      0x50e src/ASF/sam/drivers/pio/pio.o
 .debug_macro   0x00010d3b      0x50e src/ASF/sam/drivers/pmc/pmc.o
 .debug_macro   0x00011249       0x52 src/ASF/sam/drivers/pmc/pmc.o
 .debug_macro   0x0001129b      0x61d src/ASF/common/boards/user_board/init.o
 .debug_macro   0x000118b8      0x325 src/ASF/sam/utils/cmsis/sam4s/source/templates/gcc/startup_sam4s.o
 .debug_macro   0x00011bdd      0x32d src/ASF/sam/utils/cmsis/sam4s/source/templates/system_sam4s.o
 .debug_macro   0x00011f0a      0x62e src/main.o

.debug_line     0x00000000     0x9a64
 .debug_line    0x00000000     0x1058 src/ASF/sam/drivers/usart/usart.o
 .debug_line    0x00001058      0xee3 src/rs485pdc.o
 .debug_line    0x00001f3b      0xb9f src/ASF/sam/drivers/pio/pio_handler.o
 .debug_line    0x00002ada      0xa8a src/ASF/common/services/delay/sam/cycle_counter.o
 .debug_line    0x00003564      0xcd4 src/ASF/common/services/clock/sam4s/sysclk.o
 .debug_line    0x00004238      0xb65 src/ASF/sam/drivers/pdc/pdc.o
 .debug_line    0x00004d9d      0xea3 src/ASF/sam/drivers/pio/pio.o
 .debug_line    0x00005c40     0x1088 src/ASF/sam/drivers/pmc/pmc.o
 .debug_line    0x00006cc8      0xdd4 src/ASF/common/boards/user_board/init.o
 .debug_line    0x00007a9c      0x8a1 src/ASF/sam/utils/cmsis/sam4s/source/templates/gcc/startup_sam4s.o
 .debug_line    0x0000833d      0x8e7 src/ASF/sam/utils/cmsis/sam4s/source/templates/system_sam4s.o
 .debug_line    0x00008c24      0xe40 src/main.o

.debug_str      0x00000000    0x4e68d
 .debug_str     0x00000000    0x4a647 src/ASF/sam/drivers/usart/usart.o
                              0x4a9b2 (size before relaxing)
 .debug_str     0x0004a647     0x2625 src/rs485pdc.o
                              0x4c87e (size before relaxing)
 .debug_str     0x0004cc6c      0x472 src/ASF/sam/drivers/pio/pio_handler.o
                              0x4aa48 (size before relaxing)
 .debug_str     0x0004d0de       0x35 src/ASF/common/services/delay/sam/cycle_counter.o
                              0x4a12d (size before relaxing)
 .debug_str     0x0004d113      0x228 src/ASF/common/services/clock/sam4s/sysclk.o
                              0x4b64a (size before relaxing)
 .debug_str     0x0004d33b      0x150 src/ASF/sam/drivers/pdc/pdc.o
                              0x4a16a (size before relaxing)
 .debug_str     0x0004d48b      0x599 src/ASF/sam/drivers/pio/pio.o
                              0x4abcd (size before relaxing)
 .debug_str     0x0004da24      0x6e3 src/ASF/sam/drivers/pmc/pmc.o
                              0x4aa2b (size before relaxing)
 .debug_str     0x0004e107       0x36 src/ASF/common/boards/user_board/init.o
                              0x4c5b2 (size before relaxing)
 .debug_str     0x0004e13d      0x40e src/ASF/sam/utils/cmsis/sam4s/source/templates/gcc/startup_sam4s.o
                              0x3b25d (size before relaxing)
 .debug_str     0x0004e54b       0xf1 src/ASF/sam/utils/cmsis/sam4s/source/templates/system_sam4s.o
                              0x3b026 (size before relaxing)
 .debug_str     0x0004e63c       0x51 src/main.o
                              0x4c3e3 (size before relaxing)

.debug_frame    0x00000000     0x2618
 .debug_frame   0x00000000      0xa7c src/ASF/sam/drivers/usart/usart.o
 .debug_frame   0x00000a7c      0x1b0 src/rs485pdc.o
 .debug_frame   0x00000c2c      0x1c0 src/ASF/sam/drivers/pio/pio_handler.o
 .debug_frame   0x00000dec       0x20 src/ASF/common/services/delay/sam/cycle_counter.o
 .debug_frame   0x00000e0c      0x200 src/ASF/common/services/clock/sam4s/sysclk.o
 .debug_frame   0x0000100c      0x240 src/ASF/sam/drivers/pdc/pdc.o
 .debug_frame   0x0000124c      0x7c0 src/ASF/sam/drivers/pio/pio.o
 .debug_frame   0x00001a0c      0x920 src/ASF/sam/drivers/pmc/pmc.o
 .debug_frame   0x0000232c       0x2c src/ASF/common/boards/user_board/init.o
 .debug_frame   0x00002358       0x48 src/ASF/sam/utils/cmsis/sam4s/source/templates/gcc/startup_sam4s.o
 .debug_frame   0x000023a0       0x78 src/ASF/sam/utils/cmsis/sam4s/source/templates/system_sam4s.o
 .debug_frame   0x00002418       0x9c src/main.o
 .debug_frame   0x000024b4       0x2c c:/program files (x86)/atmel/studio/7.0/toolchain/arm/arm-gnu-toolchain/bin/../lib/gcc/arm-none-eabi/5.3.1/armv7e-m\libgcc.a(_aeabi_uldivmod.o)
 .debug_frame   0x000024e0       0x34 c:/program files (x86)/atmel/studio/7.0/toolchain/arm/arm-gnu-toolchain/bin/../lib/gcc/arm-none-eabi/5.3.1/armv7e-m\libgcc.a(_udivmoddi4.o)
 .debug_frame   0x00002514       0x2c c:/program files (x86)/atmel/studio/7.0/toolchain/arm/arm-gnu-toolchain/bin/../lib/gcc/arm-none-eabi/5.3.1/../../../../arm-none-eabi/lib/armv7e-m\libc.a(lib_a-init.o)
 .debug_frame   0x00002540       0x50 c:/program files (x86)/atmel/studio/7.0/toolchain/arm/arm-gnu-toolchain/bin/../lib/gcc/arm-none-eabi/5.3.1/../../../../arm-none-eabi/lib/armv7e-m\libc.a(lib_a-__call_atexit.o)
 .debug_frame   0x00002590       0x20 c:/program files (x86)/atmel/studio/7.0/toolchain/arm/arm-gnu-toolchain/bin/../lib/gcc/arm-none-eabi/5.3.1/../../../../arm-none-eabi/lib/armv7e-m\libc.a(lib_a-atexit.o)
 .debug_frame   0x000025b0       0x34 c:/program files (x86)/atmel/studio/7.0/toolchain/arm/arm-gnu-toolchain/bin/../lib/gcc/arm-none-eabi/5.3.1/../../../../arm-none-eabi/lib/armv7e-m\libc.a(lib_a-fini.o)
 .debug_frame   0x000025e4       0x34 c:/program files (x86)/atmel/studio/7.0/toolchain/arm/arm-gnu-toolchain/bin/../lib/gcc/arm-none-eabi/5.3.1/../../../../arm-none-eabi/lib/armv7e-m\libc.a(lib_a-__atexit.o)

Cross Reference Table

Symbol                                            File
ACC_Handler                                       src/ASF/sam/utils/cmsis/sam4s/source/templates/gcc/startup_sam4s.o
ADC_Handler                                       src/ASF/sam/utils/cmsis/sam4s/source/templates/gcc/startup_sam4s.o
BusFault_Handler                                  src/ASF/sam/utils/cmsis/sam4s/source/templates/gcc/startup_sam4s.o
CRCCU_Handler                                     src/ASF/sam/utils/cmsis/sam4s/source/templates/gcc/startup_sam4s.o
DACC_Handler                                      src/ASF/sam/utils/cmsis/sam4s/source/templates/gcc/startup_sam4s.o
DebugMon_Handler                                  src/ASF/sam/utils/cmsis/sam4s/source/templates/gcc/startup_sam4s.o
Dummy_Handler                                     src/ASF/sam/utils/cmsis/sam4s/source/templates/gcc/startup_sam4s.o
EFC0_Handler                                      src/ASF/sam/utils/cmsis/sam4s/source/templates/gcc/startup_sam4s.o
EFC1_Handler                                      src/ASF/sam/utils/cmsis/sam4s/source/templates/gcc/startup_sam4s.o
HSMCI_Handler                                     src/ASF/sam/utils/cmsis/sam4s/source/templates/gcc/startup_sam4s.o
HardFault_Handler                                 src/ASF/sam/utils/cmsis/sam4s/source/templates/gcc/startup_sam4s.o
InitRs485Pdc                                      src/rs485pdc.o
                                                  src/main.o
MemManage_Handler                                 src/ASF/sam/utils/cmsis/sam4s/source/templates/gcc/startup_sam4s.o
NMI_Handler                                       src/ASF/sam/utils/cmsis/sam4s/source/templates/gcc/startup_sam4s.o
PIOA_Handler                                      src/ASF/sam/drivers/pio/pio_handler.o
PIOB_Handler                                      src/ASF/sam/drivers/pio/pio_handler.o
PIOC_Handler                                      src/ASF/sam/drivers/pio/pio_handler.o
PMC_Handler                                       src/ASF/sam/utils/cmsis/sam4s/source/templates/gcc/startup_sam4s.o
PWM_Handler                                       src/ASF/sam/utils/cmsis/sam4s/source/templates/gcc/startup_sam4s.o
PendSV_Handler                                    src/ASF/sam/utils/cmsis/sam4s/source/templates/gcc/startup_sam4s.o
RSTC_Handler                                      src/ASF/sam/utils/cmsis/sam4s/source/templates/gcc/startup_sam4s.o
RTC_Handler                                       src/ASF/sam/utils/cmsis/sam4s/source/templates/gcc/startup_sam4s.o
RTT_Handler                                       src/ASF/sam/utils/cmsis/sam4s/source/templates/gcc/startup_sam4s.o
Reset_Handler                                     src/ASF/sam/utils/cmsis/sam4s/source/templates/gcc/startup_sam4s.o
Rs485GetRxBytes                                   src/rs485pdc.o
Rs485PdcGetRxStatus                               src/rs485pdc.o
Rs485PdcGetTxStatus                               src/rs485pdc.o
Rs485PdcStartRx                                   src/rs485pdc.o
                                                  src/main.o
Rs485PdcStartTx                                   src/rs485pdc.o
                                                  src/main.o
SPI_Handler                                       src/ASF/sam/utils/cmsis/sam4s/source/templates/gcc/startup_sam4s.o
SSC_Handler                                       src/ASF/sam/utils/cmsis/sam4s/source/templates/gcc/startup_sam4s.o
SUPC_Handler                                      src/ASF/sam/utils/cmsis/sam4s/source/templates/gcc/startup_sam4s.o
SVC_Handler                                       src/ASF/sam/utils/cmsis/sam4s/source/templates/gcc/startup_sam4s.o
SysTick_Handler                                   src/ASF/sam/utils/cmsis/sam4s/source/templates/gcc/startup_sam4s.o
SystemCoreClock                                   src/ASF/sam/utils/cmsis/sam4s/source/templates/system_sam4s.o
SystemCoreClockUpdate                             src/ASF/sam/utils/cmsis/sam4s/source/templates/system_sam4s.o
                                                  src/ASF/common/services/clock/sam4s/sysclk.o
SystemInit                                        src/ASF/sam/utils/cmsis/sam4s/source/templates/system_sam4s.o
TC0_Handler                                       src/ASF/sam/utils/cmsis/sam4s/source/templates/gcc/startup_sam4s.o
TC1_Handler                                       src/ASF/sam/utils/cmsis/sam4s/source/templates/gcc/startup_sam4s.o
TC2_Handler                                       src/ASF/sam/utils/cmsis/sam4s/source/templates/gcc/startup_sam4s.o
TC3_Handler                                       src/ASF/sam/utils/cmsis/sam4s/source/templates/gcc/startup_sam4s.o
TC4_Handler                                       src/ASF/sam/utils/cmsis/sam4s/source/templates/gcc/startup_sam4s.o
TC5_Handler                                       src/ASF/sam/utils/cmsis/sam4s/source/templates/gcc/startup_sam4s.o
TWI0_Handler                                      src/ASF/sam/utils/cmsis/sam4s/source/templates/gcc/startup_sam4s.o
TWI1_Handler                                      src/ASF/sam/utils/cmsis/sam4s/source/templates/gcc/startup_sam4s.o
UART0_Handler                                     src/ASF/sam/utils/cmsis/sam4s/source/templates/gcc/startup_sam4s.o
UART1_Handler                                     src/ASF/sam/utils/cmsis/sam4s/source/templates/gcc/startup_sam4s.o
UDP_Handler                                       src/ASF/sam/utils/cmsis/sam4s/source/templates/gcc/startup_sam4s.o
USART0_Handler                                    src/ASF/sam/utils/cmsis/sam4s/source/templates/gcc/startup_sam4s.o
USART1_Handler                                    src/rs485pdc.o
UsageFault_Handler                                src/ASF/sam/utils/cmsis/sam4s/source/templates/gcc/startup_sam4s.o
WDT_Handler                                       src/ASF/sam/utils/cmsis/sam4s/source/templates/gcc/startup_sam4s.o
_Jv_RegisterClasses                               c:/program files (x86)/atmel/studio/7.0/toolchain/arm/arm-gnu-toolchain/bin/../lib/gcc/arm-none-eabi/5.3.1/armv7e-m/crtbegin.o
__aeabi_idiv0                                     c:/program files (x86)/atmel/studio/7.0/toolchain/arm/arm-gnu-toolchain/bin/../lib/gcc/arm-none-eabi/5.3.1/armv7e-m\libgcc.a(_dvmd_tls.o)
__aeabi_ldiv0                                     c:/program files (x86)/atmel/studio/7.0/toolchain/arm/arm-gnu-toolchain/bin/../lib/gcc/arm-none-eabi/5.3.1/armv7e-m\libgcc.a(_dvmd_tls.o)
                                                  c:/program files (x86)/atmel/studio/7.0/toolchain/arm/arm-gnu-toolchain/bin/../lib/gcc/arm-none-eabi/5.3.1/armv7e-m\libgcc.a(_aeabi_uldivmod.o)
__aeabi_uldivmod                                  c:/program files (x86)/atmel/studio/7.0/toolchain/arm/arm-gnu-toolchain/bin/../lib/gcc/arm-none-eabi/5.3.1/armv7e-m\libgcc.a(_aeabi_uldivmod.o)
                                                  src/main.o
__bss_end__                                       c:/program files (x86)/atmel/studio/7.0/toolchain/arm/arm-gnu-toolchain/bin/../lib/gcc/arm-none-eabi/5.3.1/../../../../arm-none-eabi/lib/armv7e-m/crt0.o
__bss_start__                                     c:/program files (x86)/atmel/studio/7.0/toolchain/arm/arm-gnu-toolchain/bin/../lib/gcc/arm-none-eabi/5.3.1/../../../../arm-none-eabi/lib/armv7e-m/crt0.o
__call_exitprocs                                  c:/program files (x86)/atmel/studio/7.0/toolchain/arm/arm-gnu-toolchain/bin/../lib/gcc/arm-none-eabi/5.3.1/../../../../arm-none-eabi/lib/armv7e-m\libc.a(lib_a-__call_atexit.o)
                                                  c:/program files (x86)/atmel/studio/7.0/toolchain/arm/arm-gnu-toolchain/bin/../lib/gcc/arm-none-eabi/5.3.1/../../../../arm-none-eabi/lib/armv7e-m\libc.a(lib_a-exit.o)
__deregister_frame_info                           c:/program files (x86)/atmel/studio/7.0/toolchain/arm/arm-gnu-toolchain/bin/../lib/gcc/arm-none-eabi/5.3.1/armv7e-m/crtbegin.o
__dso_handle                                      c:/program files (x86)/atmel/studio/7.0/toolchain/arm/arm-gnu-toolchain/bin/../lib/gcc/arm-none-eabi/5.3.1/armv7e-m/crtbegin.o
__fini_array_end                                  c:/program files (x86)/atmel/studio/7.0/toolchain/arm/arm-gnu-toolchain/bin/../lib/gcc/arm-none-eabi/5.3.1/../../../../arm-none-eabi/lib/armv7e-m\libc.a(lib_a-fini.o)
__fini_array_start                                c:/program files (x86)/atmel/studio/7.0/toolchain/arm/arm-gnu-toolchain/bin/../lib/gcc/arm-none-eabi/5.3.1/../../../../arm-none-eabi/lib/armv7e-m\libc.a(lib_a-fini.o)
__init_array_end                                  c:/program files (x86)/atmel/studio/7.0/toolchain/arm/arm-gnu-toolchain/bin/../lib/gcc/arm-none-eabi/5.3.1/../../../../arm-none-eabi/lib/armv7e-m\libc.a(lib_a-init.o)
__init_array_start                                c:/program files (x86)/atmel/studio/7.0/toolchain/arm/arm-gnu-toolchain/bin/../lib/gcc/arm-none-eabi/5.3.1/../../../../arm-none-eabi/lib/armv7e-m\libc.a(lib_a-init.o)
__libc_fini                                       c:/program files (x86)/atmel/studio/7.0/toolchain/arm/arm-gnu-toolchain/bin/../lib/gcc/arm-none-eabi/5.3.1/../../../../arm-none-eabi/lib/armv7e-m\libc.a(lib_a-__call_atexit.o)
__libc_fini_array                                 c:/program files (x86)/atmel/studio/7.0/toolchain/arm/arm-gnu-toolchain/bin/../lib/gcc/arm-none-eabi/5.3.1/../../../../arm-none-eabi/lib/armv7e-m\libc.a(lib_a-fini.o)
                                                  c:/program files (x86)/atmel/studio/7.0/toolchain/arm/arm-gnu-toolchain/bin/../lib/gcc/arm-none-eabi/5.3.1/../../../../arm-none-eabi/lib/armv7e-m\libc.a(lib_a-__call_atexit.o)
                                                  c:/program files (x86)/atmel/studio/7.0/toolchain/arm/arm-gnu-toolchain/bin/../lib/gcc/arm-none-eabi/5.3.1/../../../../arm-none-eabi/lib/armv7e-m/crt0.o
__libc_init_array                                 c:/program files (x86)/atmel/studio/7.0/toolchain/arm/arm-gnu-toolchain/bin/../lib/gcc/arm-none-eabi/5.3.1/../../../../arm-none-eabi/lib/armv7e-m\libc.a(lib_a-init.o)
                                                  src/ASF/sam/utils/cmsis/sam4s/source/templates/gcc/startup_sam4s.o
                                                  c:/program files (x86)/atmel/studio/7.0/toolchain/arm/arm-gnu-toolchain/bin/../lib/gcc/arm-none-eabi/5.3.1/../../../../arm-none-eabi/lib/armv7e-m/crt0.o
__preinit_array_end                               c:/program files (x86)/atmel/studio/7.0/toolchain/arm/arm-gnu-toolchain/bin/../lib/gcc/arm-none-eabi/5.3.1/../../../../arm-none-eabi/lib/armv7e-m\libc.a(lib_a-init.o)
__preinit_array_start                             c:/program files (x86)/atmel/studio/7.0/toolchain/arm/arm-gnu-toolchain/bin/../lib/gcc/arm-none-eabi/5.3.1/../../../../arm-none-eabi/lib/armv7e-m\libc.a(lib_a-init.o)
__ram_end__                                       src/ASF/sam/utils/syscalls/gcc/syscalls.o
__register_exitproc                               c:/program files (x86)/atmel/studio/7.0/toolchain/arm/arm-gnu-toolchain/bin/../lib/gcc/arm-none-eabi/5.3.1/../../../../arm-none-eabi/lib/armv7e-m\libc.a(lib_a-__atexit.o)
                                                  c:/program files (x86)/atmel/studio/7.0/toolchain/arm/arm-gnu-toolchain/bin/../lib/gcc/arm-none-eabi/5.3.1/../../../../arm-none-eabi/lib/armv7e-m\libc.a(lib_a-atexit.o)
__register_frame_info                             c:/program files (x86)/atmel/studio/7.0/toolchain/arm/arm-gnu-toolchain/bin/../lib/gcc/arm-none-eabi/5.3.1/armv7e-m/crtbegin.o
__stack                                           c:/program files (x86)/atmel/studio/7.0/toolchain/arm/arm-gnu-toolchain/bin/../lib/gcc/arm-none-eabi/5.3.1/../../../../arm-none-eabi/lib/armv7e-m/crt0.o
__udivmoddi4                                      c:/program files (x86)/atmel/studio/7.0/toolchain/arm/arm-gnu-toolchain/bin/../lib/gcc/arm-none-eabi/5.3.1/armv7e-m\libgcc.a(_udivmoddi4.o)
                                                  c:/program files (x86)/atmel/studio/7.0/toolchain/arm/arm-gnu-toolchain/bin/../lib/gcc/arm-none-eabi/5.3.1/armv7e-m\libgcc.a(_aeabi_uldivmod.o)
_close                                            src/ASF/sam/utils/syscalls/gcc/syscalls.o
_end                                              src/ASF/sam/utils/syscalls/gcc/syscalls.o
_erelocate                                        src/ASF/sam/utils/cmsis/sam4s/source/templates/gcc/startup_sam4s.o
_estack                                           src/ASF/sam/utils/cmsis/sam4s/source/templates/gcc/startup_sam4s.o
_etext                                            src/ASF/sam/utils/cmsis/sam4s/source/templates/gcc/startup_sam4s.o
_exit                                             src/ASF/sam/utils/syscalls/gcc/syscalls.o
                                                  c:/program files (x86)/atmel/studio/7.0/toolchain/arm/arm-gnu-toolchain/bin/../lib/gcc/arm-none-eabi/5.3.1/../../../../arm-none-eabi/lib/armv7e-m\libc.a(lib_a-exit.o)
_ezero                                            src/ASF/sam/utils/cmsis/sam4s/source/templates/gcc/startup_sam4s.o
_fini                                             c:/program files (x86)/atmel/studio/7.0/toolchain/arm/arm-gnu-toolchain/bin/../lib/gcc/arm-none-eabi/5.3.1/armv7e-m/crti.o
                                                  c:/program files (x86)/atmel/studio/7.0/toolchain/arm/arm-gnu-toolchain/bin/../lib/gcc/arm-none-eabi/5.3.1/../../../../arm-none-eabi/lib/armv7e-m\libc.a(lib_a-fini.o)
_fstat                                            src/ASF/sam/utils/syscalls/gcc/syscalls.o
_getpid                                           src/ASF/sam/utils/syscalls/gcc/syscalls.o
_global_impure_ptr                                c:/program files (x86)/atmel/studio/7.0/toolchain/arm/arm-gnu-toolchain/bin/../lib/gcc/arm-none-eabi/5.3.1/../../../../arm-none-eabi/lib/armv7e-m\libc.a(lib_a-impure.o)
                                                  c:/program files (x86)/atmel/studio/7.0/toolchain/arm/arm-gnu-toolchain/bin/../lib/gcc/arm-none-eabi/5.3.1/../../../../arm-none-eabi/lib/armv7e-m\libc.a(lib_a-__atexit.o)
                                                  c:/program files (x86)/atmel/studio/7.0/toolchain/arm/arm-gnu-toolchain/bin/../lib/gcc/arm-none-eabi/5.3.1/../../../../arm-none-eabi/lib/armv7e-m\libc.a(lib_a-__call_atexit.o)
                                                  c:/program files (x86)/atmel/studio/7.0/toolchain/arm/arm-gnu-toolchain/bin/../lib/gcc/arm-none-eabi/5.3.1/../../../../arm-none-eabi/lib/armv7e-m\libc.a(lib_a-exit.o)
_impure_ptr                                       c:/program files (x86)/atmel/studio/7.0/toolchain/arm/arm-gnu-toolchain/bin/../lib/gcc/arm-none-eabi/5.3.1/../../../../arm-none-eabi/lib/armv7e-m\libc.a(lib_a-impure.o)
_init                                             c:/program files (x86)/atmel/studio/7.0/toolchain/arm/arm-gnu-toolchain/bin/../lib/gcc/arm-none-eabi/5.3.1/armv7e-m/crti.o
                                                  c:/program files (x86)/atmel/studio/7.0/toolchain/arm/arm-gnu-toolchain/bin/../lib/gcc/arm-none-eabi/5.3.1/../../../../arm-none-eabi/lib/armv7e-m\libc.a(lib_a-init.o)
_isatty                                           src/ASF/sam/utils/syscalls/gcc/syscalls.o
_kill                                             src/ASF/sam/utils/syscalls/gcc/syscalls.o
_lseek                                            src/ASF/sam/utils/syscalls/gcc/syscalls.o
_mainCRTStartup                                   c:/program files (x86)/atmel/studio/7.0/toolchain/arm/arm-gnu-toolchain/bin/../lib/gcc/arm-none-eabi/5.3.1/../../../../arm-none-eabi/lib/armv7e-m/crt0.o
_sbrk                                             src/ASF/sam/utils/syscalls/gcc/syscalls.o
_sfixed                                           src/ASF/sam/utils/cmsis/sam4s/source/templates/gcc/startup_sam4s.o
_srelocate                                        src/ASF/sam/utils/cmsis/sam4s/source/templates/gcc/startup_sam4s.o
_start                                            c:/program files (x86)/atmel/studio/7.0/toolchain/arm/arm-gnu-toolchain/bin/../lib/gcc/arm-none-eabi/5.3.1/../../../../arm-none-eabi/lib/armv7e-m/crt0.o
_szero                                            src/ASF/sam/utils/cmsis/sam4s/source/templates/gcc/startup_sam4s.o
atexit                                            c:/program files (x86)/atmel/studio/7.0/toolchain/arm/arm-gnu-toolchain/bin/../lib/gcc/arm-none-eabi/5.3.1/../../../../arm-none-eabi/lib/armv7e-m\libc.a(lib_a-atexit.o)
                                                  c:/program files (x86)/atmel/studio/7.0/toolchain/arm/arm-gnu-toolchain/bin/../lib/gcc/arm-none-eabi/5.3.1/../../../../arm-none-eabi/lib/armv7e-m\libc.a(lib_a-__call_atexit.o)
                                                  c:/program files (x86)/atmel/studio/7.0/toolchain/arm/arm-gnu-toolchain/bin/../lib/gcc/arm-none-eabi/5.3.1/../../../../arm-none-eabi/lib/armv7e-m/crt0.o
board_init                                        src/ASF/common/boards/user_board/init.o
                                                  src/main.o
cpu_irq_enter_critical                            src/ASF/common/utils/interrupt/interrupt_sam_nvic.o
cpu_irq_leave_critical                            src/ASF/common/utils/interrupt/interrupt_sam_nvic.o
efc_disable_cloe                                  src/ASF/sam/drivers/efc/efc.o
efc_disable_frdy_interrupt                        src/ASF/sam/drivers/efc/efc.o
efc_enable_cloe                                   src/ASF/sam/drivers/efc/efc.o
efc_enable_frdy_interrupt                         src/ASF/sam/drivers/efc/efc.o
efc_get_flash_access_mode                         src/ASF/sam/drivers/efc/efc.o
efc_get_result                                    src/ASF/sam/drivers/efc/efc.o
                                                  src/ASF/sam/services/flash_efc/flash_efc.o
efc_get_status                                    src/ASF/sam/drivers/efc/efc.o
efc_get_wait_state                                src/ASF/sam/drivers/efc/efc.o
                                                  src/ASF/sam/services/flash_efc/flash_efc.o
efc_init                                          src/ASF/sam/drivers/efc/efc.o
                                                  src/ASF/sam/services/flash_efc/flash_efc.o
efc_perform_command                               src/ASF/sam/drivers/efc/efc.o
                                                  src/ASF/sam/services/flash_efc/flash_efc.o
efc_perform_fcr                                   src/ASF/sam/drivers/efc/efc.o
efc_perform_read_sequence                         src/ASF/sam/drivers/efc/efc.o
                                                  src/ASF/sam/services/flash_efc/flash_efc.o
efc_set_flash_access_mode                         src/ASF/sam/drivers/efc/efc.o
efc_set_wait_state                                src/ASF/sam/drivers/efc/efc.o
                                                  src/ASF/sam/services/flash_efc/flash_efc.o
efc_write_fmr                                     src/ASF/sam/drivers/efc/efc.o
exception_table                                   src/ASF/sam/utils/cmsis/sam4s/source/templates/gcc/startup_sam4s.o
exit                                              c:/program files (x86)/atmel/studio/7.0/toolchain/arm/arm-gnu-toolchain/bin/../lib/gcc/arm-none-eabi/5.3.1/../../../../arm-none-eabi/lib/armv7e-m\libc.a(lib_a-exit.o)
                                                  c:/program files (x86)/atmel/studio/7.0/toolchain/arm/arm-gnu-toolchain/bin/../lib/gcc/arm-none-eabi/5.3.1/../../../../arm-none-eabi/lib/armv7e-m/crt0.o
flash_clear_gpnvm                                 src/ASF/sam/services/flash_efc/flash_efc.o
flash_enable_security_bit                         src/ASF/sam/services/flash_efc/flash_efc.o
                                                  src/ASF/common/drivers/nvm/sam/sam_nvm.o
flash_erase_all                                   src/ASF/sam/services/flash_efc/flash_efc.o
flash_erase_page                                  src/ASF/sam/services/flash_efc/flash_efc.o
                                                  src/ASF/common/drivers/nvm/sam/sam_nvm.o
flash_erase_sector                                src/ASF/sam/services/flash_efc/flash_efc.o
flash_erase_user_signature                        src/ASF/sam/services/flash_efc/flash_efc.o
                                                  src/ASF/common/drivers/nvm/sam/sam_nvm.o
flash_get_descriptor                              src/ASF/sam/services/flash_efc/flash_efc.o
flash_get_page_count                              src/ASF/sam/services/flash_efc/flash_efc.o
flash_get_page_count_per_region                   src/ASF/sam/services/flash_efc/flash_efc.o
flash_get_region_count                            src/ASF/sam/services/flash_efc/flash_efc.o
flash_get_wait_state                              src/ASF/sam/services/flash_efc/flash_efc.o
flash_init                                        src/ASF/sam/services/flash_efc/flash_efc.o
flash_is_gpnvm_set                                src/ASF/sam/services/flash_efc/flash_efc.o
flash_is_locked                                   src/ASF/sam/services/flash_efc/flash_efc.o
flash_is_security_bit_enabled                     src/ASF/sam/services/flash_efc/flash_efc.o
flash_lock                                        src/ASF/sam/services/flash_efc/flash_efc.o
flash_read_unique_id                              src/ASF/sam/services/flash_efc/flash_efc.o
flash_read_user_signature                         src/ASF/sam/services/flash_efc/flash_efc.o
                                                  src/ASF/common/drivers/nvm/sam/sam_nvm.o
flash_set_gpnvm                                   src/ASF/sam/services/flash_efc/flash_efc.o
flash_set_wait_state                              src/ASF/sam/services/flash_efc/flash_efc.o
flash_set_wait_state_adaptively                   src/ASF/sam/services/flash_efc/flash_efc.o
flash_unlock                                      src/ASF/sam/services/flash_efc/flash_efc.o
flash_write                                       src/ASF/sam/services/flash_efc/flash_efc.o
                                                  src/ASF/common/drivers/nvm/sam/sam_nvm.o
flash_write_user_signature                        src/ASF/sam/services/flash_efc/flash_efc.o
                                                  src/ASF/common/drivers/nvm/sam/sam_nvm.o
free                                              c:/program files (x86)/atmel/studio/7.0/toolchain/arm/arm-gnu-toolchain/bin/../lib/gcc/arm-none-eabi/5.3.1/../../../../arm-none-eabi/lib/armv7e-m\libc.a(lib_a-__call_atexit.o)
g_interrupt_enabled                               src/ASF/common/utils/interrupt/interrupt_sam_nvic.o
                                                  src/ASF/sam/drivers/pmc/sleep.o
                                                  src/ASF/sam/drivers/efc/efc.o
hardware_init_hook                                c:/program files (x86)/atmel/studio/7.0/toolchain/arm/arm-gnu-toolchain/bin/../lib/gcc/arm-none-eabi/5.3.1/../../../../arm-none-eabi/lib/armv7e-m/crt0.o
link                                              src/ASF/sam/utils/syscalls/gcc/syscalls.o
main                                              src/main.o
                                                  src/ASF/sam/utils/cmsis/sam4s/source/templates/gcc/startup_sam4s.o
                                                  c:/program files (x86)/atmel/studio/7.0/toolchain/arm/arm-gnu-toolchain/bin/../lib/gcc/arm-none-eabi/5.3.1/../../../../arm-none-eabi/lib/armv7e-m/crt0.o
malloc                                            c:/program files (x86)/atmel/studio/7.0/toolchain/arm/arm-gnu-toolchain/bin/../lib/gcc/arm-none-eabi/5.3.1/../../../../arm-none-eabi/lib/armv7e-m\libc.a(lib_a-__atexit.o)
memcpy                                            c:/program files (x86)/atmel/studio/7.0/toolchain/arm/arm-gnu-toolchain/bin/../lib/gcc/arm-none-eabi/5.3.1/../../../../arm-none-eabi/lib/armv7e-m\libc.a(lib_a-memcpy.o)
                                                  src/ASF/sam/services/flash_efc/flash_efc.o
                                                  src/ASF/common/drivers/nvm/sam/sam_nvm.o
memset                                            c:/program files (x86)/atmel/studio/7.0/toolchain/arm/arm-gnu-toolchain/bin/../lib/gcc/arm-none-eabi/5.3.1/../../../../arm-none-eabi/lib/armv7e-m\libc.a(lib_a-memset.o)
                                                  c:/program files (x86)/atmel/studio/7.0/toolchain/arm/arm-gnu-toolchain/bin/../lib/gcc/arm-none-eabi/5.3.1/../../../../arm-none-eabi/lib/armv7e-m/crt0.o
nvm_get_page_size                                 src/ASF/common/drivers/nvm/sam/sam_nvm.o
nvm_get_pagenumber                                src/ASF/common/drivers/nvm/sam/sam_nvm.o
nvm_get_size                                      src/ASF/common/drivers/nvm/sam/sam_nvm.o
nvm_init                                          src/ASF/common/drivers/nvm/sam/sam_nvm.o
nvm_page_erase                                    src/ASF/common/drivers/nvm/sam/sam_nvm.o
nvm_read                                          src/ASF/common/drivers/nvm/sam/sam_nvm.o
nvm_read_char                                     src/ASF/common/drivers/nvm/sam/sam_nvm.o
nvm_set_security_bit                              src/ASF/common/drivers/nvm/sam/sam_nvm.o
nvm_write                                         src/ASF/common/drivers/nvm/sam/sam_nvm.o
nvm_write_char                                    src/ASF/common/drivers/nvm/sam/sam_nvm.o
pdc_disable_transfer                              src/ASF/sam/drivers/pdc/pdc.o
pdc_enable_transfer                               src/ASF/sam/drivers/pdc/pdc.o
                                                  src/rs485pdc.o
pdc_read_rx_counter                               src/ASF/sam/drivers/pdc/pdc.o
pdc_read_rx_next_counter                          src/ASF/sam/drivers/pdc/pdc.o
pdc_read_rx_next_ptr                              src/ASF/sam/drivers/pdc/pdc.o
pdc_read_rx_ptr                                   src/ASF/sam/drivers/pdc/pdc.o
pdc_read_status                                   src/ASF/sam/drivers/pdc/pdc.o
                                                  src/rs485pdc.o
pdc_read_tx_counter                               src/ASF/sam/drivers/pdc/pdc.o
pdc_read_tx_next_counter                          src/ASF/sam/drivers/pdc/pdc.o
pdc_read_tx_next_ptr                              src/ASF/sam/drivers/pdc/pdc.o
pdc_read_tx_ptr                                   src/ASF/sam/drivers/pdc/pdc.o
pdc_rx_clear_cnt                                  src/ASF/sam/drivers/pdc/pdc.o
pdc_rx_init                                       src/ASF/sam/drivers/pdc/pdc.o
                                                  src/rs485pdc.o
pdc_tx_init                                       src/ASF/sam/drivers/pdc/pdc.o
                                                  src/rs485pdc.o
pio_capture_disable                               src/ASF/sam/drivers/pio/pio.o
pio_capture_disable_interrupt                     src/ASF/sam/drivers/pio/pio.o
pio_capture_enable                                src/ASF/sam/drivers/pio/pio.o
pio_capture_enable_flag                           src/ASF/sam/drivers/pio/pio.o
                                                  src/ASF/sam/drivers/pio/pio_handler.o
pio_capture_enable_interrupt                      src/ASF/sam/drivers/pio/pio.o
pio_capture_get_interrupt_mask                    src/ASF/sam/drivers/pio/pio.o
pio_capture_get_interrupt_status                  src/ASF/sam/drivers/pio/pio.o
pio_capture_get_pdc_base                          src/ASF/sam/drivers/pio/pio.o
pio_capture_handler_set                           src/ASF/sam/drivers/pio/pio_handler.o
pio_capture_read                                  src/ASF/sam/drivers/pio/pio.o
pio_capture_set_mode                              src/ASF/sam/drivers/pio/pio.o
pio_clear                                         src/ASF/sam/drivers/pio/pio.o
pio_configure                                     src/ASF/sam/drivers/pio/pio.o
pio_configure_interrupt                           src/ASF/sam/drivers/pio/pio.o
                                                  src/ASF/sam/drivers/pio/pio_handler.o
pio_configure_pin                                 src/ASF/sam/drivers/pio/pio.o
                                                  src/main.o
pio_configure_pin_group                           src/ASF/sam/drivers/pio/pio.o
                                                  src/ASF/common/boards/user_board/init.o
pio_disable_interrupt                             src/ASF/sam/drivers/pio/pio.o
                                                  src/ASF/sam/drivers/pio/pio_handler.o
pio_disable_output_write                          src/ASF/sam/drivers/pio/pio.o
pio_disable_pin_interrupt                         src/ASF/sam/drivers/pio/pio.o
pio_enable_interrupt                              src/ASF/sam/drivers/pio/pio.o
                                                  src/ASF/sam/drivers/pio/pio_handler.o
pio_enable_output_write                           src/ASF/sam/drivers/pio/pio.o
pio_enable_pin_interrupt                          src/ASF/sam/drivers/pio/pio.o
pio_get                                           src/ASF/sam/drivers/pio/pio.o
pio_get_interrupt_mask                            src/ASF/sam/drivers/pio/pio.o
                                                  src/ASF/sam/drivers/pio/pio_handler.o
pio_get_interrupt_status                          src/ASF/sam/drivers/pio/pio.o
                                                  src/ASF/sam/drivers/pio/pio_handler.o
pio_get_multi_driver_status                       src/ASF/sam/drivers/pio/pio.o
pio_get_output_data_status                        src/ASF/sam/drivers/pio/pio.o
pio_get_output_write_status                       src/ASF/sam/drivers/pio/pio.o
pio_get_pin_group                                 src/ASF/sam/drivers/pio/pio.o
                                                  src/ASF/sam/drivers/pio/pio_handler.o
pio_get_pin_group_id                              src/ASF/sam/drivers/pio/pio.o
                                                  src/ASF/sam/drivers/pio/pio_handler.o
pio_get_pin_group_mask                            src/ASF/sam/drivers/pio/pio.o
                                                  src/ASF/sam/drivers/pio/pio_handler.o
pio_get_pin_value                                 src/ASF/sam/drivers/pio/pio.o
pio_get_schmitt_trigger                           src/ASF/sam/drivers/pio/pio.o
pio_get_writeprotect_status                       src/ASF/sam/drivers/pio/pio.o
pio_handler_process                               src/ASF/sam/drivers/pio/pio_handler.o
pio_handler_set                                   src/ASF/sam/drivers/pio/pio_handler.o
pio_handler_set_pin                               src/ASF/sam/drivers/pio/pio_handler.o
pio_handler_set_priority                          src/ASF/sam/drivers/pio/pio_handler.o
pio_pull_down                                     src/ASF/sam/drivers/pio/pio.o
pio_pull_up                                       src/ASF/sam/drivers/pio/pio.o
pio_set                                           src/ASF/sam/drivers/pio/pio.o
pio_set_additional_interrupt_mode                 src/ASF/sam/drivers/pio/pio.o
pio_set_debounce_filter                           src/ASF/sam/drivers/pio/pio.o
pio_set_input                                     src/ASF/sam/drivers/pio/pio.o
pio_set_multi_driver                              src/ASF/sam/drivers/pio/pio.o
pio_set_output                                    src/ASF/sam/drivers/pio/pio.o
pio_set_peripheral                                src/ASF/sam/drivers/pio/pio.o
pio_set_pin_group_high                            src/ASF/sam/drivers/pio/pio.o
pio_set_pin_group_low                             src/ASF/sam/drivers/pio/pio.o
pio_set_pin_high                                  src/ASF/sam/drivers/pio/pio.o
pio_set_pin_low                                   src/ASF/sam/drivers/pio/pio.o
pio_set_schmitt_trigger                           src/ASF/sam/drivers/pio/pio.o
pio_set_writeprotect                              src/ASF/sam/drivers/pio/pio.o
pio_sync_output_write                             src/ASF/sam/drivers/pio/pio.o
pio_toggle_pin                                    src/ASF/sam/drivers/pio/pio.o
                                                  src/main.o
pio_toggle_pin_group                              src/ASF/sam/drivers/pio/pio.o
pmc_clr_fast_startup_input                        src/ASF/sam/drivers/pmc/pmc.o
pmc_disable_all_pck                               src/ASF/sam/drivers/pmc/pmc.o
pmc_disable_all_periph_clk                        src/ASF/sam/drivers/pmc/pmc.o
pmc_disable_clock_failure_detector                src/ASF/sam/drivers/pmc/pmc.o
pmc_disable_interrupt                             src/ASF/sam/drivers/pmc/pmc.o
pmc_disable_pck                                   src/ASF/sam/drivers/pmc/pmc.o
pmc_disable_periph_clk                            src/ASF/sam/drivers/pmc/pmc.o
pmc_disable_pllack                                src/ASF/sam/drivers/pmc/pmc.o
                                                  src/ASF/sam/drivers/pmc/sleep.o
                                                  src/ASF/common/services/clock/sam4s/sysclk.o
pmc_disable_pllbck                                src/ASF/sam/drivers/pmc/pmc.o
                                                  src/ASF/sam/drivers/pmc/sleep.o
                                                  src/ASF/common/services/clock/sam4s/sysclk.o
pmc_disable_udpck                                 src/ASF/sam/drivers/pmc/pmc.o
pmc_enable_all_pck                                src/ASF/sam/drivers/pmc/pmc.o
pmc_enable_all_periph_clk                         src/ASF/sam/drivers/pmc/pmc.o
pmc_enable_backupmode                             src/ASF/sam/drivers/pmc/pmc.o
pmc_enable_clock_failure_detector                 src/ASF/sam/drivers/pmc/pmc.o
pmc_enable_interrupt                              src/ASF/sam/drivers/pmc/pmc.o
pmc_enable_pck                                    src/ASF/sam/drivers/pmc/pmc.o
pmc_enable_periph_clk                             src/ASF/sam/drivers/pmc/pmc.o
                                                  src/rs485pdc.o
pmc_enable_pllack                                 src/ASF/sam/drivers/pmc/pmc.o
pmc_enable_pllbck                                 src/ASF/sam/drivers/pmc/pmc.o
pmc_enable_sleepmode                              src/ASF/sam/drivers/pmc/pmc.o
pmc_enable_udpck                                  src/ASF/sam/drivers/pmc/pmc.o
pmc_enable_waitmode                               src/ASF/sam/drivers/pmc/pmc.o
                                                  src/ASF/sam/drivers/pmc/sleep.o
pmc_get_interrupt_mask                            src/ASF/sam/drivers/pmc/pmc.o
pmc_get_status                                    src/ASF/sam/drivers/pmc/pmc.o
pmc_get_writeprotect_status                       src/ASF/sam/drivers/pmc/pmc.o
pmc_is_locked_pllack                              src/ASF/sam/drivers/pmc/pmc.o
                                                  src/ASF/common/services/clock/sam4s/sysclk.o
pmc_is_locked_pllbck                              src/ASF/sam/drivers/pmc/pmc.o
                                                  src/ASF/common/services/clock/sam4s/sysclk.o
pmc_is_pck_enabled                                src/ASF/sam/drivers/pmc/pmc.o
pmc_is_periph_clk_enabled                         src/ASF/sam/drivers/pmc/pmc.o
pmc_is_wakeup_clocks_restored                     src/ASF/sam/drivers/pmc/sleep.o
pmc_mainck_osc_select                             src/ASF/sam/drivers/pmc/pmc.o
pmc_mck_set_prescaler                             src/ASF/sam/drivers/pmc/pmc.o
                                                  src/ASF/common/services/clock/sam4s/sysclk.o
pmc_mck_set_source                                src/ASF/sam/drivers/pmc/pmc.o
                                                  src/ASF/common/services/clock/sam4s/sysclk.o
pmc_osc_bypass_main_xtal                          src/ASF/sam/drivers/pmc/pmc.o
pmc_osc_disable_fastrc                            src/ASF/sam/drivers/pmc/pmc.o
pmc_osc_disable_main_xtal                         src/ASF/sam/drivers/pmc/pmc.o
pmc_osc_disable_xtal                              src/ASF/sam/drivers/pmc/pmc.o
pmc_osc_enable_fastrc                             src/ASF/sam/drivers/pmc/pmc.o
pmc_osc_enable_main_xtal                          src/ASF/sam/drivers/pmc/pmc.o
pmc_osc_is_bypassed_main_xtal                     src/ASF/sam/drivers/pmc/pmc.o
pmc_osc_is_ready_32kxtal                          src/ASF/sam/drivers/pmc/pmc.o
                                                  src/ASF/common/services/clock/sam4s/sysclk.o
pmc_osc_is_ready_fastrc                           src/ASF/sam/drivers/pmc/pmc.o
pmc_osc_is_ready_main_xtal                        src/ASF/sam/drivers/pmc/pmc.o
pmc_osc_is_ready_mainck                           src/ASF/sam/drivers/pmc/pmc.o
                                                  src/ASF/common/services/clock/sam4s/sysclk.o
pmc_pck_set_prescaler                             src/ASF/sam/drivers/pmc/pmc.o
pmc_pck_set_source                                src/ASF/sam/drivers/pmc/pmc.o
pmc_set_fast_startup_input                        src/ASF/sam/drivers/pmc/pmc.o
pmc_set_flash_in_wait_mode                        src/ASF/sam/drivers/pmc/pmc.o
                                                  src/ASF/sam/drivers/pmc/sleep.o
pmc_set_writeprotect                              src/ASF/sam/drivers/pmc/pmc.o
pmc_sleep                                         src/ASF/sam/drivers/pmc/sleep.o
pmc_switch_mainck_to_fastrc                       src/ASF/sam/drivers/pmc/pmc.o
                                                  src/ASF/common/services/clock/sam4s/sysclk.o
pmc_switch_mainck_to_xtal                         src/ASF/sam/drivers/pmc/pmc.o
                                                  src/ASF/common/services/clock/sam4s/sysclk.o
pmc_switch_mck_to_mainck                          src/ASF/sam/drivers/pmc/pmc.o
pmc_switch_mck_to_pllack                          src/ASF/sam/drivers/pmc/pmc.o
                                                  src/ASF/common/services/clock/sam4s/sysclk.o
pmc_switch_mck_to_pllbck                          src/ASF/sam/drivers/pmc/pmc.o
pmc_switch_mck_to_sclk                            src/ASF/sam/drivers/pmc/pmc.o
pmc_switch_pck_to_mainck                          src/ASF/sam/drivers/pmc/pmc.o
pmc_switch_pck_to_mck                             src/ASF/sam/drivers/pmc/pmc.o
pmc_switch_pck_to_pllack                          src/ASF/sam/drivers/pmc/pmc.o
pmc_switch_pck_to_pllbck                          src/ASF/sam/drivers/pmc/pmc.o
pmc_switch_pck_to_sclk                            src/ASF/sam/drivers/pmc/pmc.o
pmc_switch_sclk_to_32kxtal                        src/ASF/sam/drivers/pmc/pmc.o
                                                  src/ASF/common/services/clock/sam4s/sysclk.o
pmc_switch_udpck_to_pllack                        src/ASF/sam/drivers/pmc/pmc.o
pmc_switch_udpck_to_pllbck                        src/ASF/sam/drivers/pmc/pmc.o
pmc_wait_wakeup_clocks_restore                    src/ASF/sam/drivers/pmc/sleep.o
portable_delay_cycles                             src/ASF/common/services/delay/sam/cycle_counter.o
                                                  src/main.o
rs485PdcBase                                      src/rs485pdc.o
rs485PdcPkt                                       src/rs485pdc.o
rs485RxBuffer                                     src/main.o
rs485TxBuffer                                     src/main.o
rxDone                                            src/rs485pdc.o
software_init_hook                                c:/program files (x86)/atmel/studio/7.0/toolchain/arm/arm-gnu-toolchain/bin/../lib/gcc/arm-none-eabi/5.3.1/../../../../arm-none-eabi/lib/armv7e-m/crt0.o
sysclk_init                                       src/ASF/common/services/clock/sam4s/sysclk.o
                                                  src/main.o
sysclk_set_prescalers                             src/ASF/common/services/clock/sam4s/sysclk.o
sysclk_set_source                                 src/ASF/common/services/clock/sam4s/sysclk.o
system_init_flash                                 src/ASF/sam/utils/cmsis/sam4s/source/templates/system_sam4s.o
                                                  src/ASF/common/services/clock/sam4s/sysclk.o
txDone                                            src/rs485pdc.o
usart_disable_interrupt                           src/ASF/sam/drivers/usart/usart.o
                                                  src/rs485pdc.o
usart_disable_rx                                  src/ASF/sam/drivers/usart/usart.o
usart_disable_tx                                  src/ASF/sam/drivers/usart/usart.o
usart_disable_writeprotect                        src/ASF/sam/drivers/usart/usart.o
usart_drive_DTR_pin_high                          src/ASF/sam/drivers/usart/usart.o
usart_drive_DTR_pin_low                           src/ASF/sam/drivers/usart/usart.o
usart_drive_RTS_pin_high                          src/ASF/sam/drivers/usart/usart.o
usart_drive_RTS_pin_low                           src/ASF/sam/drivers/usart/usart.o
usart_enable_interrupt                            src/ASF/sam/drivers/usart/usart.o
usart_enable_rx                                   src/ASF/sam/drivers/usart/usart.o
                                                  src/rs485pdc.o
usart_enable_tx                                   src/ASF/sam/drivers/usart/usart.o
                                                  src/rs485pdc.o
usart_enable_writeprotect                         src/ASF/sam/drivers/usart/usart.o
usart_get_error_number                            src/ASF/sam/drivers/usart/usart.o
usart_get_interrupt_mask                          src/ASF/sam/drivers/usart/usart.o
usart_get_pdc_base                                src/ASF/sam/drivers/usart/usart.o
                                                  src/rs485pdc.o
usart_get_status                                  src/ASF/sam/drivers/usart/usart.o
                                                  src/rs485pdc.o
usart_get_writeprotect_status                     src/ASF/sam/drivers/usart/usart.o
usart_getchar                                     src/ASF/sam/drivers/usart/usart.o
usart_init_hw_handshaking                         src/ASF/sam/drivers/usart/usart.o
usart_init_irda                                   src/ASF/sam/drivers/usart/usart.o
usart_init_iso7816                                src/ASF/sam/drivers/usart/usart.o
usart_init_modem                                  src/ASF/sam/drivers/usart/usart.o
usart_init_rs232                                  src/ASF/sam/drivers/usart/usart.o
usart_init_rs485                                  src/ASF/sam/drivers/usart/usart.o
                                                  src/rs485pdc.o
usart_init_spi_master                             src/ASF/sam/drivers/usart/usart.o
usart_init_spi_slave                              src/ASF/sam/drivers/usart/usart.o
usart_init_sync_master                            src/ASF/sam/drivers/usart/usart.o
usart_init_sync_slave                             src/ASF/sam/drivers/usart/usart.o
usart_is_rx_buf_end                               src/ASF/sam/drivers/usart/usart.o
usart_is_rx_buf_full                              src/ASF/sam/drivers/usart/usart.o
usart_is_rx_ready                                 src/ASF/sam/drivers/usart/usart.o
usart_is_tx_buf_empty                             src/ASF/sam/drivers/usart/usart.o
usart_is_tx_buf_end                               src/ASF/sam/drivers/usart/usart.o
usart_is_tx_empty                                 src/ASF/sam/drivers/usart/usart.o
usart_is_tx_ready                                 src/ASF/sam/drivers/usart/usart.o
usart_man_disable_drift_compensation              src/ASF/sam/drivers/usart/usart.o
usart_man_enable_drift_compensation               src/ASF/sam/drivers/usart/usart.o
usart_man_set_rx_polarity                         src/ASF/sam/drivers/usart/usart.o
usart_man_set_rx_pre_len                          src/ASF/sam/drivers/usart/usart.o
usart_man_set_rx_pre_pattern                      src/ASF/sam/drivers/usart/usart.o
usart_man_set_tx_polarity                         src/ASF/sam/drivers/usart/usart.o
usart_man_set_tx_pre_len                          src/ASF/sam/drivers/usart/usart.o
usart_man_set_tx_pre_pattern                      src/ASF/sam/drivers/usart/usart.o
usart_putchar                                     src/ASF/sam/drivers/usart/usart.o
usart_read                                        src/ASF/sam/drivers/usart/usart.o
usart_reset                                       src/ASF/sam/drivers/usart/usart.o